-- Install configuration: ""
-- Execute custom install script
-- Up-to-date symlink: /home/lijiaolong/桌面/opencv-practice/alicia_ws/install/alicia_d_moveit/share/ament_index/resource_index/package_run_dependencies/alicia_d_moveit
-- Up-to-date symlink: /home/lijiaolong/桌面/opencv-practice/alicia_ws/install/alicia_d_moveit/share/ament_index/resource_index/parent_prefix_path/alicia_d_moveit
-- Up-to-date symlink: /home/lijiaolong/桌面/opencv-practice/alicia_ws/install/alicia_d_moveit/share/alicia_d_moveit/environment/ament_prefix_path.sh
-- Up-to-date symlink: /home/lijiaolong/桌面/opencv-practice/alicia_ws/install/alicia_d_moveit/share/alicia_d_moveit/environment/ament_prefix_path.dsv
-- Up-to-date symlink: /home/lijiaolong/桌面/opencv-practice/alicia_ws/install/alicia_d_moveit/share/alicia_d_moveit/environment/path.sh
-- Up-to-date symlink: /home/lijiaolong/桌面/opencv-practice/alicia_ws/install/alicia_d_moveit/share/alicia_d_moveit/environment/path.dsv
-- Up-to-date symlink: /home/lijiaolong/桌面/opencv-practice/alicia_ws/install/alicia_d_moveit/share/alicia_d_moveit/local_setup.bash
-- Up-to-date symlink: /home/lijiaolong/桌面/opencv-practice/alicia_ws/install/alicia_d_moveit/share/alicia_d_moveit/local_setup.sh
-- Up-to-date symlink: /home/lijiaolong/桌面/opencv-practice/alicia_ws/install/alicia_d_moveit/share/alicia_d_moveit/local_setup.zsh
-- Up-to-date symlink: /home/lijiaolong/桌面/opencv-practice/alicia_ws/install/alicia_d_moveit/share/alicia_d_moveit/local_setup.dsv
-- Symlinking: /home/lijiaolong/桌面/opencv-practice/alicia_ws/install/alicia_d_moveit/share/alicia_d_moveit/package.dsv
-- Up-to-date symlink: /home/lijiaolong/桌面/opencv-practice/alicia_ws/install/alicia_d_moveit/share/ament_index/resource_index/packages/alicia_d_moveit
-- Up-to-date symlink: /home/lijiaolong/桌面/opencv-practice/alicia_ws/install/alicia_d_moveit/share/alicia_d_moveit/cmake/alicia_d_moveitConfig.cmake
-- Up-to-date symlink: /home/lijiaolong/桌面/opencv-practice/alicia_ws/install/alicia_d_moveit/share/alicia_d_moveit/cmake/alicia_d_moveitConfig-version.cmake
-- Up-to-date symlink: /home/lijiaolong/桌面/opencv-practice/alicia_ws/install/alicia_d_moveit/share/alicia_d_moveit/package.xml
-- Up-to-date symlink: /home/lijiaolong/桌面/opencv-practice/alicia_ws/install/alicia_d_moveit/share/alicia_d_moveit/launch/demo.launch.py
-- Up-to-date symlink: /home/lijiaolong/桌面/opencv-practice/alicia_ws/install/alicia_d_moveit/share/alicia_d_moveit/launch/move_group.launch.py
-- Up-to-date symlink: /home/lijiaolong/桌面/opencv-practice/alicia_ws/install/alicia_d_moveit/share/alicia_d_moveit/launch/moveit_config_builder.py
-- Up-to-date symlink: /home/lijiaolong/桌面/opencv-practice/alicia_ws/install/alicia_d_moveit/share/alicia_d_moveit/launch/moveit_rviz.launch.py
-- Up-to-date symlink: /home/lijiaolong/桌面/opencv-practice/alicia_ws/install/alicia_d_moveit/share/alicia_d_moveit/launch/real_robot.launch.py
-- Up-to-date symlink: /home/lijiaolong/桌面/opencv-practice/alicia_ws/install/alicia_d_moveit/share/alicia_d_moveit/launch/rsp.launch.py
-- Up-to-date symlink: /home/lijiaolong/桌面/opencv-practice/alicia_ws/install/alicia_d_moveit/share/alicia_d_moveit/launch/setup_assistant.launch.py
-- Up-to-date symlink: /home/lijiaolong/桌面/opencv-practice/alicia_ws/install/alicia_d_moveit/share/alicia_d_moveit/launch/spawn_controllers.launch.py
-- Up-to-date symlink: /home/lijiaolong/桌面/opencv-practice/alicia_ws/install/alicia_d_moveit/share/alicia_d_moveit/launch/static_virtual_joint_tfs.launch.py
-- Up-to-date symlink: /home/lijiaolong/桌面/opencv-practice/alicia_ws/install/alicia_d_moveit/share/alicia_d_moveit/launch/warehouse_db.launch.py
-- Up-to-date symlink: /home/lijiaolong/桌面/opencv-practice/alicia_ws/install/alicia_d_moveit/share/alicia_d_moveit/config/Alicia_D_v5_6_gripper_100mm.srdf
-- Up-to-date symlink: /home/lijiaolong/桌面/opencv-practice/alicia_ws/install/alicia_d_moveit/share/alicia_d_moveit/config/Alicia_D_v5_6_gripper_100mm.urdf.xacro
-- Up-to-date symlink: /home/lijiaolong/桌面/opencv-practice/alicia_ws/install/alicia_d_moveit/share/alicia_d_moveit/config/Alicia_D_v5_6_gripper_100mm_demo.urdf.xacro
-- Up-to-date symlink: /home/lijiaolong/桌面/opencv-practice/alicia_ws/install/alicia_d_moveit/share/alicia_d_moveit/config/Alicia_D_v5_6_gripper_50mm.srdf
-- Up-to-date symlink: /home/lijiaolong/桌面/opencv-practice/alicia_ws/install/alicia_d_moveit/share/alicia_d_moveit/config/Alicia_D_v5_6_gripper_50mm.urdf.xacro
-- Up-to-date symlink: /home/lijiaolong/桌面/opencv-practice/alicia_ws/install/alicia_d_moveit/share/alicia_d_moveit/config/Alicia_D_v5_6_gripper_50mm_demo.urdf.xacro
-- Up-to-date symlink: /home/lijiaolong/桌面/opencv-practice/alicia_ws/install/alicia_d_moveit/share/alicia_d_moveit/config/alicia_d_descriptions.ros2_control.fake.xacro
-- Up-to-date symlink: /home/lijiaolong/桌面/opencv-practice/alicia_ws/install/alicia_d_moveit/share/alicia_d_moveit/config/alicia_d_descriptions.ros2_control.xacro
-- Up-to-date symlink: /home/lijiaolong/桌面/opencv-practice/alicia_ws/install/alicia_d_moveit/share/alicia_d_moveit/config/alicia_d_descriptions.srdf
-- Up-to-date symlink: /home/lijiaolong/桌面/opencv-practice/alicia_ws/install/alicia_d_moveit/share/alicia_d_moveit/config/alicia_d_descriptions.urdf.xacro
-- Up-to-date symlink: /home/lijiaolong/桌面/opencv-practice/alicia_ws/install/alicia_d_moveit/share/alicia_d_moveit/config/demo.rviz
-- Up-to-date symlink: /home/lijiaolong/桌面/opencv-practice/alicia_ws/install/alicia_d_moveit/share/alicia_d_moveit/config/initial_positions.yaml
-- Up-to-date symlink: /home/lijiaolong/桌面/opencv-practice/alicia_ws/install/alicia_d_moveit/share/alicia_d_moveit/config/joint_limits.yaml
-- Up-to-date symlink: /home/lijiaolong/桌面/opencv-practice/alicia_ws/install/alicia_d_moveit/share/alicia_d_moveit/config/kinematics.yaml
-- Up-to-date symlink: /home/lijiaolong/桌面/opencv-practice/alicia_ws/install/alicia_d_moveit/share/alicia_d_moveit/config/moveit.rviz
-- Up-to-date symlink: /home/lijiaolong/桌面/opencv-practice/alicia_ws/install/alicia_d_moveit/share/alicia_d_moveit/config/moveit_controllers.yaml
-- Up-to-date symlink: /home/lijiaolong/桌面/opencv-practice/alicia_ws/install/alicia_d_moveit/share/alicia_d_moveit/config/pilz_cartesian_limits.yaml
-- Up-to-date symlink: /home/lijiaolong/桌面/opencv-practice/alicia_ws/install/alicia_d_moveit/share/alicia_d_moveit/config/ros2_controllers.yaml
-- Up-to-date symlink: /home/lijiaolong/桌面/opencv-practice/alicia_ws/install/alicia_d_moveit/share/alicia_d_moveit/config/sensors_3d.yaml
-- Up-to-date symlink: /home/lijiaolong/桌面/opencv-practice/alicia_ws/install/alicia_d_moveit/share/alicia_d_moveit/.setup_assistant
