[0.012s] Invoking command in '/home/lijiaolong/桌面/opencv-practice/alicia_ws/build/alicia_d_cube_sort': CMAKE_PREFIX_PATH=${CMAKE_PREFIX_PATH}:/opt/ros/jazzy DEBUGINFOD_URLS=https://debuginfod.ubuntu.com /usr/bin/cmake --build /home/lijiaolong/桌面/opencv-practice/alicia_ws/build/alicia_d_cube_sort -- -j24 -l24
[0.046s] Built target ament_cmake_python_symlink_alicia_d_cube_sort
[0.165s] running egg_info
[0.177s] writing alicia_d_cube_sort.egg-info/PKG-INFO
[0.177s] writing dependency_links to alicia_d_cube_sort.egg-info/dependency_links.txt
[0.177s] writing top-level names to alicia_d_cube_sort.egg-info/top_level.txt
[0.209s] reading manifest file 'alicia_d_cube_sort.egg-info/SOURCES.txt'
[0.210s] writing manifest file 'alicia_d_cube_sort.egg-info/SOURCES.txt'
[0.229s] Built target ament_cmake_python_build_alicia_d_cube_sort_egg
[0.237s] Invoked command in '/home/lijiaolong/桌面/opencv-practice/alicia_ws/build/alicia_d_cube_sort' returned '0': CMAKE_PREFIX_PATH=${CMAKE_PREFIX_PATH}:/opt/ros/jazzy DEBUGINFOD_URLS=https://debuginfod.ubuntu.com /usr/bin/cmake --build /home/lijiaolong/桌面/opencv-practice/alicia_ws/build/alicia_d_cube_sort -- -j24 -l24
[0.238s] Invoking command in '/home/lijiaolong/桌面/opencv-practice/alicia_ws/build/alicia_d_cube_sort': CMAKE_PREFIX_PATH=${CMAKE_PREFIX_PATH}:/opt/ros/jazzy DEBUGINFOD_URLS=https://debuginfod.ubuntu.com /usr/bin/cmake --install /home/lijiaolong/桌面/opencv-practice/alicia_ws/build/alicia_d_cube_sort
[0.243s] -- Install configuration: ""
[0.244s] -- Execute custom install script
[0.244s] -- Up-to-date symlink: /home/lijiaolong/桌面/opencv-practice/alicia_ws/install/alicia_d_cube_sort/share/alicia_d_cube_sort/environment/pythonpath.sh
[0.244s] -- Up-to-date symlink: /home/lijiaolong/桌面/opencv-practice/alicia_ws/install/alicia_d_cube_sort/share/alicia_d_cube_sort/environment/pythonpath.dsv
[0.244s] -- Up-to-date symlink: /home/lijiaolong/桌面/opencv-practice/alicia_ws/install/alicia_d_cube_sort/lib/python3.12/site-packages/alicia_d_cube_sort-1.0.0-py3.12.egg-info/PKG-INFO
[0.244s] -- Up-to-date symlink: /home/lijiaolong/桌面/opencv-practice/alicia_ws/install/alicia_d_cube_sort/lib/python3.12/site-packages/alicia_d_cube_sort-1.0.0-py3.12.egg-info/SOURCES.txt
[0.244s] -- Up-to-date symlink: /home/lijiaolong/桌面/opencv-practice/alicia_ws/install/alicia_d_cube_sort/lib/python3.12/site-packages/alicia_d_cube_sort-1.0.0-py3.12.egg-info/dependency_links.txt
[0.244s] -- Up-to-date symlink: /home/lijiaolong/桌面/opencv-practice/alicia_ws/install/alicia_d_cube_sort/lib/python3.12/site-packages/alicia_d_cube_sort-1.0.0-py3.12.egg-info/top_level.txt
[0.245s] -- Up-to-date symlink: /home/lijiaolong/桌面/opencv-practice/alicia_ws/install/alicia_d_cube_sort/lib/python3.12/site-packages/alicia_d_cube_sort/__init__.py
[0.245s] -- Up-to-date symlink: /home/lijiaolong/桌面/opencv-practice/alicia_ws/install/alicia_d_cube_sort/lib/python3.12/site-packages/alicia_d_cube_sort/utils/__init__.py
[0.245s] -- Up-to-date symlink: /home/lijiaolong/桌面/opencv-practice/alicia_ws/install/alicia_d_cube_sort/lib/python3.12/site-packages/alicia_d_cube_sort/utils/color_detection.py
[0.245s] -- Up-to-date symlink: /home/lijiaolong/桌面/opencv-practice/alicia_ws/install/alicia_d_cube_sort/lib/python3.12/site-packages/alicia_d_cube_sort/utils/plane_estimation.py
[0.245s] -- Up-to-date symlink: /home/lijiaolong/桌面/opencv-practice/alicia_ws/install/alicia_d_cube_sort/lib/alicia_d_cube_sort/cube_detection.py
[0.245s] -- Up-to-date symlink: /home/lijiaolong/桌面/opencv-practice/alicia_ws/install/alicia_d_cube_sort/lib/alicia_d_cube_sort/cube_sorting.py
[0.245s] -- Up-to-date symlink: /home/lijiaolong/桌面/opencv-practice/alicia_ws/install/alicia_d_cube_sort/share/alicia_d_cube_sort/config/cube_sorting.yaml
[0.245s] -- Up-to-date symlink: /home/lijiaolong/桌面/opencv-practice/alicia_ws/install/alicia_d_cube_sort/share/alicia_d_cube_sort/launch/cube_detection.launch.py
[0.245s] -- Up-to-date symlink: /home/lijiaolong/桌面/opencv-practice/alicia_ws/install/alicia_d_cube_sort/share/alicia_d_cube_sort/launch/cube_sorting.launch.py
[0.245s] -- Up-to-date symlink: /home/lijiaolong/桌面/opencv-practice/alicia_ws/install/alicia_d_cube_sort/share/ament_index/resource_index/package_run_dependencies/alicia_d_cube_sort
[0.246s] -- Up-to-date symlink: /home/lijiaolong/桌面/opencv-practice/alicia_ws/install/alicia_d_cube_sort/share/ament_index/resource_index/parent_prefix_path/alicia_d_cube_sort
[0.246s] -- Up-to-date symlink: /home/lijiaolong/桌面/opencv-practice/alicia_ws/install/alicia_d_cube_sort/share/alicia_d_cube_sort/environment/ament_prefix_path.sh
[0.246s] -- Up-to-date symlink: /home/lijiaolong/桌面/opencv-practice/alicia_ws/install/alicia_d_cube_sort/share/alicia_d_cube_sort/environment/ament_prefix_path.dsv
[0.246s] -- Up-to-date symlink: /home/lijiaolong/桌面/opencv-practice/alicia_ws/install/alicia_d_cube_sort/share/alicia_d_cube_sort/environment/path.sh
[0.246s] -- Up-to-date symlink: /home/lijiaolong/桌面/opencv-practice/alicia_ws/install/alicia_d_cube_sort/share/alicia_d_cube_sort/environment/path.dsv
[0.246s] -- Up-to-date symlink: /home/lijiaolong/桌面/opencv-practice/alicia_ws/install/alicia_d_cube_sort/share/alicia_d_cube_sort/local_setup.bash
[0.246s] -- Up-to-date symlink: /home/lijiaolong/桌面/opencv-practice/alicia_ws/install/alicia_d_cube_sort/share/alicia_d_cube_sort/local_setup.sh
[0.246s] -- Up-to-date symlink: /home/lijiaolong/桌面/opencv-practice/alicia_ws/install/alicia_d_cube_sort/share/alicia_d_cube_sort/local_setup.zsh
[0.246s] -- Up-to-date symlink: /home/lijiaolong/桌面/opencv-practice/alicia_ws/install/alicia_d_cube_sort/share/alicia_d_cube_sort/local_setup.dsv
[0.246s] -- Symlinking: /home/lijiaolong/桌面/opencv-practice/alicia_ws/install/alicia_d_cube_sort/share/alicia_d_cube_sort/package.dsv
[0.252s] -- Up-to-date symlink: /home/lijiaolong/桌面/opencv-practice/alicia_ws/install/alicia_d_cube_sort/share/ament_index/resource_index/packages/alicia_d_cube_sort
[0.253s] -- Up-to-date symlink: /home/lijiaolong/桌面/opencv-practice/alicia_ws/install/alicia_d_cube_sort/share/alicia_d_cube_sort/cmake/alicia_d_cube_sortConfig.cmake
[0.253s] -- Up-to-date symlink: /home/lijiaolong/桌面/opencv-practice/alicia_ws/install/alicia_d_cube_sort/share/alicia_d_cube_sort/cmake/alicia_d_cube_sortConfig-version.cmake
[0.253s] -- Up-to-date symlink: /home/lijiaolong/桌面/opencv-practice/alicia_ws/install/alicia_d_cube_sort/share/alicia_d_cube_sort/package.xml
[0.273s] Listing '/home/lijiaolong/桌面/opencv-practice/alicia_ws/install/alicia_d_cube_sort/lib/python3.12/site-packages/alicia_d_cube_sort'...
[0.273s] Listing '/home/lijiaolong/桌面/opencv-practice/alicia_ws/install/alicia_d_cube_sort/lib/python3.12/site-packages/alicia_d_cube_sort/utils'...
[0.286s] Invoked command in '/home/lijiaolong/桌面/opencv-practice/alicia_ws/build/alicia_d_cube_sort' returned '0': CMAKE_PREFIX_PATH=${CMAKE_PREFIX_PATH}:/opt/ros/jazzy DEBUGINFOD_URLS=https://debuginfod.ubuntu.com /usr/bin/cmake --install /home/lijiaolong/桌面/opencv-practice/alicia_ws/build/alicia_d_cube_sort
