[ 12%] Building CXX object CMakeFiles/serial_communicator_lib.dir/src/serial_communicator.cpp.o
[ 25%] Linking CXX shared library libserial_communicator_lib.so
[ 25%] Built target serial_communicator_lib
[ 37%] Building CXX object CMakeFiles/alicia_d_data_parser_control_lib.dir/src/alicia_d_data_parser_control.cpp.o
[ 50%] Linking CXX shared library libalicia_d_data_parser_control_lib.so
[ 50%] Built target alicia_d_data_parser_control_lib
[ 75%] Building CXX object CMakeFiles/alicia_d_driver_node.dir/src/alicia_d_driver_node.cpp.o
[ 75%] Building CXX object CMakeFiles/alicia_d_hardware_interface.dir/src/alicia_d_hardware_interface.cpp.o
/home/lijiaolong/桌面/opencv-practice/alicia_ws/src/alicia_d_driver/src/alicia_d_hardware_interface.cpp: In member function ‘virtual alicia_d_driver::CallbackReturn alicia_d_driver::AliciaDHardwareInterface::on_init(const hardware_interface::HardwareInfo&)’:
/home/lijiaolong/桌面/opencv-practice/alicia_ws/src/alicia_d_driver/src/alicia_d_hardware_interface.cpp:15:51: warning: ‘virtual rclcpp_lifecycle::node_interfaces::LifecycleNodeInterface::CallbackReturn hardware_interface::HardwareComponentInterface::on_init(const hardware_interface::HardwareInfo&)’ is deprecated: Use on_init(const HardwareComponentInterfaceParams & params) instead. [-Wdeprecated-declarations]
   15 |   if (hardware_interface::SystemInterface::on_init(info) != CallbackReturn::SUCCESS)
      |       ~~~~~~~~~~~~~~~~~~~~~~~~~~~~~~~~~~~~~~~~~~~~^~~~~~
In file included from /opt/ros/jazzy/include/hardware_interface/hardware_interface/system_interface.hpp:18,
                 from /home/lijiaolong/桌面/opencv-practice/alicia_ws/src/alicia_d_driver/include/alicia_d_driver/alicia_d_hardware_interface.hpp:11,
                 from /home/lijiaolong/桌面/opencv-practice/alicia_ws/src/alicia_d_driver/src/alicia_d_hardware_interface.cpp:1:
/opt/ros/jazzy/include/hardware_interface/hardware_interface/hardware_component_interface.hpp:140:26: note: declared here
  140 |   virtual CallbackReturn on_init(const HardwareInfo & hardware_info);
      |                          ^~~~~~~
[ 87%] Linking CXX shared library libalicia_d_hardware_interface.so
[ 87%] Built target alicia_d_hardware_interface
[100%] Linking CXX executable alicia_d_driver_node
[100%] Built target alicia_d_driver_node
-- Install configuration: ""
-- Execute custom install script
-- Up-to-date symlink: /home/lijiaolong/桌面/opencv-practice/alicia_ws/install/alicia_d_driver/share/alicia_d_driver//alicia_d_driver.xml
-- Up-to-date symlink: /home/lijiaolong/桌面/opencv-practice/alicia_ws/install/alicia_d_driver/include/alicia_d_driver/alicia_d_driver/alicia_d_data_parser_control.hpp
-- Up-to-date symlink: /home/lijiaolong/桌面/opencv-practice/alicia_ws/install/alicia_d_driver/include/alicia_d_driver/alicia_d_driver/alicia_d_driver_node.hpp
-- Up-to-date symlink: /home/lijiaolong/桌面/opencv-practice/alicia_ws/install/alicia_d_driver/include/alicia_d_driver/alicia_d_driver/alicia_d_hardware_interface.hpp
-- Up-to-date symlink: /home/lijiaolong/桌面/opencv-practice/alicia_ws/install/alicia_d_driver/include/alicia_d_driver/alicia_d_driver/serial_communicator.hpp
-- Up-to-date symlink: /home/lijiaolong/桌面/opencv-practice/alicia_ws/install/alicia_d_driver/share/alicia_d_driver/alicia_d_driver.launch.py
-- Up-to-date symlink: /home/lijiaolong/桌面/opencv-practice/alicia_ws/install/alicia_d_driver/share/alicia_d_driver/alicia_d_driver.xml
-- Up-to-date symlink: /home/lijiaolong/桌面/opencv-practice/alicia_ws/install/alicia_d_driver/lib/alicia_d_driver/alicia_d_driver_node
-- Up-to-date symlink: /home/lijiaolong/桌面/opencv-practice/alicia_ws/install/alicia_d_driver/share/alicia_d_driver/environment/library_path.sh
-- Up-to-date symlink: /home/lijiaolong/桌面/opencv-practice/alicia_ws/install/alicia_d_driver/share/alicia_d_driver/environment/library_path.dsv
-- Up-to-date symlink: /home/lijiaolong/桌面/opencv-practice/alicia_ws/install/alicia_d_driver/share/ament_index/resource_index/package_run_dependencies/alicia_d_driver
-- Up-to-date symlink: /home/lijiaolong/桌面/opencv-practice/alicia_ws/install/alicia_d_driver/share/ament_index/resource_index/parent_prefix_path/alicia_d_driver
-- Up-to-date symlink: /home/lijiaolong/桌面/opencv-practice/alicia_ws/install/alicia_d_driver/share/alicia_d_driver/environment/ament_prefix_path.sh
-- Up-to-date symlink: /home/lijiaolong/桌面/opencv-practice/alicia_ws/install/alicia_d_driver/share/alicia_d_driver/environment/ament_prefix_path.dsv
-- Up-to-date symlink: /home/lijiaolong/桌面/opencv-practice/alicia_ws/install/alicia_d_driver/share/alicia_d_driver/environment/path.sh
-- Up-to-date symlink: /home/lijiaolong/桌面/opencv-practice/alicia_ws/install/alicia_d_driver/share/alicia_d_driver/environment/path.dsv
-- Up-to-date symlink: /home/lijiaolong/桌面/opencv-practice/alicia_ws/install/alicia_d_driver/share/alicia_d_driver/local_setup.bash
-- Up-to-date symlink: /home/lijiaolong/桌面/opencv-practice/alicia_ws/install/alicia_d_driver/share/alicia_d_driver/local_setup.sh
-- Up-to-date symlink: /home/lijiaolong/桌面/opencv-practice/alicia_ws/install/alicia_d_driver/share/alicia_d_driver/local_setup.zsh
-- Up-to-date symlink: /home/lijiaolong/桌面/opencv-practice/alicia_ws/install/alicia_d_driver/share/alicia_d_driver/local_setup.dsv
-- Symlinking: /home/lijiaolong/桌面/opencv-practice/alicia_ws/install/alicia_d_driver/share/alicia_d_driver/package.dsv
-- Up-to-date symlink: /home/lijiaolong/桌面/opencv-practice/alicia_ws/install/alicia_d_driver/share/ament_index/resource_index/packages/alicia_d_driver
-- Up-to-date symlink: /home/lijiaolong/桌面/opencv-practice/alicia_ws/install/alicia_d_driver/share/ament_index/resource_index/hardware_interface__pluginlib__plugin/alicia_d_driver
-- Up-to-date symlink: /home/lijiaolong/桌面/opencv-practice/alicia_ws/install/alicia_d_driver/share/alicia_d_driver/cmake/ament_cmake_export_targets-extras.cmake
-- Up-to-date symlink: /home/lijiaolong/桌面/opencv-practice/alicia_ws/install/alicia_d_driver/share/alicia_d_driver/cmake/ament_cmake_export_dependencies-extras.cmake
-- Up-to-date symlink: /home/lijiaolong/桌面/opencv-practice/alicia_ws/install/alicia_d_driver/share/alicia_d_driver/cmake/alicia_d_driverConfig.cmake
-- Up-to-date symlink: /home/lijiaolong/桌面/opencv-practice/alicia_ws/install/alicia_d_driver/share/alicia_d_driver/cmake/alicia_d_driverConfig-version.cmake
-- Up-to-date symlink: /home/lijiaolong/桌面/opencv-practice/alicia_ws/install/alicia_d_driver/share/alicia_d_driver/package.xml
-- Installing: /home/lijiaolong/桌面/opencv-practice/alicia_ws/install/alicia_d_driver/lib/libalicia_d_hardware_interface.so
-- Set non-toolchain portion of runtime path of "/home/lijiaolong/桌面/opencv-practice/alicia_ws/install/alicia_d_driver/lib/libalicia_d_hardware_interface.so" to ""
-- Installing: /home/lijiaolong/桌面/opencv-practice/alicia_ws/install/alicia_d_driver/lib/libserial_communicator_lib.so
-- Set non-toolchain portion of runtime path of "/home/lijiaolong/桌面/opencv-practice/alicia_ws/install/alicia_d_driver/lib/libserial_communicator_lib.so" to ""
-- Installing: /home/lijiaolong/桌面/opencv-practice/alicia_ws/install/alicia_d_driver/lib/libalicia_d_data_parser_control_lib.so
-- Set non-toolchain portion of runtime path of "/home/lijiaolong/桌面/opencv-practice/alicia_ws/install/alicia_d_driver/lib/libalicia_d_data_parser_control_lib.so" to ""
-- Up-to-date: /home/lijiaolong/桌面/opencv-practice/alicia_ws/install/alicia_d_driver/share/alicia_d_driver/cmake/export_alicia_d_driverExport.cmake
-- Up-to-date: /home/lijiaolong/桌面/opencv-practice/alicia_ws/install/alicia_d_driver/share/alicia_d_driver/cmake/export_alicia_d_driverExport-noconfig.cmake
