[0.012s] Invoking command in '/home/lijiaolong/桌面/opencv-practice/alicia_ws/build/alicia_d_descriptions': CMAKE_PREFIX_PATH=${CMAKE_PREFIX_PATH}:/opt/ros/jazzy DEBUGINFOD_URLS=https://debuginfod.ubuntu.com /usr/bin/cmake --build /home/lijiaolong/桌面/opencv-practice/alicia_ws/build/alicia_d_descriptions -- -j24 -l24
[0.036s] Invoked command in '/home/lijiaolong/桌面/opencv-practice/alicia_ws/build/alicia_d_descriptions' returned '0': CMAKE_PREFIX_PATH=${CMAKE_PREFIX_PATH}:/opt/ros/jazzy DEBUGINFOD_URLS=https://debuginfod.ubuntu.com /usr/bin/cmake --build /home/lijiaolong/桌面/opencv-practice/alicia_ws/build/alicia_d_descriptions -- -j24 -l24
[0.041s] Invoking command in '/home/lijiaolong/桌面/opencv-practice/alicia_ws/build/alicia_d_descriptions': CMAKE_PREFIX_PATH=${CMAKE_PREFIX_PATH}:/opt/ros/jazzy DEBUGINFOD_URLS=https://debuginfod.ubuntu.com /usr/bin/cmake --install /home/lijiaolong/桌面/opencv-practice/alicia_ws/build/alicia_d_descriptions
[0.046s] -- Install configuration: ""
[0.047s] -- Execute custom install script
[0.047s] -- Up-to-date symlink: /home/lijiaolong/桌面/opencv-practice/alicia_ws/install/alicia_d_descriptions/share/alicia_d_descriptions/launch/alicia.rviz
[0.047s] -- Up-to-date symlink: /home/lijiaolong/桌面/opencv-practice/alicia_ws/install/alicia_d_descriptions/share/alicia_d_descriptions/launch/display.launch.py
[0.047s] -- Up-to-date symlink: /home/lijiaolong/桌面/opencv-practice/alicia_ws/install/alicia_d_descriptions/share/alicia_d_descriptions/urdf/Alicia_D_v5_6/Alicia_D_v5_6_gripper_100mm.urdf
[0.047s] -- Up-to-date symlink: /home/lijiaolong/桌面/opencv-practice/alicia_ws/install/alicia_d_descriptions/share/alicia_d_descriptions/urdf/Alicia_D_v5_6/Alicia_D_v5_6_gripper_50mm.urdf
[0.048s] -- Up-to-date symlink: /home/lijiaolong/桌面/opencv-practice/alicia_ws/install/alicia_d_descriptions/share/alicia_d_descriptions/meshes/Alicia_D_v5_6/gripper_100mm/Link1.STL
[0.048s] -- Up-to-date symlink: /home/lijiaolong/桌面/opencv-practice/alicia_ws/install/alicia_d_descriptions/share/alicia_d_descriptions/meshes/Alicia_D_v5_6/gripper_100mm/Link2.STL
[0.048s] -- Up-to-date symlink: /home/lijiaolong/桌面/opencv-practice/alicia_ws/install/alicia_d_descriptions/share/alicia_d_descriptions/meshes/Alicia_D_v5_6/gripper_100mm/Link3.STL
[0.048s] -- Up-to-date symlink: /home/lijiaolong/桌面/opencv-practice/alicia_ws/install/alicia_d_descriptions/share/alicia_d_descriptions/meshes/Alicia_D_v5_6/gripper_100mm/Link4.STL
[0.048s] -- Up-to-date symlink: /home/lijiaolong/桌面/opencv-practice/alicia_ws/install/alicia_d_descriptions/share/alicia_d_descriptions/meshes/Alicia_D_v5_6/gripper_100mm/Link5.STL
[0.048s] -- Up-to-date symlink: /home/lijiaolong/桌面/opencv-practice/alicia_ws/install/alicia_d_descriptions/share/alicia_d_descriptions/meshes/Alicia_D_v5_6/gripper_100mm/Link6.STL
[0.048s] -- Up-to-date symlink: /home/lijiaolong/桌面/opencv-practice/alicia_ws/install/alicia_d_descriptions/share/alicia_d_descriptions/meshes/Alicia_D_v5_6/gripper_100mm/base_link.STL
[0.048s] -- Up-to-date symlink: /home/lijiaolong/桌面/opencv-practice/alicia_ws/install/alicia_d_descriptions/share/alicia_d_descriptions/meshes/Alicia_D_v5_6/gripper_100mm/girpper_center.STL
[0.048s] -- Up-to-date symlink: /home/lijiaolong/桌面/opencv-practice/alicia_ws/install/alicia_d_descriptions/share/alicia_d_descriptions/meshes/Alicia_D_v5_6/gripper_100mm/left_gripper.STL
[0.048s] -- Up-to-date symlink: /home/lijiaolong/桌面/opencv-practice/alicia_ws/install/alicia_d_descriptions/share/alicia_d_descriptions/meshes/Alicia_D_v5_6/gripper_100mm/right_gripper.STL
[0.048s] -- Up-to-date symlink: /home/lijiaolong/桌面/opencv-practice/alicia_ws/install/alicia_d_descriptions/share/alicia_d_descriptions/meshes/Alicia_D_v5_6/gripper_50mm/Link1.STL
[0.048s] -- Up-to-date symlink: /home/lijiaolong/桌面/opencv-practice/alicia_ws/install/alicia_d_descriptions/share/alicia_d_descriptions/meshes/Alicia_D_v5_6/gripper_50mm/Link2.STL
[0.048s] -- Up-to-date symlink: /home/lijiaolong/桌面/opencv-practice/alicia_ws/install/alicia_d_descriptions/share/alicia_d_descriptions/meshes/Alicia_D_v5_6/gripper_50mm/Link3.STL
[0.048s] -- Up-to-date symlink: /home/lijiaolong/桌面/opencv-practice/alicia_ws/install/alicia_d_descriptions/share/alicia_d_descriptions/meshes/Alicia_D_v5_6/gripper_50mm/Link4.STL
[0.048s] -- Up-to-date symlink: /home/lijiaolong/桌面/opencv-practice/alicia_ws/install/alicia_d_descriptions/share/alicia_d_descriptions/meshes/Alicia_D_v5_6/gripper_50mm/Link5.STL
[0.049s] -- Up-to-date symlink: /home/lijiaolong/桌面/opencv-practice/alicia_ws/install/alicia_d_descriptions/share/alicia_d_descriptions/meshes/Alicia_D_v5_6/gripper_50mm/Link6.STL
[0.049s] -- Up-to-date symlink: /home/lijiaolong/桌面/opencv-practice/alicia_ws/install/alicia_d_descriptions/share/alicia_d_descriptions/meshes/Alicia_D_v5_6/gripper_50mm/base_link.STL
[0.049s] -- Up-to-date symlink: /home/lijiaolong/桌面/opencv-practice/alicia_ws/install/alicia_d_descriptions/share/alicia_d_descriptions/meshes/Alicia_D_v5_6/gripper_50mm/girpper_center.STL
[0.049s] -- Up-to-date symlink: /home/lijiaolong/桌面/opencv-practice/alicia_ws/install/alicia_d_descriptions/share/alicia_d_descriptions/meshes/Alicia_D_v5_6/gripper_50mm/left_gripper.STL
[0.049s] -- Up-to-date symlink: /home/lijiaolong/桌面/opencv-practice/alicia_ws/install/alicia_d_descriptions/share/alicia_d_descriptions/meshes/Alicia_D_v5_6/gripper_50mm/right_gripper.STL
[0.049s] -- Up-to-date symlink: /home/lijiaolong/桌面/opencv-practice/alicia_ws/install/alicia_d_descriptions/lib/alicia_d_descriptions/display.launch.py
[0.049s] -- Up-to-date symlink: /home/lijiaolong/桌面/opencv-practice/alicia_ws/install/alicia_d_descriptions/share/ament_index/resource_index/package_run_dependencies/alicia_d_descriptions
[0.049s] -- Up-to-date symlink: /home/lijiaolong/桌面/opencv-practice/alicia_ws/install/alicia_d_descriptions/share/ament_index/resource_index/parent_prefix_path/alicia_d_descriptions
[0.049s] -- Up-to-date symlink: /home/lijiaolong/桌面/opencv-practice/alicia_ws/install/alicia_d_descriptions/share/alicia_d_descriptions/environment/ament_prefix_path.sh
[0.049s] -- Up-to-date symlink: /home/lijiaolong/桌面/opencv-practice/alicia_ws/install/alicia_d_descriptions/share/alicia_d_descriptions/environment/ament_prefix_path.dsv
[0.050s] -- Up-to-date symlink: /home/lijiaolong/桌面/opencv-practice/alicia_ws/install/alicia_d_descriptions/share/alicia_d_descriptions/environment/path.sh
[0.050s] -- Up-to-date symlink: /home/lijiaolong/桌面/opencv-practice/alicia_ws/install/alicia_d_descriptions/share/alicia_d_descriptions/environment/path.dsv
[0.050s] -- Up-to-date symlink: /home/lijiaolong/桌面/opencv-practice/alicia_ws/install/alicia_d_descriptions/share/alicia_d_descriptions/local_setup.bash
[0.050s] -- Up-to-date symlink: /home/lijiaolong/桌面/opencv-practice/alicia_ws/install/alicia_d_descriptions/share/alicia_d_descriptions/local_setup.sh
[0.050s] -- Up-to-date symlink: /home/lijiaolong/桌面/opencv-practice/alicia_ws/install/alicia_d_descriptions/share/alicia_d_descriptions/local_setup.zsh
[0.050s] -- Up-to-date symlink: /home/lijiaolong/桌面/opencv-practice/alicia_ws/install/alicia_d_descriptions/share/alicia_d_descriptions/local_setup.dsv
[0.050s] -- Symlinking: /home/lijiaolong/桌面/opencv-practice/alicia_ws/install/alicia_d_descriptions/share/alicia_d_descriptions/package.dsv
[0.057s] -- Up-to-date symlink: /home/lijiaolong/桌面/opencv-practice/alicia_ws/install/alicia_d_descriptions/share/ament_index/resource_index/packages/alicia_d_descriptions
[0.057s] -- Up-to-date symlink: /home/lijiaolong/桌面/opencv-practice/alicia_ws/install/alicia_d_descriptions/share/alicia_d_descriptions/cmake/alicia_d_descriptionsConfig.cmake
[0.057s] -- Up-to-date symlink: /home/lijiaolong/桌面/opencv-practice/alicia_ws/install/alicia_d_descriptions/share/alicia_d_descriptions/cmake/alicia_d_descriptionsConfig-version.cmake
[0.057s] -- Up-to-date symlink: /home/lijiaolong/桌面/opencv-practice/alicia_ws/install/alicia_d_descriptions/share/alicia_d_descriptions/package.xml
[0.058s] Invoked command in '/home/lijiaolong/桌面/opencv-practice/alicia_ws/build/alicia_d_descriptions' returned '0': CMAKE_PREFIX_PATH=${CMAKE_PREFIX_PATH}:/opt/ros/jazzy DEBUGINFOD_URLS=https://debuginfod.ubuntu.com /usr/bin/cmake --install /home/lijiaolong/桌面/opencv-practice/alicia_ws/build/alicia_d_descriptions
