[-1779420359843279360.000s] DEBUG:colcon:Command line arguments: ['/home/lijiaolong/miniconda3/bin/colcon', 'build', '--symlink-install']
[-1779420359843279360.000s] DEBUG:colcon:Parsed command line arguments: Namespace(log_base=None, log_level=None, verb_name='build', build_base='build', install_base='install', merge_install=False, symlink_install=True, test_result_base=None, continue_on_error=False, executor='parallel', parallel_workers=24, event_handlers=None, ignore_user_meta=False, metas=['./colcon.meta'], base_paths=['.'], packages_ignore=None, packages_ignore_regex=None, paths=None, packages_up_to=None, packages_up_to_regex=None, packages_above=None, packages_above_and_dependencies=None, packages_above_depth=None, packages_select_by_dep=None, packages_skip_by_dep=None, packages_skip_up_to=None, packages_select_build_failed=False, packages_skip_build_finished=False, packages_select_test_failures=False, packages_skip_test_passed=False, packages_select=None, packages_skip=None, packages_select_regex=None, packages_skip_regex=None, packages_start=None, packages_end=None, cmake_args=None, cmake_target=None, cmake_target_skip_unavailable=False, cmake_clean_cache=False, cmake_clean_first=False, cmake_force_configure=False, ament_cmake_args=None, catkin_cmake_args=None, catkin_skip_building_tests=False, verb_parser=<colcon_defaults.argument_parser.defaults.DefaultArgumentsDecorator object at 0x7afd61a74550>, verb_extension=<colcon_core.verb.build.BuildVerb object at 0x7afd61bcf0e0>, main=<bound method BuildVerb.main of <colcon_core.verb.build.BuildVerb object at 0x7afd61bcf0e0>>)
[-1779420359843279360.000s] Level 1:colcon.colcon_core.package_discovery:discover_packages(colcon_meta) check parameters
[-1779420359843279360.000s] Level 1:colcon.colcon_core.package_discovery:discover_packages(recursive) check parameters
[-1779420359843279360.000s] Level 1:colcon.colcon_core.package_discovery:discover_packages(ignore) check parameters
[-1779420359843279360.000s] Level 1:colcon.colcon_core.package_discovery:discover_packages(path) check parameters
[-1779420359843279360.000s] Level 1:colcon.colcon_core.package_discovery:discover_packages(colcon_meta) discover
[-1779420359843279360.000s] Level 1:colcon.colcon_core.package_discovery:discover_packages(recursive) discover
[-1779420359843279360.000s] INFO:colcon.colcon_core.package_discovery:Crawling recursively for packages in '/home/lijiaolong/桌面/opencv-practice/alicia_ws'
[-1779420359843279360.000s] Level 1:colcon.colcon_core.package_identification:_identify(.) by extensions ['ignore', 'ignore_ament_install']
[-1779420359843279360.000s] Level 1:colcon.colcon_core.package_identification:_identify(.) by extension 'ignore'
[-1779420359843279360.000s] Level 1:colcon.colcon_core.package_identification:_identify(.) by extension 'ignore_ament_install'
[-1779420359843279360.000s] Level 1:colcon.colcon_core.package_identification:_identify(.) by extensions ['colcon_pkg']
[-1779420359843279360.000s] Level 1:colcon.colcon_core.package_identification:_identify(.) by extension 'colcon_pkg'
[-1779420359843279360.000s] Level 1:colcon.colcon_core.package_identification:_identify(.) by extensions ['colcon_meta']
[-1779420359843279360.000s] Level 1:colcon.colcon_core.package_identification:_identify(.) by extension 'colcon_meta'
[-1779420359843279360.000s] Level 1:colcon.colcon_core.package_identification:_identify(.) by extensions ['ros']
[-1779420359843279360.000s] Level 1:colcon.colcon_core.package_identification:_identify(.) by extension 'ros'
[-1779420359843279360.000s] Level 1:colcon.colcon_core.package_identification:_identify(.) by extensions ['cmake', 'python']
[-1779420359843279360.000s] Level 1:colcon.colcon_core.package_identification:_identify(.) by extension 'cmake'
[-1779420359843279360.000s] Level 1:colcon.colcon_core.package_identification:_identify(.) by extension 'python'
[-1779420359843279360.000s] Level 1:colcon.colcon_core.package_identification:_identify(.) by extensions ['python_setup_py']
[-1779420359843279360.000s] Level 1:colcon.colcon_core.package_identification:_identify(.) by extension 'python_setup_py'
[-1779420359843279360.000s] Level 1:colcon.colcon_core.package_identification:_identify(build) by extensions ['ignore', 'ignore_ament_install']
[-1779420359843279360.000s] Level 1:colcon.colcon_core.package_identification:_identify(build) by extension 'ignore'
[-1779420359843279360.000s] Level 1:colcon.colcon_core.package_identification:_identify(build) ignored
[-1779420359843279360.000s] Level 1:colcon.colcon_core.package_identification:_identify(install) by extensions ['ignore', 'ignore_ament_install']
[-1779420359843279360.000s] Level 1:colcon.colcon_core.package_identification:_identify(install) by extension 'ignore'
[-1779420359843279360.000s] Level 1:colcon.colcon_core.package_identification:_identify(install) ignored
[-1779420359843279360.000s] Level 1:colcon.colcon_core.package_identification:_identify(log) by extensions ['ignore', 'ignore_ament_install']
[-1779420359843279360.000s] Level 1:colcon.colcon_core.package_identification:_identify(log) by extension 'ignore'
[-1779420359843279360.000s] Level 1:colcon.colcon_core.package_identification:_identify(log) ignored
[-1779420359843279360.000s] Level 1:colcon.colcon_core.package_identification:_identify(src) by extensions ['ignore', 'ignore_ament_install']
[-1779420359843279360.000s] Level 1:colcon.colcon_core.package_identification:_identify(src) by extension 'ignore'
[-1779420359843279360.000s] Level 1:colcon.colcon_core.package_identification:_identify(src) by extension 'ignore_ament_install'
[-1779420359843279360.000s] Level 1:colcon.colcon_core.package_identification:_identify(src) by extensions ['colcon_pkg']
[-1779420359843279360.000s] Level 1:colcon.colcon_core.package_identification:_identify(src) by extension 'colcon_pkg'
[-1779420359843279360.000s] Level 1:colcon.colcon_core.package_identification:_identify(src) by extensions ['colcon_meta']
[-1779420359843279360.000s] Level 1:colcon.colcon_core.package_identification:_identify(src) by extension 'colcon_meta'
[-1779420359843279360.000s] Level 1:colcon.colcon_core.package_identification:_identify(src) by extensions ['ros']
[-1779420359843279360.000s] Level 1:colcon.colcon_core.package_identification:_identify(src) by extension 'ros'
[-1779420359843279360.000s] Level 1:colcon.colcon_core.package_identification:_identify(src) by extensions ['cmake', 'python']
[-1779420359843279360.000s] Level 1:colcon.colcon_core.package_identification:_identify(src) by extension 'cmake'
[-1779420359843279360.000s] Level 1:colcon.colcon_core.package_identification:_identify(src) by extension 'python'
[-1779420359843279360.000s] Level 1:colcon.colcon_core.package_identification:_identify(src) by extensions ['python_setup_py']
[-1779420359843279360.000s] Level 1:colcon.colcon_core.package_identification:_identify(src) by extension 'python_setup_py'
[-1779420359843279360.000s] Level 1:colcon.colcon_core.package_identification:_identify(src/alicia_d_calibration) by extensions ['ignore', 'ignore_ament_install']
[-1779420359843279360.000s] Level 1:colcon.colcon_core.package_identification:_identify(src/alicia_d_calibration) by extension 'ignore'
[-1779420359843279360.000s] Level 1:colcon.colcon_core.package_identification:_identify(src/alicia_d_calibration) by extension 'ignore_ament_install'
[-1779420359843279360.000s] Level 1:colcon.colcon_core.package_identification:_identify(src/alicia_d_calibration) by extensions ['colcon_pkg']
[-1779420359843279360.000s] Level 1:colcon.colcon_core.package_identification:_identify(src/alicia_d_calibration) by extension 'colcon_pkg'
[-1779420359843279360.000s] Level 1:colcon.colcon_core.package_identification:_identify(src/alicia_d_calibration) by extensions ['colcon_meta']
[-1779420359843279360.000s] Level 1:colcon.colcon_core.package_identification:_identify(src/alicia_d_calibration) by extension 'colcon_meta'
[-1779420359843279360.000s] Level 1:colcon.colcon_core.package_identification:_identify(src/alicia_d_calibration) by extensions ['ros']
[-1779420359843279360.000s] Level 1:colcon.colcon_core.package_identification:_identify(src/alicia_d_calibration) by extension 'ros'
[-1779420359843279360.000s] DEBUG:colcon.colcon_core.package_identification:Package 'src/alicia_d_calibration' with type 'ros.ament_cmake' and name 'alicia_d_calibration'
[-1779420359843279360.000s] Level 1:colcon.colcon_core.package_identification:_identify(src/alicia_d_cube_sort) by extensions ['ignore', 'ignore_ament_install']
[-1779420359843279360.000s] Level 1:colcon.colcon_core.package_identification:_identify(src/alicia_d_cube_sort) by extension 'ignore'
[-1779420359843279360.000s] Level 1:colcon.colcon_core.package_identification:_identify(src/alicia_d_cube_sort) by extension 'ignore_ament_install'
[-1779420359843279360.000s] Level 1:colcon.colcon_core.package_identification:_identify(src/alicia_d_cube_sort) by extensions ['colcon_pkg']
[-1779420359843279360.000s] Level 1:colcon.colcon_core.package_identification:_identify(src/alicia_d_cube_sort) by extension 'colcon_pkg'
[-1779420359843279360.000s] Level 1:colcon.colcon_core.package_identification:_identify(src/alicia_d_cube_sort) by extensions ['colcon_meta']
[-1779420359843279360.000s] Level 1:colcon.colcon_core.package_identification:_identify(src/alicia_d_cube_sort) by extension 'colcon_meta'
[-1779420359843279360.000s] Level 1:colcon.colcon_core.package_identification:_identify(src/alicia_d_cube_sort) by extensions ['ros']
[-1779420359843279360.000s] Level 1:colcon.colcon_core.package_identification:_identify(src/alicia_d_cube_sort) by extension 'ros'
[-1779420359843279360.000s] DEBUG:colcon.colcon_core.package_identification:Package 'src/alicia_d_cube_sort' with type 'ros.ament_cmake' and name 'alicia_d_cube_sort'
[-1779420359843279360.000s] Level 1:colcon.colcon_core.package_identification:_identify(src/alicia_d_descriptions) by extensions ['ignore', 'ignore_ament_install']
[-1779420359843279360.000s] Level 1:colcon.colcon_core.package_identification:_identify(src/alicia_d_descriptions) by extension 'ignore'
[-1779420359843279360.000s] Level 1:colcon.colcon_core.package_identification:_identify(src/alicia_d_descriptions) by extension 'ignore_ament_install'
[-1779420359843279360.000s] Level 1:colcon.colcon_core.package_identification:_identify(src/alicia_d_descriptions) by extensions ['colcon_pkg']
[-1779420359843279360.000s] Level 1:colcon.colcon_core.package_identification:_identify(src/alicia_d_descriptions) by extension 'colcon_pkg'
[-1779420359843279360.000s] Level 1:colcon.colcon_core.package_identification:_identify(src/alicia_d_descriptions) by extensions ['colcon_meta']
[-1779420359843279360.000s] Level 1:colcon.colcon_core.package_identification:_identify(src/alicia_d_descriptions) by extension 'colcon_meta'
[-1779420359843279360.000s] Level 1:colcon.colcon_core.package_identification:_identify(src/alicia_d_descriptions) by extensions ['ros']
[-1779420359843279360.000s] Level 1:colcon.colcon_core.package_identification:_identify(src/alicia_d_descriptions) by extension 'ros'
[-1779420359843279360.000s] DEBUG:colcon.colcon_core.package_identification:Package 'src/alicia_d_descriptions' with type 'ros.ament_cmake' and name 'alicia_d_descriptions'
[-1779420359843279360.000s] Level 1:colcon.colcon_core.package_identification:_identify(src/alicia_d_driver) by extensions ['ignore', 'ignore_ament_install']
[-1779420359843279360.000s] Level 1:colcon.colcon_core.package_identification:_identify(src/alicia_d_driver) by extension 'ignore'
[-1779420359843279360.000s] Level 1:colcon.colcon_core.package_identification:_identify(src/alicia_d_driver) by extension 'ignore_ament_install'
[-1779420359843279360.000s] Level 1:colcon.colcon_core.package_identification:_identify(src/alicia_d_driver) by extensions ['colcon_pkg']
[-1779420359843279360.000s] Level 1:colcon.colcon_core.package_identification:_identify(src/alicia_d_driver) by extension 'colcon_pkg'
[-1779420359843279360.000s] Level 1:colcon.colcon_core.package_identification:_identify(src/alicia_d_driver) by extensions ['colcon_meta']
[-1779420359843279360.000s] Level 1:colcon.colcon_core.package_identification:_identify(src/alicia_d_driver) by extension 'colcon_meta'
[-1779420359843279360.000s] Level 1:colcon.colcon_core.package_identification:_identify(src/alicia_d_driver) by extensions ['ros']
[-1779420359843279360.000s] Level 1:colcon.colcon_core.package_identification:_identify(src/alicia_d_driver) by extension 'ros'
[-1779420359843279360.000s] DEBUG:colcon.colcon_core.package_identification:Package 'src/alicia_d_driver' with type 'ros.ament_cmake' and name 'alicia_d_driver'
[-1779420359843279360.000s] Level 1:colcon.colcon_core.package_identification:_identify(src/alicia_d_grasp_6d) by extensions ['ignore', 'ignore_ament_install']
[-1779420359843279360.000s] Level 1:colcon.colcon_core.package_identification:_identify(src/alicia_d_grasp_6d) by extension 'ignore'
[-1779420359843279360.000s] Level 1:colcon.colcon_core.package_identification:_identify(src/alicia_d_grasp_6d) by extension 'ignore_ament_install'
[-1779420359843279360.000s] Level 1:colcon.colcon_core.package_identification:_identify(src/alicia_d_grasp_6d) by extensions ['colcon_pkg']
[-1779420359843279360.000s] Level 1:colcon.colcon_core.package_identification:_identify(src/alicia_d_grasp_6d) by extension 'colcon_pkg'
[-1779420359843279360.000s] Level 1:colcon.colcon_core.package_identification:_identify(src/alicia_d_grasp_6d) by extensions ['colcon_meta']
[-1779420359843279360.000s] Level 1:colcon.colcon_core.package_identification:_identify(src/alicia_d_grasp_6d) by extension 'colcon_meta'
[-1779420359843279360.000s] Level 1:colcon.colcon_core.package_identification:_identify(src/alicia_d_grasp_6d) by extensions ['ros']
[-1779420359843279360.000s] Level 1:colcon.colcon_core.package_identification:_identify(src/alicia_d_grasp_6d) by extension 'ros'
[-1779420359843279360.000s] Level 1:colcon.colcon_core.package_identification:_identify(src/alicia_d_grasp_6d) by extensions ['cmake', 'python']
[-1779420359843279360.000s] Level 1:colcon.colcon_core.package_identification:_identify(src/alicia_d_grasp_6d) by extension 'cmake'
[-1779420359843279360.000s] Level 1:colcon.colcon_core.package_identification:_identify(src/alicia_d_grasp_6d) by extension 'python'
[-1779420359843279360.000s] Level 1:colcon.colcon_core.package_identification:_identify(src/alicia_d_grasp_6d) by extensions ['python_setup_py']
[-1779420359843279360.000s] Level 1:colcon.colcon_core.package_identification:_identify(src/alicia_d_grasp_6d) by extension 'python_setup_py'
[-1779420359843279360.000s] Level 1:colcon.colcon_core.package_identification:_identify(src/alicia_d_grasp_6d/Models) by extensions ['ignore', 'ignore_ament_install']
[-1779420359843279360.000s] Level 1:colcon.colcon_core.package_identification:_identify(src/alicia_d_grasp_6d/Models) by extension 'ignore'
[-1779420359843279360.000s] Level 1:colcon.colcon_core.package_identification:_identify(src/alicia_d_grasp_6d/Models) ignored
[-1779420359843279360.000s] Level 1:colcon.colcon_core.package_identification:_identify(src/alicia_d_grasp_6d/scripts) by extensions ['ignore', 'ignore_ament_install']
[-1779420359843279360.000s] Level 1:colcon.colcon_core.package_identification:_identify(src/alicia_d_grasp_6d/scripts) by extension 'ignore'
[-1779420359843279360.000s] Level 1:colcon.colcon_core.package_identification:_identify(src/alicia_d_grasp_6d/scripts) by extension 'ignore_ament_install'
[-1779420359843279360.000s] Level 1:colcon.colcon_core.package_identification:_identify(src/alicia_d_grasp_6d/scripts) by extensions ['colcon_pkg']
[-1779420359843279360.000s] Level 1:colcon.colcon_core.package_identification:_identify(src/alicia_d_grasp_6d/scripts) by extension 'colcon_pkg'
[-1779420359843279360.000s] Level 1:colcon.colcon_core.package_identification:_identify(src/alicia_d_grasp_6d/scripts) by extensions ['colcon_meta']
[-1779420359843279360.000s] Level 1:colcon.colcon_core.package_identification:_identify(src/alicia_d_grasp_6d/scripts) by extension 'colcon_meta'
[-1779420359843279360.000s] Level 1:colcon.colcon_core.package_identification:_identify(src/alicia_d_grasp_6d/scripts) by extensions ['ros']
[-1779420359843279360.000s] Level 1:colcon.colcon_core.package_identification:_identify(src/alicia_d_grasp_6d/scripts) by extension 'ros'
[-1779420359843279360.000s] Level 1:colcon.colcon_core.package_identification:_identify(src/alicia_d_grasp_6d/scripts) by extensions ['cmake', 'python']
[-1779420359843279360.000s] Level 1:colcon.colcon_core.package_identification:_identify(src/alicia_d_grasp_6d/scripts) by extension 'cmake'
[-1779420359843279360.000s] Level 1:colcon.colcon_core.package_identification:_identify(src/alicia_d_grasp_6d/scripts) by extension 'python'
[-1779420359843279360.000s] Level 1:colcon.colcon_core.package_identification:_identify(src/alicia_d_grasp_6d/scripts) by extensions ['python_setup_py']
[-1779420359843279360.000s] Level 1:colcon.colcon_core.package_identification:_identify(src/alicia_d_grasp_6d/scripts) by extension 'python_setup_py'
[-1779420359843279360.000s] Level 1:colcon.colcon_core.package_identification:_identify(src/alicia_d_grasp_6d/scripts/intel_rs_d405) by extensions ['ignore', 'ignore_ament_install']
[-1779420359843279360.000s] Level 1:colcon.colcon_core.package_identification:_identify(src/alicia_d_grasp_6d/scripts/intel_rs_d405) by extension 'ignore'
[-1779420359843279360.000s] Level 1:colcon.colcon_core.package_identification:_identify(src/alicia_d_grasp_6d/scripts/intel_rs_d405) by extension 'ignore_ament_install'
[-1779420359843279360.000s] Level 1:colcon.colcon_core.package_identification:_identify(src/alicia_d_grasp_6d/scripts/intel_rs_d405) by extensions ['colcon_pkg']
[-1779420359843279360.000s] Level 1:colcon.colcon_core.package_identification:_identify(src/alicia_d_grasp_6d/scripts/intel_rs_d405) by extension 'colcon_pkg'
[-1779420359843279360.000s] Level 1:colcon.colcon_core.package_identification:_identify(src/alicia_d_grasp_6d/scripts/intel_rs_d405) by extensions ['colcon_meta']
[-1779420359843279360.000s] Level 1:colcon.colcon_core.package_identification:_identify(src/alicia_d_grasp_6d/scripts/intel_rs_d405) by extension 'colcon_meta'
[-1779420359843279360.000s] Level 1:colcon.colcon_core.package_identification:_identify(src/alicia_d_grasp_6d/scripts/intel_rs_d405) by extensions ['ros']
[-1779420359843279360.000s] Level 1:colcon.colcon_core.package_identification:_identify(src/alicia_d_grasp_6d/scripts/intel_rs_d405) by extension 'ros'
[-1779420359843279360.000s] Level 1:colcon.colcon_core.package_identification:_identify(src/alicia_d_grasp_6d/scripts/intel_rs_d405) by extensions ['cmake', 'python']
[-1779420359843279360.000s] Level 1:colcon.colcon_core.package_identification:_identify(src/alicia_d_grasp_6d/scripts/intel_rs_d405) by extension 'cmake'
[-1779420359843279360.000s] Level 1:colcon.colcon_core.package_identification:_identify(src/alicia_d_grasp_6d/scripts/intel_rs_d405) by extension 'python'
[-1779420359843279360.000s] Level 1:colcon.colcon_core.package_identification:_identify(src/alicia_d_grasp_6d/scripts/intel_rs_d405) by extensions ['python_setup_py']
[-1779420359843279360.000s] Level 1:colcon.colcon_core.package_identification:_identify(src/alicia_d_grasp_6d/scripts/intel_rs_d405) by extension 'python_setup_py'
[-1779420359843279360.000s] Level 1:colcon.colcon_core.package_identification:_identify(src/alicia_d_grasp_6d/scripts/intel_rs_d405/utils) by extensions ['ignore', 'ignore_ament_install']
[-1779420359843279360.000s] Level 1:colcon.colcon_core.package_identification:_identify(src/alicia_d_grasp_6d/scripts/intel_rs_d405/utils) by extension 'ignore'
[-1779420359843279360.000s] Level 1:colcon.colcon_core.package_identification:_identify(src/alicia_d_grasp_6d/scripts/intel_rs_d405/utils) by extension 'ignore_ament_install'
[-1779420359843279360.000s] Level 1:colcon.colcon_core.package_identification:_identify(src/alicia_d_grasp_6d/scripts/intel_rs_d405/utils) by extensions ['colcon_pkg']
[-1779420359843279360.000s] Level 1:colcon.colcon_core.package_identification:_identify(src/alicia_d_grasp_6d/scripts/intel_rs_d405/utils) by extension 'colcon_pkg'
[-1779420359843279360.000s] Level 1:colcon.colcon_core.package_identification:_identify(src/alicia_d_grasp_6d/scripts/intel_rs_d405/utils) by extensions ['colcon_meta']
[-1779420359843279360.000s] Level 1:colcon.colcon_core.package_identification:_identify(src/alicia_d_grasp_6d/scripts/intel_rs_d405/utils) by extension 'colcon_meta'
[-1779420359843279360.000s] Level 1:colcon.colcon_core.package_identification:_identify(src/alicia_d_grasp_6d/scripts/intel_rs_d405/utils) by extensions ['ros']
[-1779420359843279360.000s] Level 1:colcon.colcon_core.package_identification:_identify(src/alicia_d_grasp_6d/scripts/intel_rs_d405/utils) by extension 'ros'
[-1779420359843279360.000s] Level 1:colcon.colcon_core.package_identification:_identify(src/alicia_d_grasp_6d/scripts/intel_rs_d405/utils) by extensions ['cmake', 'python']
[-1779420359843279360.000s] Level 1:colcon.colcon_core.package_identification:_identify(src/alicia_d_grasp_6d/scripts/intel_rs_d405/utils) by extension 'cmake'
[-1779420359843279360.000s] Level 1:colcon.colcon_core.package_identification:_identify(src/alicia_d_grasp_6d/scripts/intel_rs_d405/utils) by extension 'python'
[-1779420359843279360.000s] Level 1:colcon.colcon_core.package_identification:_identify(src/alicia_d_grasp_6d/scripts/intel_rs_d405/utils) by extensions ['python_setup_py']
[-1779420359843279360.000s] Level 1:colcon.colcon_core.package_identification:_identify(src/alicia_d_grasp_6d/scripts/intel_rs_d405/utils) by extension 'python_setup_py'
[-1779420359843279360.000s] Level 1:colcon.colcon_core.package_identification:_identify(src/alicia_d_grasp_6d/scripts/orbbec_gemini_335) by extensions ['ignore', 'ignore_ament_install']
[-1779420359843279360.000s] Level 1:colcon.colcon_core.package_identification:_identify(src/alicia_d_grasp_6d/scripts/orbbec_gemini_335) by extension 'ignore'
[-1779420359843279360.000s] Level 1:colcon.colcon_core.package_identification:_identify(src/alicia_d_grasp_6d/scripts/orbbec_gemini_335) by extension 'ignore_ament_install'
[-1779420359843279360.000s] Level 1:colcon.colcon_core.package_identification:_identify(src/alicia_d_grasp_6d/scripts/orbbec_gemini_335) by extensions ['colcon_pkg']
[-1779420359843279360.000s] Level 1:colcon.colcon_core.package_identification:_identify(src/alicia_d_grasp_6d/scripts/orbbec_gemini_335) by extension 'colcon_pkg'
[-1779420359843279360.000s] Level 1:colcon.colcon_core.package_identification:_identify(src/alicia_d_grasp_6d/scripts/orbbec_gemini_335) by extensions ['colcon_meta']
[-1779420359843279360.000s] Level 1:colcon.colcon_core.package_identification:_identify(src/alicia_d_grasp_6d/scripts/orbbec_gemini_335) by extension 'colcon_meta'
[-1779420359843279360.000s] Level 1:colcon.colcon_core.package_identification:_identify(src/alicia_d_grasp_6d/scripts/orbbec_gemini_335) by extensions ['ros']
[-1779420359843279360.000s] Level 1:colcon.colcon_core.package_identification:_identify(src/alicia_d_grasp_6d/scripts/orbbec_gemini_335) by extension 'ros'
[-1779420359843279360.000s] Level 1:colcon.colcon_core.package_identification:_identify(src/alicia_d_grasp_6d/scripts/orbbec_gemini_335) by extensions ['cmake', 'python']
[-1779420359843279360.000s] Level 1:colcon.colcon_core.package_identification:_identify(src/alicia_d_grasp_6d/scripts/orbbec_gemini_335) by extension 'cmake'
[-1779420359843279360.000s] Level 1:colcon.colcon_core.package_identification:_identify(src/alicia_d_grasp_6d/scripts/orbbec_gemini_335) by extension 'python'
[-1779420359843279360.000s] Level 1:colcon.colcon_core.package_identification:_identify(src/alicia_d_grasp_6d/scripts/orbbec_gemini_335) by extensions ['python_setup_py']
[-1779420359843279360.000s] Level 1:colcon.colcon_core.package_identification:_identify(src/alicia_d_grasp_6d/scripts/orbbec_gemini_335) by extension 'python_setup_py'
[-1779420359843279360.000s] Level 1:colcon.colcon_core.package_identification:_identify(src/alicia_d_grasp_6d/scripts/orbbec_gemini_335/utils) by extensions ['ignore', 'ignore_ament_install']
[-1779420359843279360.000s] Level 1:colcon.colcon_core.package_identification:_identify(src/alicia_d_grasp_6d/scripts/orbbec_gemini_335/utils) by extension 'ignore'
[-1779420359843279360.000s] Level 1:colcon.colcon_core.package_identification:_identify(src/alicia_d_grasp_6d/scripts/orbbec_gemini_335/utils) by extension 'ignore_ament_install'
[-1779420359843279360.000s] Level 1:colcon.colcon_core.package_identification:_identify(src/alicia_d_grasp_6d/scripts/orbbec_gemini_335/utils) by extensions ['colcon_pkg']
[-1779420359843279360.000s] Level 1:colcon.colcon_core.package_identification:_identify(src/alicia_d_grasp_6d/scripts/orbbec_gemini_335/utils) by extension 'colcon_pkg'
[-1779420359843279360.000s] Level 1:colcon.colcon_core.package_identification:_identify(src/alicia_d_grasp_6d/scripts/orbbec_gemini_335/utils) by extensions ['colcon_meta']
[-1779420359843279360.000s] Level 1:colcon.colcon_core.package_identification:_identify(src/alicia_d_grasp_6d/scripts/orbbec_gemini_335/utils) by extension 'colcon_meta'
[-1779420359843279360.000s] Level 1:colcon.colcon_core.package_identification:_identify(src/alicia_d_grasp_6d/scripts/orbbec_gemini_335/utils) by extensions ['ros']
[-1779420359843279360.000s] Level 1:colcon.colcon_core.package_identification:_identify(src/alicia_d_grasp_6d/scripts/orbbec_gemini_335/utils) by extension 'ros'
[-1779420359843279360.000s] Level 1:colcon.colcon_core.package_identification:_identify(src/alicia_d_grasp_6d/scripts/orbbec_gemini_335/utils) by extensions ['cmake', 'python']
[-1779420359843279360.000s] Level 1:colcon.colcon_core.package_identification:_identify(src/alicia_d_grasp_6d/scripts/orbbec_gemini_335/utils) by extension 'cmake'
[-1779420359843279360.000s] Level 1:colcon.colcon_core.package_identification:_identify(src/alicia_d_grasp_6d/scripts/orbbec_gemini_335/utils) by extension 'python'
[-1779420359843279360.000s] Level 1:colcon.colcon_core.package_identification:_identify(src/alicia_d_grasp_6d/scripts/orbbec_gemini_335/utils) by extensions ['python_setup_py']
[-1779420359843279360.000s] Level 1:colcon.colcon_core.package_identification:_identify(src/alicia_d_grasp_6d/scripts/orbbec_gemini_335/utils) by extension 'python_setup_py'
[-1779420359843279360.000s] Level 1:colcon.colcon_core.package_identification:_identify(src/alicia_d_moveit) by extensions ['ignore', 'ignore_ament_install']
[-1779420359843279360.000s] Level 1:colcon.colcon_core.package_identification:_identify(src/alicia_d_moveit) by extension 'ignore'
[-1779420359843279360.000s] Level 1:colcon.colcon_core.package_identification:_identify(src/alicia_d_moveit) by extension 'ignore_ament_install'
[-1779420359843279360.000s] Level 1:colcon.colcon_core.package_identification:_identify(src/alicia_d_moveit) by extensions ['colcon_pkg']
[-1779420359843279360.000s] Level 1:colcon.colcon_core.package_identification:_identify(src/alicia_d_moveit) by extension 'colcon_pkg'
[-1779420359843279360.000s] Level 1:colcon.colcon_core.package_identification:_identify(src/alicia_d_moveit) by extensions ['colcon_meta']
[-1779420359843279360.000s] Level 1:colcon.colcon_core.package_identification:_identify(src/alicia_d_moveit) by extension 'colcon_meta'
[-1779420359843279360.000s] Level 1:colcon.colcon_core.package_identification:_identify(src/alicia_d_moveit) by extensions ['ros']
[-1779420359843279360.000s] Level 1:colcon.colcon_core.package_identification:_identify(src/alicia_d_moveit) by extension 'ros'
[-1779420359843279360.000s] DEBUG:colcon.colcon_core.package_identification:Package 'src/alicia_d_moveit' with type 'ros.ament_cmake' and name 'alicia_d_moveit'
[-1779420359843279360.000s] Level 1:colcon.colcon_core.package_identification:_identify(src/docs) by extensions ['ignore', 'ignore_ament_install']
[-1779420359843279360.000s] Level 1:colcon.colcon_core.package_identification:_identify(src/docs) by extension 'ignore'
[-1779420359843279360.000s] Level 1:colcon.colcon_core.package_identification:_identify(src/docs) by extension 'ignore_ament_install'
[-1779420359843279360.000s] Level 1:colcon.colcon_core.package_identification:_identify(src/docs) by extensions ['colcon_pkg']
[-1779420359843279360.000s] Level 1:colcon.colcon_core.package_identification:_identify(src/docs) by extension 'colcon_pkg'
[-1779420359843279360.000s] Level 1:colcon.colcon_core.package_identification:_identify(src/docs) by extensions ['colcon_meta']
[-1779420359843279360.000s] Level 1:colcon.colcon_core.package_identification:_identify(src/docs) by extension 'colcon_meta'
[-1779420359843279360.000s] Level 1:colcon.colcon_core.package_identification:_identify(src/docs) by extensions ['ros']
[-1779420359843279360.000s] Level 1:colcon.colcon_core.package_identification:_identify(src/docs) by extension 'ros'
[-1779420359843279360.000s] Level 1:colcon.colcon_core.package_identification:_identify(src/docs) by extensions ['cmake', 'python']
[-1779420359843279360.000s] Level 1:colcon.colcon_core.package_identification:_identify(src/docs) by extension 'cmake'
[-1779420359843279360.000s] Level 1:colcon.colcon_core.package_identification:_identify(src/docs) by extension 'python'
[-1779420359843279360.000s] Level 1:colcon.colcon_core.package_identification:_identify(src/docs) by extensions ['python_setup_py']
[-1779420359843279360.000s] Level 1:colcon.colcon_core.package_identification:_identify(src/docs) by extension 'python_setup_py'
[-1779420359843279360.000s] Level 1:colcon.colcon_core.package_identification:_identify(src/examples) by extensions ['ignore', 'ignore_ament_install']
[-1779420359843279360.000s] Level 1:colcon.colcon_core.package_identification:_identify(src/examples) by extension 'ignore'
[-1779420359843279360.000s] Level 1:colcon.colcon_core.package_identification:_identify(src/examples) by extension 'ignore_ament_install'
[-1779420359843279360.000s] Level 1:colcon.colcon_core.package_identification:_identify(src/examples) by extensions ['colcon_pkg']
[-1779420359843279360.000s] Level 1:colcon.colcon_core.package_identification:_identify(src/examples) by extension 'colcon_pkg'
[-1779420359843279360.000s] Level 1:colcon.colcon_core.package_identification:_identify(src/examples) by extensions ['colcon_meta']
[-1779420359843279360.000s] Level 1:colcon.colcon_core.package_identification:_identify(src/examples) by extension 'colcon_meta'
[-1779420359843279360.000s] Level 1:colcon.colcon_core.package_identification:_identify(src/examples) by extensions ['ros']
[-1779420359843279360.000s] Level 1:colcon.colcon_core.package_identification:_identify(src/examples) by extension 'ros'
[-1779420359843279360.000s] Level 1:colcon.colcon_core.package_identification:_identify(src/examples) by extensions ['cmake', 'python']
[-1779420359843279360.000s] Level 1:colcon.colcon_core.package_identification:_identify(src/examples) by extension 'cmake'
[-1779420359843279360.000s] Level 1:colcon.colcon_core.package_identification:_identify(src/examples) by extension 'python'
[-1779420359843279360.000s] Level 1:colcon.colcon_core.package_identification:_identify(src/examples) by extensions ['python_setup_py']
[-1779420359843279360.000s] Level 1:colcon.colcon_core.package_identification:_identify(src/examples) by extension 'python_setup_py'
[-1779420359843279360.000s] Level 1:colcon.colcon_core.package_identification:_identify(src/examples/__pycache__) by extensions ['ignore', 'ignore_ament_install']
[-1779420359843279360.000s] Level 1:colcon.colcon_core.package_identification:_identify(src/examples/__pycache__) by extension 'ignore'
[-1779420359843279360.000s] Level 1:colcon.colcon_core.package_identification:_identify(src/examples/__pycache__) by extension 'ignore_ament_install'
[-1779420359843279360.000s] Level 1:colcon.colcon_core.package_identification:_identify(src/examples/__pycache__) by extensions ['colcon_pkg']
[-1779420359843279360.000s] Level 1:colcon.colcon_core.package_identification:_identify(src/examples/__pycache__) by extension 'colcon_pkg'
[-1779420359843279360.000s] Level 1:colcon.colcon_core.package_identification:_identify(src/examples/__pycache__) by extensions ['colcon_meta']
[-1779420359843279360.000s] Level 1:colcon.colcon_core.package_identification:_identify(src/examples/__pycache__) by extension 'colcon_meta'
[-1779420359843279360.000s] Level 1:colcon.colcon_core.package_identification:_identify(src/examples/__pycache__) by extensions ['ros']
[-1779420359843279360.000s] Level 1:colcon.colcon_core.package_identification:_identify(src/examples/__pycache__) by extension 'ros'
[-1779420359843279360.000s] Level 1:colcon.colcon_core.package_identification:_identify(src/examples/__pycache__) by extensions ['cmake', 'python']
[-1779420359843279360.000s] Level 1:colcon.colcon_core.package_identification:_identify(src/examples/__pycache__) by extension 'cmake'
[-1779420359843279360.000s] Level 1:colcon.colcon_core.package_identification:_identify(src/examples/__pycache__) by extension 'python'
[-1779420359843279360.000s] Level 1:colcon.colcon_core.package_identification:_identify(src/examples/__pycache__) by extensions ['python_setup_py']
[-1779420359843279360.000s] Level 1:colcon.colcon_core.package_identification:_identify(src/examples/__pycache__) by extension 'python_setup_py'
[-1779420359843279360.000s] Level 1:colcon.colcon_core.package_identification:_identify(src/imgs) by extensions ['ignore', 'ignore_ament_install']
[-1779420359843279360.000s] Level 1:colcon.colcon_core.package_identification:_identify(src/imgs) by extension 'ignore'
[-1779420359843279360.000s] Level 1:colcon.colcon_core.package_identification:_identify(src/imgs) by extension 'ignore_ament_install'
[-1779420359843279360.000s] Level 1:colcon.colcon_core.package_identification:_identify(src/imgs) by extensions ['colcon_pkg']
[-1779420359843279360.000s] Level 1:colcon.colcon_core.package_identification:_identify(src/imgs) by extension 'colcon_pkg'
[-1779420359843279360.000s] Level 1:colcon.colcon_core.package_identification:_identify(src/imgs) by extensions ['colcon_meta']
[-1779420359843279360.000s] Level 1:colcon.colcon_core.package_identification:_identify(src/imgs) by extension 'colcon_meta'
[-1779420359843279360.000s] Level 1:colcon.colcon_core.package_identification:_identify(src/imgs) by extensions ['ros']
[-1779420359843279360.000s] Level 1:colcon.colcon_core.package_identification:_identify(src/imgs) by extension 'ros'
[-1779420359843279360.000s] Level 1:colcon.colcon_core.package_identification:_identify(src/imgs) by extensions ['cmake', 'python']
[-1779420359843279360.000s] Level 1:colcon.colcon_core.package_identification:_identify(src/imgs) by extension 'cmake'
[-1779420359843279360.000s] Level 1:colcon.colcon_core.package_identification:_identify(src/imgs) by extension 'python'
[-1779420359843279360.000s] Level 1:colcon.colcon_core.package_identification:_identify(src/imgs) by extensions ['python_setup_py']
[-1779420359843279360.000s] Level 1:colcon.colcon_core.package_identification:_identify(src/imgs) by extension 'python_setup_py'
[-1779420359843279360.000s] Level 1:colcon.colcon_core.package_discovery:discover_packages(recursive) using defaults
[-1779420359843279360.000s] Level 1:colcon.colcon_core.package_discovery:discover_packages(ignore) discover
[-1779420359843279360.000s] Level 1:colcon.colcon_core.package_discovery:discover_packages(ignore) using defaults
[-1779420359843279360.000s] Level 1:colcon.colcon_core.package_discovery:discover_packages(path) discover
[-1779420359843279360.000s] Level 1:colcon.colcon_core.package_discovery:discover_packages(path) using defaults
[-1779420359843279360.000s] Level 5:colcon.colcon_core.verb:set package 'alicia_d_calibration' build argument 'cmake_args' from command line to 'None'
[-1779420359843279360.000s] Level 5:colcon.colcon_core.verb:set package 'alicia_d_calibration' build argument 'cmake_target' from command line to 'None'
[-1779420359843279360.000s] Level 5:colcon.colcon_core.verb:set package 'alicia_d_calibration' build argument 'cmake_target_skip_unavailable' from command line to 'False'
[-1779420359843279360.000s] Level 5:colcon.colcon_core.verb:set package 'alicia_d_calibration' build argument 'cmake_clean_cache' from command line to 'False'
[-1779420359843279360.000s] Level 5:colcon.colcon_core.verb:set package 'alicia_d_calibration' build argument 'cmake_clean_first' from command line to 'False'
[-1779420359843279360.000s] Level 5:colcon.colcon_core.verb:set package 'alicia_d_calibration' build argument 'cmake_force_configure' from command line to 'False'
[-1779420359843279360.000s] Level 5:colcon.colcon_core.verb:set package 'alicia_d_calibration' build argument 'ament_cmake_args' from command line to 'None'
[-1779420359843279360.000s] Level 5:colcon.colcon_core.verb:set package 'alicia_d_calibration' build argument 'catkin_cmake_args' from command line to 'None'
[-1779420359843279360.000s] Level 5:colcon.colcon_core.verb:set package 'alicia_d_calibration' build argument 'catkin_skip_building_tests' from command line to 'False'
[-1779420359843279360.000s] DEBUG:colcon.colcon_core.verb:Building package 'alicia_d_calibration' with the following arguments: {'ament_cmake_args': None, 'build_base': '/home/lijiaolong/桌面/opencv-practice/alicia_ws/build/alicia_d_calibration', 'catkin_cmake_args': None, 'catkin_skip_building_tests': False, 'cmake_args': None, 'cmake_clean_cache': False, 'cmake_clean_first': False, 'cmake_force_configure': False, 'cmake_target': None, 'cmake_target_skip_unavailable': False, 'install_base': '/home/lijiaolong/桌面/opencv-practice/alicia_ws/install/alicia_d_calibration', 'merge_install': False, 'path': '/home/lijiaolong/桌面/opencv-practice/alicia_ws/src/alicia_d_calibration', 'symlink_install': True, 'test_result_base': None}
[-1779420359843279360.000s] Level 5:colcon.colcon_core.verb:set package 'alicia_d_cube_sort' build argument 'cmake_args' from command line to 'None'
[-1779420359843279360.000s] Level 5:colcon.colcon_core.verb:set package 'alicia_d_cube_sort' build argument 'cmake_target' from command line to 'None'
[-1779420359843279360.000s] Level 5:colcon.colcon_core.verb:set package 'alicia_d_cube_sort' build argument 'cmake_target_skip_unavailable' from command line to 'False'
[-1779420359843279360.000s] Level 5:colcon.colcon_core.verb:set package 'alicia_d_cube_sort' build argument 'cmake_clean_cache' from command line to 'False'
[-1779420359843279360.000s] Level 5:colcon.colcon_core.verb:set package 'alicia_d_cube_sort' build argument 'cmake_clean_first' from command line to 'False'
[-1779420359843279360.000s] Level 5:colcon.colcon_core.verb:set package 'alicia_d_cube_sort' build argument 'cmake_force_configure' from command line to 'False'
[-1779420359843279360.000s] Level 5:colcon.colcon_core.verb:set package 'alicia_d_cube_sort' build argument 'ament_cmake_args' from command line to 'None'
[-1779420359843279360.000s] Level 5:colcon.colcon_core.verb:set package 'alicia_d_cube_sort' build argument 'catkin_cmake_args' from command line to 'None'
[-1779420359843279360.000s] Level 5:colcon.colcon_core.verb:set package 'alicia_d_cube_sort' build argument 'catkin_skip_building_tests' from command line to 'False'
[-1779420359843279360.000s] DEBUG:colcon.colcon_core.verb:Building package 'alicia_d_cube_sort' with the following arguments: {'ament_cmake_args': None, 'build_base': '/home/lijiaolong/桌面/opencv-practice/alicia_ws/build/alicia_d_cube_sort', 'catkin_cmake_args': None, 'catkin_skip_building_tests': False, 'cmake_args': None, 'cmake_clean_cache': False, 'cmake_clean_first': False, 'cmake_force_configure': False, 'cmake_target': None, 'cmake_target_skip_unavailable': False, 'install_base': '/home/lijiaolong/桌面/opencv-practice/alicia_ws/install/alicia_d_cube_sort', 'merge_install': False, 'path': '/home/lijiaolong/桌面/opencv-practice/alicia_ws/src/alicia_d_cube_sort', 'symlink_install': True, 'test_result_base': None}
[-1779420359843279360.000s] Level 5:colcon.colcon_core.verb:set package 'alicia_d_descriptions' build argument 'cmake_args' from command line to 'None'
[-1779420359843279360.000s] Level 5:colcon.colcon_core.verb:set package 'alicia_d_descriptions' build argument 'cmake_target' from command line to 'None'
[-1779420359843279360.000s] Level 5:colcon.colcon_core.verb:set package 'alicia_d_descriptions' build argument 'cmake_target_skip_unavailable' from command line to 'False'
[-1779420359843279360.000s] Level 5:colcon.colcon_core.verb:set package 'alicia_d_descriptions' build argument 'cmake_clean_cache' from command line to 'False'
[-1779420359843279360.000s] Level 5:colcon.colcon_core.verb:set package 'alicia_d_descriptions' build argument 'cmake_clean_first' from command line to 'False'
[-1779420359843279360.000s] Level 5:colcon.colcon_core.verb:set package 'alicia_d_descriptions' build argument 'cmake_force_configure' from command line to 'False'
[-1779420359843279360.000s] Level 5:colcon.colcon_core.verb:set package 'alicia_d_descriptions' build argument 'ament_cmake_args' from command line to 'None'
[-1779420359843279360.000s] Level 5:colcon.colcon_core.verb:set package 'alicia_d_descriptions' build argument 'catkin_cmake_args' from command line to 'None'
[-1779420359843279360.000s] Level 5:colcon.colcon_core.verb:set package 'alicia_d_descriptions' build argument 'catkin_skip_building_tests' from command line to 'False'
[-1779420359843279360.000s] DEBUG:colcon.colcon_core.verb:Building package 'alicia_d_descriptions' with the following arguments: {'ament_cmake_args': None, 'build_base': '/home/lijiaolong/桌面/opencv-practice/alicia_ws/build/alicia_d_descriptions', 'catkin_cmake_args': None, 'catkin_skip_building_tests': False, 'cmake_args': None, 'cmake_clean_cache': False, 'cmake_clean_first': False, 'cmake_force_configure': False, 'cmake_target': None, 'cmake_target_skip_unavailable': False, 'install_base': '/home/lijiaolong/桌面/opencv-practice/alicia_ws/install/alicia_d_descriptions', 'merge_install': False, 'path': '/home/lijiaolong/桌面/opencv-practice/alicia_ws/src/alicia_d_descriptions', 'symlink_install': True, 'test_result_base': None}
[-1779420359843279360.000s] Level 5:colcon.colcon_core.verb:set package 'alicia_d_driver' build argument 'cmake_args' from command line to 'None'
[-1779420359843279360.000s] Level 5:colcon.colcon_core.verb:set package 'alicia_d_driver' build argument 'cmake_target' from command line to 'None'
[-1779420359843279360.000s] Level 5:colcon.colcon_core.verb:set package 'alicia_d_driver' build argument 'cmake_target_skip_unavailable' from command line to 'False'
[-1779420359843279360.000s] Level 5:colcon.colcon_core.verb:set package 'alicia_d_driver' build argument 'cmake_clean_cache' from command line to 'False'
[-1779420359843279360.000s] Level 5:colcon.colcon_core.verb:set package 'alicia_d_driver' build argument 'cmake_clean_first' from command line to 'False'
[-1779420359843279360.000s] Level 5:colcon.colcon_core.verb:set package 'alicia_d_driver' build argument 'cmake_force_configure' from command line to 'False'
[-1779420359843279360.000s] Level 5:colcon.colcon_core.verb:set package 'alicia_d_driver' build argument 'ament_cmake_args' from command line to 'None'
[-1779420359843279360.000s] Level 5:colcon.colcon_core.verb:set package 'alicia_d_driver' build argument 'catkin_cmake_args' from command line to 'None'
[-1779420359843279360.000s] Level 5:colcon.colcon_core.verb:set package 'alicia_d_driver' build argument 'catkin_skip_building_tests' from command line to 'False'
[-1779420359843279360.000s] DEBUG:colcon.colcon_core.verb:Building package 'alicia_d_driver' with the following arguments: {'ament_cmake_args': None, 'build_base': '/home/lijiaolong/桌面/opencv-practice/alicia_ws/build/alicia_d_driver', 'catkin_cmake_args': None, 'catkin_skip_building_tests': False, 'cmake_args': None, 'cmake_clean_cache': False, 'cmake_clean_first': False, 'cmake_force_configure': False, 'cmake_target': None, 'cmake_target_skip_unavailable': False, 'install_base': '/home/lijiaolong/桌面/opencv-practice/alicia_ws/install/alicia_d_driver', 'merge_install': False, 'path': '/home/lijiaolong/桌面/opencv-practice/alicia_ws/src/alicia_d_driver', 'symlink_install': True, 'test_result_base': None}
[-1779420359843279360.000s] Level 5:colcon.colcon_core.verb:set package 'alicia_d_moveit' build argument 'cmake_args' from command line to 'None'
[-1779420359843279360.000s] Level 5:colcon.colcon_core.verb:set package 'alicia_d_moveit' build argument 'cmake_target' from command line to 'None'
[-1779420359843279360.000s] Level 5:colcon.colcon_core.verb:set package 'alicia_d_moveit' build argument 'cmake_target_skip_unavailable' from command line to 'False'
[-1779420359843279360.000s] Level 5:colcon.colcon_core.verb:set package 'alicia_d_moveit' build argument 'cmake_clean_cache' from command line to 'False'
[-1779420359843279360.000s] Level 5:colcon.colcon_core.verb:set package 'alicia_d_moveit' build argument 'cmake_clean_first' from command line to 'False'
[-1779420359843279360.000s] Level 5:colcon.colcon_core.verb:set package 'alicia_d_moveit' build argument 'cmake_force_configure' from command line to 'False'
[-1779420359843279360.000s] Level 5:colcon.colcon_core.verb:set package 'alicia_d_moveit' build argument 'ament_cmake_args' from command line to 'None'
[-1779420359843279360.000s] Level 5:colcon.colcon_core.verb:set package 'alicia_d_moveit' build argument 'catkin_cmake_args' from command line to 'None'
[-1779420359843279360.000s] Level 5:colcon.colcon_core.verb:set package 'alicia_d_moveit' build argument 'catkin_skip_building_tests' from command line to 'False'
[-1779420359843279360.000s] DEBUG:colcon.colcon_core.verb:Building package 'alicia_d_moveit' with the following arguments: {'ament_cmake_args': None, 'build_base': '/home/lijiaolong/桌面/opencv-practice/alicia_ws/build/alicia_d_moveit', 'catkin_cmake_args': None, 'catkin_skip_building_tests': False, 'cmake_args': None, 'cmake_clean_cache': False, 'cmake_clean_first': False, 'cmake_force_configure': False, 'cmake_target': None, 'cmake_target_skip_unavailable': False, 'install_base': '/home/lijiaolong/桌面/opencv-practice/alicia_ws/install/alicia_d_moveit', 'merge_install': False, 'path': '/home/lijiaolong/桌面/opencv-practice/alicia_ws/src/alicia_d_moveit', 'symlink_install': True, 'test_result_base': None}
[-1779420359843279360.000s] INFO:colcon.colcon_core.executor:Executing jobs using 'parallel' executor
[-1779420359843279360.000s] DEBUG:colcon.colcon_parallel_executor.executor.parallel:run_until_complete
[-1779420359843279360.000s] INFO:colcon.colcon_ros.task.ament_cmake.build:Building ROS package in '/home/lijiaolong/桌面/opencv-practice/alicia_ws/src/alicia_d_descriptions' with build type 'ament_cmake'
[-1779420359843279360.000s] INFO:colcon.colcon_cmake.task.cmake.build:Building CMake package in '/home/lijiaolong/桌面/opencv-practice/alicia_ws/src/alicia_d_descriptions'
[-1779420359843279360.000s] INFO:colcon.colcon_core.plugin_system:Skipping extension 'colcon_core.shell.bat': Not used on non-Windows systems
[-1779420359843279360.000s] INFO:colcon.colcon_core.shell:Skip shell extension 'powershell' for command environment: Not usable outside of PowerShell
[-1779420359843279360.000s] DEBUG:colcon.colcon_core.shell:Skip shell extension 'dsv' for command environment
[-1779420359843279360.000s] INFO:colcon.colcon_ros.task.ament_cmake.build:Building ROS package in '/home/lijiaolong/桌面/opencv-practice/alicia_ws/src/alicia_d_driver' with build type 'ament_cmake'
[-1779420359843279360.000s] INFO:colcon.colcon_cmake.task.cmake.build:Building CMake package in '/home/lijiaolong/桌面/opencv-practice/alicia_ws/src/alicia_d_driver'
[-1779420359843279360.000s] INFO:colcon.colcon_core.shell:Skip shell extension 'powershell' for command environment: Not usable outside of PowerShell
[-1779420359843279360.000s] DEBUG:colcon.colcon_core.shell:Skip shell extension 'dsv' for command environment
[-1779420359843279360.000s] INFO:colcon.colcon_ros.task.ament_cmake.build:Building ROS package in '/home/lijiaolong/桌面/opencv-practice/alicia_ws/src/alicia_d_calibration' with build type 'ament_cmake'
[-1779420359843279360.000s] INFO:colcon.colcon_cmake.task.cmake.build:Building CMake package in '/home/lijiaolong/桌面/opencv-practice/alicia_ws/src/alicia_d_calibration'
[-1779420359843279360.000s] INFO:colcon.colcon_core.shell:Skip shell extension 'powershell' for command environment: Not usable outside of PowerShell
[-1779420359843279360.000s] DEBUG:colcon.colcon_core.shell:Skip shell extension 'dsv' for command environment
[-1779420359843279360.000s] INFO:colcon.colcon_ros.task.ament_cmake.build:Building ROS package in '/home/lijiaolong/桌面/opencv-practice/alicia_ws/src/alicia_d_cube_sort' with build type 'ament_cmake'
[-1779420359843279360.000s] INFO:colcon.colcon_cmake.task.cmake.build:Building CMake package in '/home/lijiaolong/桌面/opencv-practice/alicia_ws/src/alicia_d_cube_sort'
[-1779420359843279360.000s] INFO:colcon.colcon_core.shell:Skip shell extension 'powershell' for command environment: Not usable outside of PowerShell
[-1779420359843279360.000s] DEBUG:colcon.colcon_core.shell:Skip shell extension 'dsv' for command environment
[-1779420359843279360.000s] DEBUG:colcon.colcon_core.event_handler.log_command:Invoking command in '/home/lijiaolong/桌面/opencv-practice/alicia_ws/build/alicia_d_descriptions': CMAKE_PREFIX_PATH=${CMAKE_PREFIX_PATH}:/opt/ros/jazzy CONDA_PROMPT_MODIFIER=(base) DEBUGINFOD_URLS=https://debuginfod.ubuntu.com /usr/bin/cmake --build /home/lijiaolong/桌面/opencv-practice/alicia_ws/build/alicia_d_descriptions -- -j24 -l24
[-1779420359843279360.000s] DEBUG:colcon.colcon_core.event_handler.log_command:Invoking command in '/home/lijiaolong/桌面/opencv-practice/alicia_ws/build/alicia_d_driver': CMAKE_PREFIX_PATH=${CMAKE_PREFIX_PATH}:/opt/ros/jazzy CONDA_PROMPT_MODIFIER=(base) DEBUGINFOD_URLS=https://debuginfod.ubuntu.com /usr/bin/cmake --build /home/lijiaolong/桌面/opencv-practice/alicia_ws/build/alicia_d_driver -- -j24 -l24
[-1779420359843279360.000s] DEBUG:colcon.colcon_core.event_handler.log_command:Invoking command in '/home/lijiaolong/桌面/opencv-practice/alicia_ws/build/alicia_d_calibration': CMAKE_PREFIX_PATH=${CMAKE_PREFIX_PATH}:/opt/ros/jazzy CONDA_PROMPT_MODIFIER=(base) DEBUGINFOD_URLS=https://debuginfod.ubuntu.com /usr/bin/cmake --build /home/lijiaolong/桌面/opencv-practice/alicia_ws/build/alicia_d_calibration -- -j24 -l24
[-1779420359843279360.000s] DEBUG:colcon.colcon_core.event_handler.log_command:Invoking command in '/home/lijiaolong/桌面/opencv-practice/alicia_ws/build/alicia_d_cube_sort': CMAKE_PREFIX_PATH=${CMAKE_PREFIX_PATH}:/opt/ros/jazzy CONDA_PROMPT_MODIFIER=(base) DEBUGINFOD_URLS=https://debuginfod.ubuntu.com /usr/bin/cmake --build /home/lijiaolong/桌面/opencv-practice/alicia_ws/build/alicia_d_cube_sort -- -j24 -l24
[-1779420359843279360.000s] DEBUG:colcon.colcon_core.event_handler.log_command:Invoked command in '/home/lijiaolong/桌面/opencv-practice/alicia_ws/build/alicia_d_descriptions' returned '0': CMAKE_PREFIX_PATH=${CMAKE_PREFIX_PATH}:/opt/ros/jazzy CONDA_PROMPT_MODIFIER=(base) DEBUGINFOD_URLS=https://debuginfod.ubuntu.com /usr/bin/cmake --build /home/lijiaolong/桌面/opencv-practice/alicia_ws/build/alicia_d_descriptions -- -j24 -l24
[-1779420359843279360.000s] DEBUG:colcon.colcon_core.event_handler.log_command:Invoking command in '/home/lijiaolong/桌面/opencv-practice/alicia_ws/build/alicia_d_descriptions': CMAKE_PREFIX_PATH=${CMAKE_PREFIX_PATH}:/opt/ros/jazzy CONDA_PROMPT_MODIFIER=(base) DEBUGINFOD_URLS=https://debuginfod.ubuntu.com /usr/bin/cmake --install /home/lijiaolong/桌面/opencv-practice/alicia_ws/build/alicia_d_descriptions
[-1779420359843279360.000s] Level 1:colcon.colcon_core.environment:create_environment_scripts_only(alicia_d_descriptions)
[-1779420359843279360.000s] DEBUG:colcon.colcon_core.event_handler.log_command:Invoked command in '/home/lijiaolong/桌面/opencv-practice/alicia_ws/build/alicia_d_descriptions' returned '0': CMAKE_PREFIX_PATH=${CMAKE_PREFIX_PATH}:/opt/ros/jazzy CONDA_PROMPT_MODIFIER=(base) DEBUGINFOD_URLS=https://debuginfod.ubuntu.com /usr/bin/cmake --install /home/lijiaolong/桌面/opencv-practice/alicia_ws/build/alicia_d_descriptions
[-1779420359843279360.000s] Level 1:colcon.colcon_core.environment:checking '/home/lijiaolong/桌面/opencv-practice/alicia_ws/install/alicia_d_descriptions' for CMake module files
[-1779420359843279360.000s] Level 1:colcon.colcon_core.environment:checking '/home/lijiaolong/桌面/opencv-practice/alicia_ws/install/alicia_d_descriptions' for CMake config files
[-1779420359843279360.000s] Level 1:colcon.colcon_core.shell:create_environment_hook('alicia_d_descriptions', 'cmake_prefix_path')
[-1779420359843279360.000s] INFO:colcon.colcon_core.shell:Creating environment hook '/home/lijiaolong/桌面/opencv-practice/alicia_ws/install/alicia_d_descriptions/share/alicia_d_descriptions/hook/cmake_prefix_path.ps1'
[-1779420359843279360.000s] INFO:colcon.colcon_core.shell:Creating environment descriptor '/home/lijiaolong/桌面/opencv-practice/alicia_ws/install/alicia_d_descriptions/share/alicia_d_descriptions/hook/cmake_prefix_path.dsv'
[-1779420359843279360.000s] INFO:colcon.colcon_core.shell:Creating environment hook '/home/lijiaolong/桌面/opencv-practice/alicia_ws/install/alicia_d_descriptions/share/alicia_d_descriptions/hook/cmake_prefix_path.sh'
[-1779420359843279360.000s] Level 1:colcon.colcon_core.environment:checking '/home/lijiaolong/桌面/opencv-practice/alicia_ws/install/alicia_d_descriptions/lib'
[-1779420359843279360.000s] Level 1:colcon.colcon_core.environment:checking '/home/lijiaolong/桌面/opencv-practice/alicia_ws/install/alicia_d_descriptions/bin'
[-1779420359843279360.000s] Level 1:colcon.colcon_core.environment:checking '/home/lijiaolong/桌面/opencv-practice/alicia_ws/install/alicia_d_descriptions/lib/pkgconfig/alicia_d_descriptions.pc'
[-1779420359843279360.000s] Level 1:colcon.colcon_core.environment:checking '/home/lijiaolong/桌面/opencv-practice/alicia_ws/install/alicia_d_descriptions/lib/python3.13/site-packages'
[-1779420359843279360.000s] Level 1:colcon.colcon_core.environment:checking '/home/lijiaolong/桌面/opencv-practice/alicia_ws/install/alicia_d_descriptions/bin'
[-1779420359843279360.000s] INFO:colcon.colcon_core.shell:Creating package script '/home/lijiaolong/桌面/opencv-practice/alicia_ws/install/alicia_d_descriptions/share/alicia_d_descriptions/package.ps1'
[-1779420359843279360.000s] INFO:colcon.colcon_core.shell:Creating package descriptor '/home/lijiaolong/桌面/opencv-practice/alicia_ws/install/alicia_d_descriptions/share/alicia_d_descriptions/package.dsv'
[-1779420359843279360.000s] INFO:colcon.colcon_core.shell:Creating package script '/home/lijiaolong/桌面/opencv-practice/alicia_ws/install/alicia_d_descriptions/share/alicia_d_descriptions/package.sh'
[-1779420359843279360.000s] INFO:colcon.colcon_core.shell:Creating package script '/home/lijiaolong/桌面/opencv-practice/alicia_ws/install/alicia_d_descriptions/share/alicia_d_descriptions/package.bash'
[-1779420359843279360.000s] INFO:colcon.colcon_core.shell:Creating package script '/home/lijiaolong/桌面/opencv-practice/alicia_ws/install/alicia_d_descriptions/share/alicia_d_descriptions/package.zsh'
[-1779420359843279360.000s] Level 1:colcon.colcon_core.environment:create_file_with_runtime_dependencies(/home/lijiaolong/桌面/opencv-practice/alicia_ws/install/alicia_d_descriptions/share/colcon-core/packages/alicia_d_descriptions)
[-1779420359843279360.000s] Level 1:colcon.colcon_core.environment:create_environment_scripts_only(alicia_d_descriptions)
[-1779420359843279360.000s] Level 1:colcon.colcon_core.environment:checking '/home/lijiaolong/桌面/opencv-practice/alicia_ws/install/alicia_d_descriptions' for CMake module files
[-1779420359843279360.000s] Level 1:colcon.colcon_core.environment:checking '/home/lijiaolong/桌面/opencv-practice/alicia_ws/install/alicia_d_descriptions' for CMake config files
[-1779420359843279360.000s] Level 1:colcon.colcon_core.shell:create_environment_hook('alicia_d_descriptions', 'cmake_prefix_path')
[-1779420359843279360.000s] INFO:colcon.colcon_core.shell:Creating environment hook '/home/lijiaolong/桌面/opencv-practice/alicia_ws/install/alicia_d_descriptions/share/alicia_d_descriptions/hook/cmake_prefix_path.ps1'
[-1779420359843279360.000s] INFO:colcon.colcon_core.shell:Creating environment descriptor '/home/lijiaolong/桌面/opencv-practice/alicia_ws/install/alicia_d_descriptions/share/alicia_d_descriptions/hook/cmake_prefix_path.dsv'
[-1779420359843279360.000s] INFO:colcon.colcon_core.shell:Creating environment hook '/home/lijiaolong/桌面/opencv-practice/alicia_ws/install/alicia_d_descriptions/share/alicia_d_descriptions/hook/cmake_prefix_path.sh'
[-1779420359843279360.000s] Level 1:colcon.colcon_core.environment:checking '/home/lijiaolong/桌面/opencv-practice/alicia_ws/install/alicia_d_descriptions/lib'
[-1779420359843279360.000s] Level 1:colcon.colcon_core.environment:checking '/home/lijiaolong/桌面/opencv-practice/alicia_ws/install/alicia_d_descriptions/bin'
[-1779420359843279360.000s] Level 1:colcon.colcon_core.environment:checking '/home/lijiaolong/桌面/opencv-practice/alicia_ws/install/alicia_d_descriptions/lib/pkgconfig/alicia_d_descriptions.pc'
[-1779420359843279360.000s] Level 1:colcon.colcon_core.environment:checking '/home/lijiaolong/桌面/opencv-practice/alicia_ws/install/alicia_d_descriptions/lib/python3.13/site-packages'
[-1779420359843279360.000s] Level 1:colcon.colcon_core.environment:checking '/home/lijiaolong/桌面/opencv-practice/alicia_ws/install/alicia_d_descriptions/bin'
[-1779420359843279360.000s] INFO:colcon.colcon_core.shell:Creating package script '/home/lijiaolong/桌面/opencv-practice/alicia_ws/install/alicia_d_descriptions/share/alicia_d_descriptions/package.ps1'
[-1779420359843279360.000s] INFO:colcon.colcon_core.shell:Creating package descriptor '/home/lijiaolong/桌面/opencv-practice/alicia_ws/install/alicia_d_descriptions/share/alicia_d_descriptions/package.dsv'
[-1779420359843279360.000s] INFO:colcon.colcon_core.shell:Creating package script '/home/lijiaolong/桌面/opencv-practice/alicia_ws/install/alicia_d_descriptions/share/alicia_d_descriptions/package.sh'
[-1779420359843279360.000s] INFO:colcon.colcon_core.shell:Creating package script '/home/lijiaolong/桌面/opencv-practice/alicia_ws/install/alicia_d_descriptions/share/alicia_d_descriptions/package.bash'
[-1779420359843279360.000s] INFO:colcon.colcon_core.shell:Creating package script '/home/lijiaolong/桌面/opencv-practice/alicia_ws/install/alicia_d_descriptions/share/alicia_d_descriptions/package.zsh'
[-1779420359843279360.000s] Level 1:colcon.colcon_core.environment:create_file_with_runtime_dependencies(/home/lijiaolong/桌面/opencv-practice/alicia_ws/install/alicia_d_descriptions/share/colcon-core/packages/alicia_d_descriptions)
[-1779420359843279360.000s] DEBUG:colcon.colcon_core.event_handler.log_command:Invoked command in '/home/lijiaolong/桌面/opencv-practice/alicia_ws/build/alicia_d_cube_sort' returned '0': CMAKE_PREFIX_PATH=${CMAKE_PREFIX_PATH}:/opt/ros/jazzy CONDA_PROMPT_MODIFIER=(base) DEBUGINFOD_URLS=https://debuginfod.ubuntu.com /usr/bin/cmake --build /home/lijiaolong/桌面/opencv-practice/alicia_ws/build/alicia_d_cube_sort -- -j24 -l24
[-1779420359843279360.000s] DEBUG:colcon.colcon_core.event_handler.log_command:Invoking command in '/home/lijiaolong/桌面/opencv-practice/alicia_ws/build/alicia_d_cube_sort': CMAKE_PREFIX_PATH=${CMAKE_PREFIX_PATH}:/opt/ros/jazzy CONDA_PROMPT_MODIFIER=(base) DEBUGINFOD_URLS=https://debuginfod.ubuntu.com /usr/bin/cmake --install /home/lijiaolong/桌面/opencv-practice/alicia_ws/build/alicia_d_cube_sort
[-1779420359843279360.000s] DEBUG:colcon.colcon_core.event_handler.log_command:Invoked command in '/home/lijiaolong/桌面/opencv-practice/alicia_ws/build/alicia_d_calibration' returned '0': CMAKE_PREFIX_PATH=${CMAKE_PREFIX_PATH}:/opt/ros/jazzy CONDA_PROMPT_MODIFIER=(base) DEBUGINFOD_URLS=https://debuginfod.ubuntu.com /usr/bin/cmake --build /home/lijiaolong/桌面/opencv-practice/alicia_ws/build/alicia_d_calibration -- -j24 -l24
[-1779420359843279360.000s] DEBUG:colcon.colcon_core.event_handler.log_command:Invoking command in '/home/lijiaolong/桌面/opencv-practice/alicia_ws/build/alicia_d_calibration': CMAKE_PREFIX_PATH=${CMAKE_PREFIX_PATH}:/opt/ros/jazzy CONDA_PROMPT_MODIFIER=(base) DEBUGINFOD_URLS=https://debuginfod.ubuntu.com /usr/bin/cmake --install /home/lijiaolong/桌面/opencv-practice/alicia_ws/build/alicia_d_calibration
[-1779420359843279360.000s] Level 1:colcon.colcon_core.environment:create_environment_scripts_only(alicia_d_calibration)
[-1779420359843279360.000s] Level 1:colcon.colcon_core.environment:checking '/home/lijiaolong/桌面/opencv-practice/alicia_ws/install/alicia_d_calibration' for CMake module files
[-1779420359843279360.000s] DEBUG:colcon.colcon_core.event_handler.log_command:Invoked command in '/home/lijiaolong/桌面/opencv-practice/alicia_ws/build/alicia_d_calibration' returned '0': CMAKE_PREFIX_PATH=${CMAKE_PREFIX_PATH}:/opt/ros/jazzy CONDA_PROMPT_MODIFIER=(base) DEBUGINFOD_URLS=https://debuginfod.ubuntu.com /usr/bin/cmake --install /home/lijiaolong/桌面/opencv-practice/alicia_ws/build/alicia_d_calibration
[-1779420359843279360.000s] Level 1:colcon.colcon_core.environment:checking '/home/lijiaolong/桌面/opencv-practice/alicia_ws/install/alicia_d_calibration' for CMake config files
[-1779420359843279360.000s] Level 1:colcon.colcon_core.shell:create_environment_hook('alicia_d_calibration', 'cmake_prefix_path')
[-1779420359843279360.000s] INFO:colcon.colcon_core.shell:Creating environment hook '/home/lijiaolong/桌面/opencv-practice/alicia_ws/install/alicia_d_calibration/share/alicia_d_calibration/hook/cmake_prefix_path.ps1'
[-1779420359843279360.000s] INFO:colcon.colcon_core.shell:Creating environment descriptor '/home/lijiaolong/桌面/opencv-practice/alicia_ws/install/alicia_d_calibration/share/alicia_d_calibration/hook/cmake_prefix_path.dsv'
[-1779420359843279360.000s] INFO:colcon.colcon_core.shell:Creating environment hook '/home/lijiaolong/桌面/opencv-practice/alicia_ws/install/alicia_d_calibration/share/alicia_d_calibration/hook/cmake_prefix_path.sh'
[-1779420359843279360.000s] Level 1:colcon.colcon_core.environment:checking '/home/lijiaolong/桌面/opencv-practice/alicia_ws/install/alicia_d_calibration/lib'
[-1779420359843279360.000s] Level 1:colcon.colcon_core.environment:checking '/home/lijiaolong/桌面/opencv-practice/alicia_ws/install/alicia_d_calibration/bin'
[-1779420359843279360.000s] Level 1:colcon.colcon_core.environment:checking '/home/lijiaolong/桌面/opencv-practice/alicia_ws/install/alicia_d_calibration/lib/pkgconfig/alicia_d_calibration.pc'
[-1779420359843279360.000s] Level 1:colcon.colcon_core.environment:checking '/home/lijiaolong/桌面/opencv-practice/alicia_ws/install/alicia_d_calibration/lib/python3.13/site-packages'
[-1779420359843279360.000s] Level 1:colcon.colcon_core.environment:checking '/home/lijiaolong/桌面/opencv-practice/alicia_ws/install/alicia_d_calibration/bin'
[-1779420359843279360.000s] INFO:colcon.colcon_core.shell:Creating package script '/home/lijiaolong/桌面/opencv-practice/alicia_ws/install/alicia_d_calibration/share/alicia_d_calibration/package.ps1'
[-1779420359843279360.000s] INFO:colcon.colcon_core.shell:Creating package descriptor '/home/lijiaolong/桌面/opencv-practice/alicia_ws/install/alicia_d_calibration/share/alicia_d_calibration/package.dsv'
[-1779420359843279360.000s] INFO:colcon.colcon_core.shell:Creating package script '/home/lijiaolong/桌面/opencv-practice/alicia_ws/install/alicia_d_calibration/share/alicia_d_calibration/package.sh'
[-1779420359843279360.000s] INFO:colcon.colcon_core.shell:Creating package script '/home/lijiaolong/桌面/opencv-practice/alicia_ws/install/alicia_d_calibration/share/alicia_d_calibration/package.bash'
[-1779420359843279360.000s] INFO:colcon.colcon_core.shell:Creating package script '/home/lijiaolong/桌面/opencv-practice/alicia_ws/install/alicia_d_calibration/share/alicia_d_calibration/package.zsh'
[-1779420359843279360.000s] Level 1:colcon.colcon_core.environment:create_file_with_runtime_dependencies(/home/lijiaolong/桌面/opencv-practice/alicia_ws/install/alicia_d_calibration/share/colcon-core/packages/alicia_d_calibration)
[-1779420359843279360.000s] Level 1:colcon.colcon_core.environment:create_environment_scripts_only(alicia_d_calibration)
[-1779420359843279360.000s] Level 1:colcon.colcon_core.environment:checking '/home/lijiaolong/桌面/opencv-practice/alicia_ws/install/alicia_d_calibration' for CMake module files
[-1779420359843279360.000s] Level 1:colcon.colcon_core.environment:checking '/home/lijiaolong/桌面/opencv-practice/alicia_ws/install/alicia_d_calibration' for CMake config files
[-1779420359843279360.000s] Level 1:colcon.colcon_core.shell:create_environment_hook('alicia_d_calibration', 'cmake_prefix_path')
[-1779420359843279360.000s] INFO:colcon.colcon_core.shell:Creating environment hook '/home/lijiaolong/桌面/opencv-practice/alicia_ws/install/alicia_d_calibration/share/alicia_d_calibration/hook/cmake_prefix_path.ps1'
[-1779420359843279360.000s] INFO:colcon.colcon_core.shell:Creating environment descriptor '/home/lijiaolong/桌面/opencv-practice/alicia_ws/install/alicia_d_calibration/share/alicia_d_calibration/hook/cmake_prefix_path.dsv'
[-1779420359843279360.000s] INFO:colcon.colcon_core.shell:Creating environment hook '/home/lijiaolong/桌面/opencv-practice/alicia_ws/install/alicia_d_calibration/share/alicia_d_calibration/hook/cmake_prefix_path.sh'
[-1779420359843279360.000s] Level 1:colcon.colcon_core.environment:checking '/home/lijiaolong/桌面/opencv-practice/alicia_ws/install/alicia_d_calibration/lib'
[-1779420359843279360.000s] Level 1:colcon.colcon_core.environment:checking '/home/lijiaolong/桌面/opencv-practice/alicia_ws/install/alicia_d_calibration/bin'
[-1779420359843279360.000s] Level 1:colcon.colcon_core.environment:checking '/home/lijiaolong/桌面/opencv-practice/alicia_ws/install/alicia_d_calibration/lib/pkgconfig/alicia_d_calibration.pc'
[-1779420359843279360.000s] Level 1:colcon.colcon_core.environment:checking '/home/lijiaolong/桌面/opencv-practice/alicia_ws/install/alicia_d_calibration/lib/python3.13/site-packages'
[-1779420359843279360.000s] Level 1:colcon.colcon_core.environment:checking '/home/lijiaolong/桌面/opencv-practice/alicia_ws/install/alicia_d_calibration/bin'
[-1779420359843279360.000s] INFO:colcon.colcon_core.shell:Creating package script '/home/lijiaolong/桌面/opencv-practice/alicia_ws/install/alicia_d_calibration/share/alicia_d_calibration/package.ps1'
[-1779420359843279360.000s] INFO:colcon.colcon_core.shell:Creating package descriptor '/home/lijiaolong/桌面/opencv-practice/alicia_ws/install/alicia_d_calibration/share/alicia_d_calibration/package.dsv'
[-1779420359843279360.000s] INFO:colcon.colcon_core.shell:Creating package script '/home/lijiaolong/桌面/opencv-practice/alicia_ws/install/alicia_d_calibration/share/alicia_d_calibration/package.sh'
[-1779420359843279360.000s] INFO:colcon.colcon_core.shell:Creating package script '/home/lijiaolong/桌面/opencv-practice/alicia_ws/install/alicia_d_calibration/share/alicia_d_calibration/package.bash'
[-1779420359843279360.000s] INFO:colcon.colcon_core.shell:Creating package script '/home/lijiaolong/桌面/opencv-practice/alicia_ws/install/alicia_d_calibration/share/alicia_d_calibration/package.zsh'
[-1779420359843279360.000s] Level 1:colcon.colcon_core.environment:create_file_with_runtime_dependencies(/home/lijiaolong/桌面/opencv-practice/alicia_ws/install/alicia_d_calibration/share/colcon-core/packages/alicia_d_calibration)
[-1779420359843279360.000s] Level 1:colcon.colcon_core.environment:create_environment_scripts_only(alicia_d_cube_sort)
[-1779420359843279360.000s] Level 1:colcon.colcon_core.environment:checking '/home/lijiaolong/桌面/opencv-practice/alicia_ws/install/alicia_d_cube_sort' for CMake module files
[-1779420359843279360.000s] DEBUG:colcon.colcon_core.event_handler.log_command:Invoked command in '/home/lijiaolong/桌面/opencv-practice/alicia_ws/build/alicia_d_cube_sort' returned '0': CMAKE_PREFIX_PATH=${CMAKE_PREFIX_PATH}:/opt/ros/jazzy CONDA_PROMPT_MODIFIER=(base) DEBUGINFOD_URLS=https://debuginfod.ubuntu.com /usr/bin/cmake --install /home/lijiaolong/桌面/opencv-practice/alicia_ws/build/alicia_d_cube_sort
[-1779420359843279360.000s] Level 1:colcon.colcon_core.environment:checking '/home/lijiaolong/桌面/opencv-practice/alicia_ws/install/alicia_d_cube_sort' for CMake config files
[-1779420359843279360.000s] Level 1:colcon.colcon_core.shell:create_environment_hook('alicia_d_cube_sort', 'cmake_prefix_path')
[-1779420359843279360.000s] INFO:colcon.colcon_core.shell:Creating environment hook '/home/lijiaolong/桌面/opencv-practice/alicia_ws/install/alicia_d_cube_sort/share/alicia_d_cube_sort/hook/cmake_prefix_path.ps1'
[-1779420359843279360.000s] INFO:colcon.colcon_core.shell:Creating environment descriptor '/home/lijiaolong/桌面/opencv-practice/alicia_ws/install/alicia_d_cube_sort/share/alicia_d_cube_sort/hook/cmake_prefix_path.dsv'
[-1779420359843279360.000s] INFO:colcon.colcon_core.shell:Creating environment hook '/home/lijiaolong/桌面/opencv-practice/alicia_ws/install/alicia_d_cube_sort/share/alicia_d_cube_sort/hook/cmake_prefix_path.sh'
[-1779420359843279360.000s] Level 1:colcon.colcon_core.environment:checking '/home/lijiaolong/桌面/opencv-practice/alicia_ws/install/alicia_d_cube_sort/lib'
[-1779420359843279360.000s] Level 1:colcon.colcon_core.environment:checking '/home/lijiaolong/桌面/opencv-practice/alicia_ws/install/alicia_d_cube_sort/bin'
[-1779420359843279360.000s] Level 1:colcon.colcon_core.environment:checking '/home/lijiaolong/桌面/opencv-practice/alicia_ws/install/alicia_d_cube_sort/lib/pkgconfig/alicia_d_cube_sort.pc'
[-1779420359843279360.000s] Level 1:colcon.colcon_core.environment:checking '/home/lijiaolong/桌面/opencv-practice/alicia_ws/install/alicia_d_cube_sort/lib/python3.13/site-packages'
[-1779420359843279360.000s] Level 1:colcon.colcon_core.environment:checking '/home/lijiaolong/桌面/opencv-practice/alicia_ws/install/alicia_d_cube_sort/bin'
[-1779420359843279360.000s] INFO:colcon.colcon_core.shell:Creating package script '/home/lijiaolong/桌面/opencv-practice/alicia_ws/install/alicia_d_cube_sort/share/alicia_d_cube_sort/package.ps1'
[-1779420359843279360.000s] INFO:colcon.colcon_core.shell:Creating package descriptor '/home/lijiaolong/桌面/opencv-practice/alicia_ws/install/alicia_d_cube_sort/share/alicia_d_cube_sort/package.dsv'
[-1779420359843279360.000s] INFO:colcon.colcon_core.shell:Creating package script '/home/lijiaolong/桌面/opencv-practice/alicia_ws/install/alicia_d_cube_sort/share/alicia_d_cube_sort/package.sh'
[-1779420359843279360.000s] INFO:colcon.colcon_core.shell:Creating package script '/home/lijiaolong/桌面/opencv-practice/alicia_ws/install/alicia_d_cube_sort/share/alicia_d_cube_sort/package.bash'
[-1779420359843279360.000s] INFO:colcon.colcon_core.shell:Creating package script '/home/lijiaolong/桌面/opencv-practice/alicia_ws/install/alicia_d_cube_sort/share/alicia_d_cube_sort/package.zsh'
[-1779420359843279360.000s] Level 1:colcon.colcon_core.environment:create_file_with_runtime_dependencies(/home/lijiaolong/桌面/opencv-practice/alicia_ws/install/alicia_d_cube_sort/share/colcon-core/packages/alicia_d_cube_sort)
[-1779420359843279360.000s] Level 1:colcon.colcon_core.environment:create_environment_scripts_only(alicia_d_cube_sort)
[-1779420359843279360.000s] Level 1:colcon.colcon_core.environment:checking '/home/lijiaolong/桌面/opencv-practice/alicia_ws/install/alicia_d_cube_sort' for CMake module files
[-1779420359843279360.000s] Level 1:colcon.colcon_core.environment:checking '/home/lijiaolong/桌面/opencv-practice/alicia_ws/install/alicia_d_cube_sort' for CMake config files
[-1779420359843279360.000s] Level 1:colcon.colcon_core.shell:create_environment_hook('alicia_d_cube_sort', 'cmake_prefix_path')
[-1779420359843279360.000s] INFO:colcon.colcon_core.shell:Creating environment hook '/home/lijiaolong/桌面/opencv-practice/alicia_ws/install/alicia_d_cube_sort/share/alicia_d_cube_sort/hook/cmake_prefix_path.ps1'
[-1779420359843279360.000s] INFO:colcon.colcon_core.shell:Creating environment descriptor '/home/lijiaolong/桌面/opencv-practice/alicia_ws/install/alicia_d_cube_sort/share/alicia_d_cube_sort/hook/cmake_prefix_path.dsv'
[-1779420359843279360.000s] INFO:colcon.colcon_core.shell:Creating environment hook '/home/lijiaolong/桌面/opencv-practice/alicia_ws/install/alicia_d_cube_sort/share/alicia_d_cube_sort/hook/cmake_prefix_path.sh'
[-1779420359843279360.000s] Level 1:colcon.colcon_core.environment:checking '/home/lijiaolong/桌面/opencv-practice/alicia_ws/install/alicia_d_cube_sort/lib'
[-1779420359843279360.000s] Level 1:colcon.colcon_core.environment:checking '/home/lijiaolong/桌面/opencv-practice/alicia_ws/install/alicia_d_cube_sort/bin'
[-1779420359843279360.000s] Level 1:colcon.colcon_core.environment:checking '/home/lijiaolong/桌面/opencv-practice/alicia_ws/install/alicia_d_cube_sort/lib/pkgconfig/alicia_d_cube_sort.pc'
[-1779420359843279360.000s] Level 1:colcon.colcon_core.environment:checking '/home/lijiaolong/桌面/opencv-practice/alicia_ws/install/alicia_d_cube_sort/lib/python3.13/site-packages'
[-1779420359843279360.000s] Level 1:colcon.colcon_core.environment:checking '/home/lijiaolong/桌面/opencv-practice/alicia_ws/install/alicia_d_cube_sort/bin'
[-1779420359843279360.000s] INFO:colcon.colcon_core.shell:Creating package script '/home/lijiaolong/桌面/opencv-practice/alicia_ws/install/alicia_d_cube_sort/share/alicia_d_cube_sort/package.ps1'
[-1779420359843279360.000s] INFO:colcon.colcon_core.shell:Creating package descriptor '/home/lijiaolong/桌面/opencv-practice/alicia_ws/install/alicia_d_cube_sort/share/alicia_d_cube_sort/package.dsv'
[-1779420359843279360.000s] INFO:colcon.colcon_core.shell:Creating package script '/home/lijiaolong/桌面/opencv-practice/alicia_ws/install/alicia_d_cube_sort/share/alicia_d_cube_sort/package.sh'
[-1779420359843279360.000s] INFO:colcon.colcon_core.shell:Creating package script '/home/lijiaolong/桌面/opencv-practice/alicia_ws/install/alicia_d_cube_sort/share/alicia_d_cube_sort/package.bash'
[-1779420359843279360.000s] INFO:colcon.colcon_core.shell:Creating package script '/home/lijiaolong/桌面/opencv-practice/alicia_ws/install/alicia_d_cube_sort/share/alicia_d_cube_sort/package.zsh'
[-1779420359843279360.000s] Level 1:colcon.colcon_core.environment:create_file_with_runtime_dependencies(/home/lijiaolong/桌面/opencv-practice/alicia_ws/install/alicia_d_cube_sort/share/colcon-core/packages/alicia_d_cube_sort)
[-1779420359843279360.000s] DEBUG:colcon.colcon_core.event_handler.log_command:Invoked command in '/home/lijiaolong/桌面/opencv-practice/alicia_ws/build/alicia_d_driver' returned '0': CMAKE_PREFIX_PATH=${CMAKE_PREFIX_PATH}:/opt/ros/jazzy CONDA_PROMPT_MODIFIER=(base) DEBUGINFOD_URLS=https://debuginfod.ubuntu.com /usr/bin/cmake --build /home/lijiaolong/桌面/opencv-practice/alicia_ws/build/alicia_d_driver -- -j24 -l24
[-1779420359843279360.000s] DEBUG:colcon.colcon_core.event_handler.log_command:Invoking command in '/home/lijiaolong/桌面/opencv-practice/alicia_ws/build/alicia_d_driver': CMAKE_PREFIX_PATH=${CMAKE_PREFIX_PATH}:/opt/ros/jazzy CONDA_PROMPT_MODIFIER=(base) DEBUGINFOD_URLS=https://debuginfod.ubuntu.com /usr/bin/cmake --install /home/lijiaolong/桌面/opencv-practice/alicia_ws/build/alicia_d_driver
[-1779420359843279360.000s] Level 1:colcon.colcon_core.environment:create_environment_scripts_only(alicia_d_driver)
[-1779420359843279360.000s] Level 1:colcon.colcon_core.environment:checking '/home/lijiaolong/桌面/opencv-practice/alicia_ws/install/alicia_d_driver' for CMake module files
[-1779420359843279360.000s] DEBUG:colcon.colcon_core.event_handler.log_command:Invoked command in '/home/lijiaolong/桌面/opencv-practice/alicia_ws/build/alicia_d_driver' returned '0': CMAKE_PREFIX_PATH=${CMAKE_PREFIX_PATH}:/opt/ros/jazzy CONDA_PROMPT_MODIFIER=(base) DEBUGINFOD_URLS=https://debuginfod.ubuntu.com /usr/bin/cmake --install /home/lijiaolong/桌面/opencv-practice/alicia_ws/build/alicia_d_driver
[-1779420359843279360.000s] Level 1:colcon.colcon_core.environment:checking '/home/lijiaolong/桌面/opencv-practice/alicia_ws/install/alicia_d_driver' for CMake config files
[-1779420359843279360.000s] Level 1:colcon.colcon_core.shell:create_environment_hook('alicia_d_driver', 'cmake_prefix_path')
[-1779420359843279360.000s] INFO:colcon.colcon_core.shell:Creating environment hook '/home/lijiaolong/桌面/opencv-practice/alicia_ws/install/alicia_d_driver/share/alicia_d_driver/hook/cmake_prefix_path.ps1'
[-1779420359843279360.000s] INFO:colcon.colcon_core.shell:Creating environment descriptor '/home/lijiaolong/桌面/opencv-practice/alicia_ws/install/alicia_d_driver/share/alicia_d_driver/hook/cmake_prefix_path.dsv'
[-1779420359843279360.000s] INFO:colcon.colcon_core.shell:Creating environment hook '/home/lijiaolong/桌面/opencv-practice/alicia_ws/install/alicia_d_driver/share/alicia_d_driver/hook/cmake_prefix_path.sh'
[-1779420359843279360.000s] Level 1:colcon.colcon_core.environment:checking '/home/lijiaolong/桌面/opencv-practice/alicia_ws/install/alicia_d_driver/lib'
[-1779420359843279360.000s] Level 1:colcon.colcon_core.shell:create_environment_hook('alicia_d_driver', 'ld_library_path_lib')
[-1779420359843279360.000s] INFO:colcon.colcon_core.shell:Creating environment hook '/home/lijiaolong/桌面/opencv-practice/alicia_ws/install/alicia_d_driver/share/alicia_d_driver/hook/ld_library_path_lib.ps1'
[-1779420359843279360.000s] INFO:colcon.colcon_core.shell:Creating environment descriptor '/home/lijiaolong/桌面/opencv-practice/alicia_ws/install/alicia_d_driver/share/alicia_d_driver/hook/ld_library_path_lib.dsv'
[-1779420359843279360.000s] INFO:colcon.colcon_core.shell:Creating environment hook '/home/lijiaolong/桌面/opencv-practice/alicia_ws/install/alicia_d_driver/share/alicia_d_driver/hook/ld_library_path_lib.sh'
[-1779420359843279360.000s] Level 1:colcon.colcon_core.environment:checking '/home/lijiaolong/桌面/opencv-practice/alicia_ws/install/alicia_d_driver/bin'
[-1779420359843279360.000s] Level 1:colcon.colcon_core.environment:checking '/home/lijiaolong/桌面/opencv-practice/alicia_ws/install/alicia_d_driver/lib/pkgconfig/alicia_d_driver.pc'
[-1779420359843279360.000s] Level 1:colcon.colcon_core.environment:checking '/home/lijiaolong/桌面/opencv-practice/alicia_ws/install/alicia_d_driver/lib/python3.13/site-packages'
[-1779420359843279360.000s] Level 1:colcon.colcon_core.environment:checking '/home/lijiaolong/桌面/opencv-practice/alicia_ws/install/alicia_d_driver/bin'
[-1779420359843279360.000s] INFO:colcon.colcon_core.shell:Creating package script '/home/lijiaolong/桌面/opencv-practice/alicia_ws/install/alicia_d_driver/share/alicia_d_driver/package.ps1'
[-1779420359843279360.000s] INFO:colcon.colcon_core.shell:Creating package descriptor '/home/lijiaolong/桌面/opencv-practice/alicia_ws/install/alicia_d_driver/share/alicia_d_driver/package.dsv'
[-1779420359843279360.000s] INFO:colcon.colcon_core.shell:Creating package script '/home/lijiaolong/桌面/opencv-practice/alicia_ws/install/alicia_d_driver/share/alicia_d_driver/package.sh'
[-1779420359843279360.000s] INFO:colcon.colcon_core.shell:Creating package script '/home/lijiaolong/桌面/opencv-practice/alicia_ws/install/alicia_d_driver/share/alicia_d_driver/package.bash'
[-1779420359843279360.000s] INFO:colcon.colcon_core.shell:Creating package script '/home/lijiaolong/桌面/opencv-practice/alicia_ws/install/alicia_d_driver/share/alicia_d_driver/package.zsh'
[-1779420359843279360.000s] Level 1:colcon.colcon_core.environment:create_file_with_runtime_dependencies(/home/lijiaolong/桌面/opencv-practice/alicia_ws/install/alicia_d_driver/share/colcon-core/packages/alicia_d_driver)
[-1779420359843279360.000s] Level 1:colcon.colcon_core.environment:create_environment_scripts_only(alicia_d_driver)
[-1779420359843279360.000s] Level 1:colcon.colcon_core.environment:checking '/home/lijiaolong/桌面/opencv-practice/alicia_ws/install/alicia_d_driver' for CMake module files
[-1779420359843279360.000s] Level 1:colcon.colcon_core.environment:checking '/home/lijiaolong/桌面/opencv-practice/alicia_ws/install/alicia_d_driver' for CMake config files
[-1779420359843279360.000s] Level 1:colcon.colcon_core.shell:create_environment_hook('alicia_d_driver', 'cmake_prefix_path')
[-1779420359843279360.000s] INFO:colcon.colcon_core.shell:Creating environment hook '/home/lijiaolong/桌面/opencv-practice/alicia_ws/install/alicia_d_driver/share/alicia_d_driver/hook/cmake_prefix_path.ps1'
[-1779420359843279360.000s] INFO:colcon.colcon_core.shell:Creating environment descriptor '/home/lijiaolong/桌面/opencv-practice/alicia_ws/install/alicia_d_driver/share/alicia_d_driver/hook/cmake_prefix_path.dsv'
[-1779420359843279360.000s] INFO:colcon.colcon_core.shell:Creating environment hook '/home/lijiaolong/桌面/opencv-practice/alicia_ws/install/alicia_d_driver/share/alicia_d_driver/hook/cmake_prefix_path.sh'
[-1779420359843279360.000s] Level 1:colcon.colcon_core.environment:checking '/home/lijiaolong/桌面/opencv-practice/alicia_ws/install/alicia_d_driver/lib'
[-1779420359843279360.000s] Level 1:colcon.colcon_core.shell:create_environment_hook('alicia_d_driver', 'ld_library_path_lib')
[-1779420359843279360.000s] INFO:colcon.colcon_core.shell:Creating environment hook '/home/lijiaolong/桌面/opencv-practice/alicia_ws/install/alicia_d_driver/share/alicia_d_driver/hook/ld_library_path_lib.ps1'
[-1779420359843279360.000s] INFO:colcon.colcon_core.shell:Creating environment descriptor '/home/lijiaolong/桌面/opencv-practice/alicia_ws/install/alicia_d_driver/share/alicia_d_driver/hook/ld_library_path_lib.dsv'
[-1779420359843279360.000s] INFO:colcon.colcon_core.shell:Creating environment hook '/home/lijiaolong/桌面/opencv-practice/alicia_ws/install/alicia_d_driver/share/alicia_d_driver/hook/ld_library_path_lib.sh'
[-1779420359843279360.000s] Level 1:colcon.colcon_core.environment:checking '/home/lijiaolong/桌面/opencv-practice/alicia_ws/install/alicia_d_driver/bin'
[-1779420359843279360.000s] Level 1:colcon.colcon_core.environment:checking '/home/lijiaolong/桌面/opencv-practice/alicia_ws/install/alicia_d_driver/lib/pkgconfig/alicia_d_driver.pc'
[-1779420359843279360.000s] Level 1:colcon.colcon_core.environment:checking '/home/lijiaolong/桌面/opencv-practice/alicia_ws/install/alicia_d_driver/lib/python3.13/site-packages'
[-1779420359843279360.000s] Level 1:colcon.colcon_core.environment:checking '/home/lijiaolong/桌面/opencv-practice/alicia_ws/install/alicia_d_driver/bin'
[-1779420359843279360.000s] INFO:colcon.colcon_core.shell:Creating package script '/home/lijiaolong/桌面/opencv-practice/alicia_ws/install/alicia_d_driver/share/alicia_d_driver/package.ps1'
[-1779420359843279360.000s] INFO:colcon.colcon_core.shell:Creating package descriptor '/home/lijiaolong/桌面/opencv-practice/alicia_ws/install/alicia_d_driver/share/alicia_d_driver/package.dsv'
[-1779420359843279360.000s] INFO:colcon.colcon_core.shell:Creating package script '/home/lijiaolong/桌面/opencv-practice/alicia_ws/install/alicia_d_driver/share/alicia_d_driver/package.sh'
[-1779420359843279360.000s] INFO:colcon.colcon_core.shell:Creating package script '/home/lijiaolong/桌面/opencv-practice/alicia_ws/install/alicia_d_driver/share/alicia_d_driver/package.bash'
[-1779420359843279360.000s] INFO:colcon.colcon_core.shell:Creating package script '/home/lijiaolong/桌面/opencv-practice/alicia_ws/install/alicia_d_driver/share/alicia_d_driver/package.zsh'
[-1779420359843279360.000s] Level 1:colcon.colcon_core.environment:create_file_with_runtime_dependencies(/home/lijiaolong/桌面/opencv-practice/alicia_ws/install/alicia_d_driver/share/colcon-core/packages/alicia_d_driver)
[-1779420359843279360.000s] INFO:colcon.colcon_ros.task.ament_cmake.build:Building ROS package in '/home/lijiaolong/桌面/opencv-practice/alicia_ws/src/alicia_d_moveit' with build type 'ament_cmake'
[-1779420359843279360.000s] INFO:colcon.colcon_cmake.task.cmake.build:Building CMake package in '/home/lijiaolong/桌面/opencv-practice/alicia_ws/src/alicia_d_moveit'
[-1779420359843279360.000s] INFO:colcon.colcon_core.shell:Skip shell extension 'powershell' for command environment: Not usable outside of PowerShell
[-1779420359843279360.000s] DEBUG:colcon.colcon_core.shell:Skip shell extension 'dsv' for command environment
[-1779420359843279360.000s] DEBUG:colcon.colcon_core.event_handler.log_command:Invoking command in '/home/lijiaolong/桌面/opencv-practice/alicia_ws/build/alicia_d_moveit': AMENT_PREFIX_PATH=/home/lijiaolong/桌面/opencv-practice/alicia_ws/install/alicia_d_driver:/home/lijiaolong/桌面/opencv-practice/alicia_ws/install/alicia_d_descriptions:${AMENT_PREFIX_PATH} CMAKE_PREFIX_PATH=/home/lijiaolong/桌面/opencv-practice/alicia_ws/install/alicia_d_driver:/home/lijiaolong/桌面/opencv-practice/alicia_ws/install/alicia_d_descriptions:/opt/ros/jazzy/opt/sdformat_vendor:/opt/ros/jazzy/opt/gz_math_vendor:/opt/ros/jazzy/opt/gz_utils_vendor:/opt/ros/jazzy/opt/gz_tools_vendor:/opt/ros/jazzy/opt/gz_cmake_vendor:/opt/ros/jazzy CONDA_PROMPT_MODIFIER=(base) DEBUGINFOD_URLS=https://debuginfod.ubuntu.com LD_LIBRARY_PATH=/home/lijiaolong/桌面/opencv-practice/alicia_ws/install/alicia_d_driver/lib:${LD_LIBRARY_PATH} /usr/bin/cmake --build /home/lijiaolong/桌面/opencv-practice/alicia_ws/build/alicia_d_moveit -- -j24 -l24
[-1779420359843279360.000s] DEBUG:colcon.colcon_core.event_handler.log_command:Invoked command in '/home/lijiaolong/桌面/opencv-practice/alicia_ws/build/alicia_d_moveit' returned '0': AMENT_PREFIX_PATH=/home/lijiaolong/桌面/opencv-practice/alicia_ws/install/alicia_d_driver:/home/lijiaolong/桌面/opencv-practice/alicia_ws/install/alicia_d_descriptions:${AMENT_PREFIX_PATH} CMAKE_PREFIX_PATH=/home/lijiaolong/桌面/opencv-practice/alicia_ws/install/alicia_d_driver:/home/lijiaolong/桌面/opencv-practice/alicia_ws/install/alicia_d_descriptions:/opt/ros/jazzy/opt/sdformat_vendor:/opt/ros/jazzy/opt/gz_math_vendor:/opt/ros/jazzy/opt/gz_utils_vendor:/opt/ros/jazzy/opt/gz_tools_vendor:/opt/ros/jazzy/opt/gz_cmake_vendor:/opt/ros/jazzy CONDA_PROMPT_MODIFIER=(base) DEBUGINFOD_URLS=https://debuginfod.ubuntu.com LD_LIBRARY_PATH=/home/lijiaolong/桌面/opencv-practice/alicia_ws/install/alicia_d_driver/lib:${LD_LIBRARY_PATH} /usr/bin/cmake --build /home/lijiaolong/桌面/opencv-practice/alicia_ws/build/alicia_d_moveit -- -j24 -l24
[-1779420359843279360.000s] DEBUG:colcon.colcon_core.event_handler.log_command:Invoking command in '/home/lijiaolong/桌面/opencv-practice/alicia_ws/build/alicia_d_moveit': AMENT_PREFIX_PATH=/home/lijiaolong/桌面/opencv-practice/alicia_ws/install/alicia_d_driver:/home/lijiaolong/桌面/opencv-practice/alicia_ws/install/alicia_d_descriptions:${AMENT_PREFIX_PATH} CMAKE_PREFIX_PATH=/home/lijiaolong/桌面/opencv-practice/alicia_ws/install/alicia_d_driver:/home/lijiaolong/桌面/opencv-practice/alicia_ws/install/alicia_d_descriptions:/opt/ros/jazzy/opt/sdformat_vendor:/opt/ros/jazzy/opt/gz_math_vendor:/opt/ros/jazzy/opt/gz_utils_vendor:/opt/ros/jazzy/opt/gz_tools_vendor:/opt/ros/jazzy/opt/gz_cmake_vendor:/opt/ros/jazzy CONDA_PROMPT_MODIFIER=(base) DEBUGINFOD_URLS=https://debuginfod.ubuntu.com LD_LIBRARY_PATH=/home/lijiaolong/桌面/opencv-practice/alicia_ws/install/alicia_d_driver/lib:${LD_LIBRARY_PATH} /usr/bin/cmake --install /home/lijiaolong/桌面/opencv-practice/alicia_ws/build/alicia_d_moveit
[-1779420359843279360.000s] Level 1:colcon.colcon_core.environment:create_environment_scripts_only(alicia_d_moveit)
[-1779420359843279360.000s] DEBUG:colcon.colcon_core.event_handler.log_command:Invoked command in '/home/lijiaolong/桌面/opencv-practice/alicia_ws/build/alicia_d_moveit' returned '0': AMENT_PREFIX_PATH=/home/lijiaolong/桌面/opencv-practice/alicia_ws/install/alicia_d_driver:/home/lijiaolong/桌面/opencv-practice/alicia_ws/install/alicia_d_descriptions:${AMENT_PREFIX_PATH} CMAKE_PREFIX_PATH=/home/lijiaolong/桌面/opencv-practice/alicia_ws/install/alicia_d_driver:/home/lijiaolong/桌面/opencv-practice/alicia_ws/install/alicia_d_descriptions:/opt/ros/jazzy/opt/sdformat_vendor:/opt/ros/jazzy/opt/gz_math_vendor:/opt/ros/jazzy/opt/gz_utils_vendor:/opt/ros/jazzy/opt/gz_tools_vendor:/opt/ros/jazzy/opt/gz_cmake_vendor:/opt/ros/jazzy CONDA_PROMPT_MODIFIER=(base) DEBUGINFOD_URLS=https://debuginfod.ubuntu.com LD_LIBRARY_PATH=/home/lijiaolong/桌面/opencv-practice/alicia_ws/install/alicia_d_driver/lib:${LD_LIBRARY_PATH} /usr/bin/cmake --install /home/lijiaolong/桌面/opencv-practice/alicia_ws/build/alicia_d_moveit
[-1779420359843279360.000s] Level 1:colcon.colcon_core.environment:checking '/home/lijiaolong/桌面/opencv-practice/alicia_ws/install/alicia_d_moveit' for CMake module files
[-1779420359843279360.000s] Level 1:colcon.colcon_core.environment:checking '/home/lijiaolong/桌面/opencv-practice/alicia_ws/install/alicia_d_moveit' for CMake config files
[-1779420359843279360.000s] Level 1:colcon.colcon_core.shell:create_environment_hook('alicia_d_moveit', 'cmake_prefix_path')
[-1779420359843279360.000s] INFO:colcon.colcon_core.shell:Creating environment hook '/home/lijiaolong/桌面/opencv-practice/alicia_ws/install/alicia_d_moveit/share/alicia_d_moveit/hook/cmake_prefix_path.ps1'
[-1779420359843279360.000s] INFO:colcon.colcon_core.shell:Creating environment descriptor '/home/lijiaolong/桌面/opencv-practice/alicia_ws/install/alicia_d_moveit/share/alicia_d_moveit/hook/cmake_prefix_path.dsv'
[-1779420359843279360.000s] INFO:colcon.colcon_core.shell:Creating environment hook '/home/lijiaolong/桌面/opencv-practice/alicia_ws/install/alicia_d_moveit/share/alicia_d_moveit/hook/cmake_prefix_path.sh'
[-1779420359843279360.000s] Level 1:colcon.colcon_core.environment:checking '/home/lijiaolong/桌面/opencv-practice/alicia_ws/install/alicia_d_moveit/bin'
[-1779420359843279360.000s] Level 1:colcon.colcon_core.environment:checking '/home/lijiaolong/桌面/opencv-practice/alicia_ws/install/alicia_d_moveit/lib/pkgconfig/alicia_d_moveit.pc'
[-1779420359843279360.000s] Level 1:colcon.colcon_core.environment:checking '/home/lijiaolong/桌面/opencv-practice/alicia_ws/install/alicia_d_moveit/lib/python3.13/site-packages'
[-1779420359843279360.000s] Level 1:colcon.colcon_core.environment:checking '/home/lijiaolong/桌面/opencv-practice/alicia_ws/install/alicia_d_moveit/bin'
[-1779420359843279360.000s] INFO:colcon.colcon_core.shell:Creating package script '/home/lijiaolong/桌面/opencv-practice/alicia_ws/install/alicia_d_moveit/share/alicia_d_moveit/package.ps1'
[-1779420359843279360.000s] INFO:colcon.colcon_core.shell:Creating package descriptor '/home/lijiaolong/桌面/opencv-practice/alicia_ws/install/alicia_d_moveit/share/alicia_d_moveit/package.dsv'
[-1779420359843279360.000s] INFO:colcon.colcon_core.shell:Creating package script '/home/lijiaolong/桌面/opencv-practice/alicia_ws/install/alicia_d_moveit/share/alicia_d_moveit/package.sh'
[-1779420359843279360.000s] INFO:colcon.colcon_core.shell:Creating package script '/home/lijiaolong/桌面/opencv-practice/alicia_ws/install/alicia_d_moveit/share/alicia_d_moveit/package.bash'
[-1779420359843279360.000s] INFO:colcon.colcon_core.shell:Creating package script '/home/lijiaolong/桌面/opencv-practice/alicia_ws/install/alicia_d_moveit/share/alicia_d_moveit/package.zsh'
[-1779420359843279360.000s] Level 1:colcon.colcon_core.environment:create_file_with_runtime_dependencies(/home/lijiaolong/桌面/opencv-practice/alicia_ws/install/alicia_d_moveit/share/colcon-core/packages/alicia_d_moveit)
[-1779420359843279360.000s] Level 1:colcon.colcon_core.environment:create_environment_scripts_only(alicia_d_moveit)
[-1779420359843279360.000s] Level 1:colcon.colcon_core.environment:checking '/home/lijiaolong/桌面/opencv-practice/alicia_ws/install/alicia_d_moveit' for CMake module files
[-1779420359843279360.000s] Level 1:colcon.colcon_core.environment:checking '/home/lijiaolong/桌面/opencv-practice/alicia_ws/install/alicia_d_moveit' for CMake config files
[-1779420359843279360.000s] Level 1:colcon.colcon_core.shell:create_environment_hook('alicia_d_moveit', 'cmake_prefix_path')
[-1779420359843279360.000s] INFO:colcon.colcon_core.shell:Creating environment hook '/home/lijiaolong/桌面/opencv-practice/alicia_ws/install/alicia_d_moveit/share/alicia_d_moveit/hook/cmake_prefix_path.ps1'
[-1779420359843279360.000s] INFO:colcon.colcon_core.shell:Creating environment descriptor '/home/lijiaolong/桌面/opencv-practice/alicia_ws/install/alicia_d_moveit/share/alicia_d_moveit/hook/cmake_prefix_path.dsv'
[-1779420359843279360.000s] INFO:colcon.colcon_core.shell:Creating environment hook '/home/lijiaolong/桌面/opencv-practice/alicia_ws/install/alicia_d_moveit/share/alicia_d_moveit/hook/cmake_prefix_path.sh'
[-1779420359843279360.000s] Level 1:colcon.colcon_core.environment:checking '/home/lijiaolong/桌面/opencv-practice/alicia_ws/install/alicia_d_moveit/bin'
[-1779420359843279360.000s] Level 1:colcon.colcon_core.environment:checking '/home/lijiaolong/桌面/opencv-practice/alicia_ws/install/alicia_d_moveit/lib/pkgconfig/alicia_d_moveit.pc'
[-1779420359843279360.000s] Level 1:colcon.colcon_core.environment:checking '/home/lijiaolong/桌面/opencv-practice/alicia_ws/install/alicia_d_moveit/lib/python3.13/site-packages'
[-1779420359843279360.000s] Level 1:colcon.colcon_core.environment:checking '/home/lijiaolong/桌面/opencv-practice/alicia_ws/install/alicia_d_moveit/bin'
[-1779420359843279360.000s] INFO:colcon.colcon_core.shell:Creating package script '/home/lijiaolong/桌面/opencv-practice/alicia_ws/install/alicia_d_moveit/share/alicia_d_moveit/package.ps1'
[-1779420359843279360.000s] INFO:colcon.colcon_core.shell:Creating package descriptor '/home/lijiaolong/桌面/opencv-practice/alicia_ws/install/alicia_d_moveit/share/alicia_d_moveit/package.dsv'
[-1779420359843279360.000s] INFO:colcon.colcon_core.shell:Creating package script '/home/lijiaolong/桌面/opencv-practice/alicia_ws/install/alicia_d_moveit/share/alicia_d_moveit/package.sh'
[-1779420359843279360.000s] INFO:colcon.colcon_core.shell:Creating package script '/home/lijiaolong/桌面/opencv-practice/alicia_ws/install/alicia_d_moveit/share/alicia_d_moveit/package.bash'
[-1779420359843279360.000s] INFO:colcon.colcon_core.shell:Creating package script '/home/lijiaolong/桌面/opencv-practice/alicia_ws/install/alicia_d_moveit/share/alicia_d_moveit/package.zsh'
[-1779420359843279360.000s] Level 1:colcon.colcon_core.environment:create_file_with_runtime_dependencies(/home/lijiaolong/桌面/opencv-practice/alicia_ws/install/alicia_d_moveit/share/colcon-core/packages/alicia_d_moveit)
[-1779420359843279360.000s] DEBUG:colcon.colcon_parallel_executor.executor.parallel:closing loop
[-1779420359843279360.000s] DEBUG:colcon.colcon_parallel_executor.executor.parallel:loop closed
[-1779420359843279360.000s] DEBUG:colcon.colcon_parallel_executor.executor.parallel:run_until_complete finished with '0'
[-1779420359843279360.000s] DEBUG:colcon.colcon_core.event_reactor:joining thread
[-1779420359843279360.000s] INFO:colcon.colcon_core.plugin_system:Skipping extension 'colcon_notification.desktop_notification.notify2': 'notify2' not found
[-1779420359843279360.000s] INFO:colcon.colcon_core.plugin_system:Skipping extension 'colcon_notification.desktop_notification.terminal_notifier': Not used on non-Darwin systems
[-1779420359843279360.000s] INFO:colcon.colcon_core.plugin_system:Skipping extension 'colcon_notification.desktop_notification.win32': Not used on non-Windows systems
[-1779420359843279360.000s] INFO:colcon.colcon_notification.desktop_notification:Sending desktop notification using 'notify_send'
[-1779420359843279360.000s] DEBUG:colcon.colcon_core.event_reactor:joined thread
[-1779420359843279360.000s] INFO:colcon.colcon_core.shell:Creating prefix script '/home/lijiaolong/桌面/opencv-practice/alicia_ws/install/local_setup.ps1'
[-1779420359843279360.000s] INFO:colcon.colcon_core.shell:Creating prefix util module '/home/lijiaolong/桌面/opencv-practice/alicia_ws/install/_local_setup_util_ps1.py'
[-1779420359843279360.000s] INFO:colcon.colcon_core.shell:Creating prefix chain script '/home/lijiaolong/桌面/opencv-practice/alicia_ws/install/setup.ps1'
[-1779420359843279360.000s] INFO:colcon.colcon_core.shell:Creating prefix script '/home/lijiaolong/桌面/opencv-practice/alicia_ws/install/local_setup.sh'
[-1779420359843279360.000s] INFO:colcon.colcon_core.shell:Creating prefix util module '/home/lijiaolong/桌面/opencv-practice/alicia_ws/install/_local_setup_util_sh.py'
[-1779420359843279360.000s] INFO:colcon.colcon_core.shell:Creating prefix chain script '/home/lijiaolong/桌面/opencv-practice/alicia_ws/install/setup.sh'
[-1779420359843279360.000s] INFO:colcon.colcon_core.shell:Creating prefix script '/home/lijiaolong/桌面/opencv-practice/alicia_ws/install/local_setup.bash'
[-1779420359843279360.000s] INFO:colcon.colcon_core.shell:Creating prefix chain script '/home/lijiaolong/桌面/opencv-practice/alicia_ws/install/setup.bash'
[-1779420359843279360.000s] INFO:colcon.colcon_core.shell:Creating prefix script '/home/lijiaolong/桌面/opencv-practice/alicia_ws/install/local_setup.zsh'
[-1779420359843279360.000s] INFO:colcon.colcon_core.shell:Creating prefix chain script '/home/lijiaolong/桌面/opencv-practice/alicia_ws/install/setup.zsh'
