-- The C compiler identification is GNU 13.3.0
-- The CXX compiler identification is GNU 13.3.0
-- Detecting C compiler ABI info
-- Detecting C compiler ABI info - done
-- Check for working C compiler: /usr/bin/cc - skipped
-- Detecting C compile features
-- Detecting C compile features - done
-- Detecting CXX compiler ABI info
-- Detecting CXX compiler ABI info - done
-- Check for working CXX compiler: /usr/bin/c++ - skipped
-- Detecting CXX compile features
-- Detecting CXX compile features - done
-- Found ament_cmake: 2.5.6 (/opt/ros/jazzy/share/ament_cmake/cmake)
-- Found Python3: /usr/bin/python3 (found version "3.12.3") found components: Interpreter 
-- Override CMake install command with custom implementation using symlinks instead of copying resources
-- Configuring done (0.4s)
-- Generating done (0.0s)
-- Build files have been written to: /home/lijiaolong/桌面/opencv-practice/alicia_ws/build/alicia_d_moveit
-- Install configuration: ""
-- Execute custom install script
-- Symlinking: /home/lijiaolong/桌面/opencv-practice/alicia_ws/install/alicia_d_moveit/share/ament_index/resource_index/package_run_dependencies/alicia_d_moveit
-- Symlinking: /home/lijiaolong/桌面/opencv-practice/alicia_ws/install/alicia_d_moveit/share/ament_index/resource_index/parent_prefix_path/alicia_d_moveit
-- Symlinking: /home/lijiaolong/桌面/opencv-practice/alicia_ws/install/alicia_d_moveit/share/alicia_d_moveit/environment/ament_prefix_path.sh
-- Symlinking: /home/lijiaolong/桌面/opencv-practice/alicia_ws/install/alicia_d_moveit/share/alicia_d_moveit/environment/ament_prefix_path.dsv
-- Symlinking: /home/lijiaolong/桌面/opencv-practice/alicia_ws/install/alicia_d_moveit/share/alicia_d_moveit/environment/path.sh
-- Symlinking: /home/lijiaolong/桌面/opencv-practice/alicia_ws/install/alicia_d_moveit/share/alicia_d_moveit/environment/path.dsv
-- Symlinking: /home/lijiaolong/桌面/opencv-practice/alicia_ws/install/alicia_d_moveit/share/alicia_d_moveit/local_setup.bash
-- Symlinking: /home/lijiaolong/桌面/opencv-practice/alicia_ws/install/alicia_d_moveit/share/alicia_d_moveit/local_setup.sh
-- Symlinking: /home/lijiaolong/桌面/opencv-practice/alicia_ws/install/alicia_d_moveit/share/alicia_d_moveit/local_setup.zsh
-- Symlinking: /home/lijiaolong/桌面/opencv-practice/alicia_ws/install/alicia_d_moveit/share/alicia_d_moveit/local_setup.dsv
-- Symlinking: /home/lijiaolong/桌面/opencv-practice/alicia_ws/install/alicia_d_moveit/share/alicia_d_moveit/package.dsv
-- Symlinking: /home/lijiaolong/桌面/opencv-practice/alicia_ws/install/alicia_d_moveit/share/ament_index/resource_index/packages/alicia_d_moveit
-- Symlinking: /home/lijiaolong/桌面/opencv-practice/alicia_ws/install/alicia_d_moveit/share/alicia_d_moveit/cmake/alicia_d_moveitConfig.cmake
-- Symlinking: /home/lijiaolong/桌面/opencv-practice/alicia_ws/install/alicia_d_moveit/share/alicia_d_moveit/cmake/alicia_d_moveitConfig-version.cmake
-- Symlinking: /home/lijiaolong/桌面/opencv-practice/alicia_ws/install/alicia_d_moveit/share/alicia_d_moveit/package.xml
-- Symlinking: /home/lijiaolong/桌面/opencv-practice/alicia_ws/install/alicia_d_moveit/share/alicia_d_moveit/launch/demo.launch.py
-- Symlinking: /home/lijiaolong/桌面/opencv-practice/alicia_ws/install/alicia_d_moveit/share/alicia_d_moveit/launch/move_group.launch.py
-- Symlinking: /home/lijiaolong/桌面/opencv-practice/alicia_ws/install/alicia_d_moveit/share/alicia_d_moveit/launch/moveit_config_builder.py
-- Symlinking: /home/lijiaolong/桌面/opencv-practice/alicia_ws/install/alicia_d_moveit/share/alicia_d_moveit/launch/moveit_rviz.launch.py
-- Symlinking: /home/lijiaolong/桌面/opencv-practice/alicia_ws/install/alicia_d_moveit/share/alicia_d_moveit/launch/real_robot.launch.py
-- Symlinking: /home/lijiaolong/桌面/opencv-practice/alicia_ws/install/alicia_d_moveit/share/alicia_d_moveit/launch/rsp.launch.py
-- Symlinking: /home/lijiaolong/桌面/opencv-practice/alicia_ws/install/alicia_d_moveit/share/alicia_d_moveit/launch/setup_assistant.launch.py
-- Symlinking: /home/lijiaolong/桌面/opencv-practice/alicia_ws/install/alicia_d_moveit/share/alicia_d_moveit/launch/spawn_controllers.launch.py
-- Symlinking: /home/lijiaolong/桌面/opencv-practice/alicia_ws/install/alicia_d_moveit/share/alicia_d_moveit/launch/static_virtual_joint_tfs.launch.py
-- Symlinking: /home/lijiaolong/桌面/opencv-practice/alicia_ws/install/alicia_d_moveit/share/alicia_d_moveit/launch/warehouse_db.launch.py
-- Symlinking: /home/lijiaolong/桌面/opencv-practice/alicia_ws/install/alicia_d_moveit/share/alicia_d_moveit/config/Alicia_D_v5_6_gripper_100mm.srdf
-- Symlinking: /home/lijiaolong/桌面/opencv-practice/alicia_ws/install/alicia_d_moveit/share/alicia_d_moveit/config/Alicia_D_v5_6_gripper_100mm.urdf.xacro
-- Symlinking: /home/lijiaolong/桌面/opencv-practice/alicia_ws/install/alicia_d_moveit/share/alicia_d_moveit/config/Alicia_D_v5_6_gripper_100mm_demo.urdf.xacro
-- Symlinking: /home/lijiaolong/桌面/opencv-practice/alicia_ws/install/alicia_d_moveit/share/alicia_d_moveit/config/Alicia_D_v5_6_gripper_50mm.srdf
-- Symlinking: /home/lijiaolong/桌面/opencv-practice/alicia_ws/install/alicia_d_moveit/share/alicia_d_moveit/config/Alicia_D_v5_6_gripper_50mm.urdf.xacro
-- Symlinking: /home/lijiaolong/桌面/opencv-practice/alicia_ws/install/alicia_d_moveit/share/alicia_d_moveit/config/Alicia_D_v5_6_gripper_50mm_demo.urdf.xacro
-- Symlinking: /home/lijiaolong/桌面/opencv-practice/alicia_ws/install/alicia_d_moveit/share/alicia_d_moveit/config/alicia_d_descriptions.ros2_control.fake.xacro
-- Symlinking: /home/lijiaolong/桌面/opencv-practice/alicia_ws/install/alicia_d_moveit/share/alicia_d_moveit/config/alicia_d_descriptions.ros2_control.xacro
-- Symlinking: /home/lijiaolong/桌面/opencv-practice/alicia_ws/install/alicia_d_moveit/share/alicia_d_moveit/config/alicia_d_descriptions.srdf
-- Symlinking: /home/lijiaolong/桌面/opencv-practice/alicia_ws/install/alicia_d_moveit/share/alicia_d_moveit/config/alicia_d_descriptions.urdf.xacro
-- Symlinking: /home/lijiaolong/桌面/opencv-practice/alicia_ws/install/alicia_d_moveit/share/alicia_d_moveit/config/demo.rviz
-- Symlinking: /home/lijiaolong/桌面/opencv-practice/alicia_ws/install/alicia_d_moveit/share/alicia_d_moveit/config/initial_positions.yaml
-- Symlinking: /home/lijiaolong/桌面/opencv-practice/alicia_ws/install/alicia_d_moveit/share/alicia_d_moveit/config/joint_limits.yaml
-- Symlinking: /home/lijiaolong/桌面/opencv-practice/alicia_ws/install/alicia_d_moveit/share/alicia_d_moveit/config/kinematics.yaml
-- Symlinking: /home/lijiaolong/桌面/opencv-practice/alicia_ws/install/alicia_d_moveit/share/alicia_d_moveit/config/moveit.rviz
-- Symlinking: /home/lijiaolong/桌面/opencv-practice/alicia_ws/install/alicia_d_moveit/share/alicia_d_moveit/config/moveit_controllers.yaml
-- Symlinking: /home/lijiaolong/桌面/opencv-practice/alicia_ws/install/alicia_d_moveit/share/alicia_d_moveit/config/pilz_cartesian_limits.yaml
-- Symlinking: /home/lijiaolong/桌面/opencv-practice/alicia_ws/install/alicia_d_moveit/share/alicia_d_moveit/config/ros2_controllers.yaml
-- Symlinking: /home/lijiaolong/桌面/opencv-practice/alicia_ws/install/alicia_d_moveit/share/alicia_d_moveit/config/sensors_3d.yaml
-- Symlinking: /home/lijiaolong/桌面/opencv-practice/alicia_ws/install/alicia_d_moveit/share/alicia_d_moveit/.setup_assistant
