-- The CXX compiler identification is GNU 13.3.0
-- Detecting CXX compiler ABI info
-- Detecting CXX compiler ABI info - done
-- Check for working CXX compiler: /usr/bin/c++ - skipped
-- Detecting CXX compile features
-- Detecting CXX compile features - done
-- Found ament_cmake: 2.5.6 (/opt/ros/jazzy/share/ament_cmake/cmake)
-- Found Python3: /usr/bin/python3 (found version "3.12.3") found components: Interpreter 
-- Override CMake install command with custom implementation using symlinks instead of copying resources
-- Found PkgConfig: /usr/bin/pkg-config (found version "1.8.1") 
-- Found pluginlib: 5.4.5 (/opt/ros/jazzy/share/pluginlib/cmake)
-- Found TinyXML2 via Config file: /usr/lib/x86_64-linux-gnu/cmake/tinyxml2
-- Found hardware_interface: 4.44.0 (/opt/ros/jazzy/share/hardware_interface/cmake)
-- Found rosidl_generator_c: 4.6.7 (/opt/ros/jazzy/share/rosidl_generator_c/cmake)
-- Found rosidl_generator_cpp: 4.6.7 (/opt/ros/jazzy/share/rosidl_generator_cpp/cmake)
-- Using all available rosidl_typesupport_c: rosidl_typesupport_fastrtps_c;rosidl_typesupport_introspection_c
-- Using all available rosidl_typesupport_cpp: rosidl_typesupport_fastrtps_cpp;rosidl_typesupport_introspection_cpp
-- Found rmw_implementation_cmake: 7.3.3 (/opt/ros/jazzy/share/rmw_implementation_cmake/cmake)
-- Found rmw_fastrtps_cpp: 8.4.3 (/opt/ros/jazzy/share/rmw_fastrtps_cpp/cmake)
-- Found TinyXML2 via Config file: /usr/lib/x86_64-linux-gnu/cmake/tinyxml2
-- Found OpenSSL: /usr/lib/x86_64-linux-gnu/libcrypto.so (found version "3.0.13")  
-- Found TinyXML2 via Config file: /usr/lib/x86_64-linux-gnu/cmake/tinyxml2
-- Found FastRTPS: /opt/ros/jazzy/include (Required is at least version "2.13") 
-- Found TinyXML2 via Config file: /usr/lib/x86_64-linux-gnu/cmake/tinyxml2
-- Found TinyXML2 via Config file: /usr/lib/x86_64-linux-gnu/cmake/tinyxml2
-- Using RMW implementation 'rmw_fastrtps_cpp' as default
-- Checking for module 'libserial'
--   Found libserial, version 1.0.0
-- Found ZLIB: /usr/lib/x86_64-linux-gnu/libz.so (found version "1.3")  
-- Configuring done (0.9s)
-- Generating done (0.0s)
-- Build files have been written to: /home/lijiaolong/桌面/opencv-practice/alicia_ws/build/alicia_d_driver
[ 12%] [32mBuilding CXX object CMakeFiles/serial_communicator_lib.dir/src/serial_communicator.cpp.o[0m
[ 25%] [32m[1mLinking CXX shared library libserial_communicator_lib.so[0m
[ 25%] Built target serial_communicator_lib
[ 37%] [32mBuilding CXX object CMakeFiles/alicia_d_data_parser_control_lib.dir/src/alicia_d_data_parser_control.cpp.o[0m
[ 50%] [32m[1mLinking CXX shared library libalicia_d_data_parser_control_lib.so[0m
[ 50%] Built target alicia_d_data_parser_control_lib
[ 75%] [32mBuilding CXX object CMakeFiles/alicia_d_hardware_interface.dir/src/alicia_d_hardware_interface.cpp.o[0m
[ 75%] [32mBuilding CXX object CMakeFiles/alicia_d_driver_node.dir/src/alicia_d_driver_node.cpp.o[0m
[ 87%] [32m[1mLinking CXX executable alicia_d_driver_node[0m
[ 87%] Built target alicia_d_driver_node
