[0.008s] Invoking command in '/home/lijiaolong/桌面/opencv-practice/alicia_ws/build/alicia_d_driver': CMAKE_PREFIX_PATH=${CMAKE_PREFIX_PATH}:/opt/ros/jazzy DEBUGINFOD_URLS=https://debuginfod.ubuntu.com /usr/bin/cmake /home/lijiaolong/桌面/opencv-practice/alicia_ws/src/alicia_d_driver -DAMENT_CMAKE_SYMLINK_INSTALL=1 -DCMAKE_INSTALL_PREFIX=/home/lijiaolong/桌面/opencv-practice/alicia_ws/install/alicia_d_driver
[0.082s] -- The CXX compiler identification is GNU 13.3.0
[0.095s] -- Detecting CXX compiler ABI info
[0.160s] -- Detecting CXX compiler ABI info - done
[0.165s] -- Check for working CXX compiler: /usr/bin/c++ - skipped
[0.165s] -- Detecting CXX compile features
[0.165s] -- Detecting CXX compile features - done
[0.169s] -- Found ament_cmake: 2.5.6 (/opt/ros/jazzy/share/ament_cmake/cmake)
[0.266s] -- Found Python3: /usr/bin/python3 (found version "3.12.3") found components: Interpreter 
[0.308s] -- Override CMake install command with custom implementation using symlinks instead of copying resources
[0.330s] -- Found PkgConfig: /usr/bin/pkg-config (found version "1.8.1") 
[0.331s] -- Found pluginlib: 5.4.5 (/opt/ros/jazzy/share/pluginlib/cmake)
[0.351s] -- Found TinyXML2 via Config file: /usr/lib/x86_64-linux-gnu/cmake/tinyxml2
[0.353s] -- Found hardware_interface: 4.44.0 (/opt/ros/jazzy/share/hardware_interface/cmake)
[0.379s] -- Found rosidl_generator_c: 4.6.7 (/opt/ros/jazzy/share/rosidl_generator_c/cmake)
[0.386s] -- Found rosidl_generator_cpp: 4.6.7 (/opt/ros/jazzy/share/rosidl_generator_cpp/cmake)
[0.397s] -- Using all available rosidl_typesupport_c: rosidl_typesupport_fastrtps_c;rosidl_typesupport_introspection_c
[0.407s] -- Using all available rosidl_typesupport_cpp: rosidl_typesupport_fastrtps_cpp;rosidl_typesupport_introspection_cpp
[0.560s] -- Found rmw_implementation_cmake: 7.3.3 (/opt/ros/jazzy/share/rmw_implementation_cmake/cmake)
[0.562s] -- Found rmw_fastrtps_cpp: 8.4.3 (/opt/ros/jazzy/share/rmw_fastrtps_cpp/cmake)
[0.579s] -- Found TinyXML2 via Config file: /usr/lib/x86_64-linux-gnu/cmake/tinyxml2
[0.611s] -- Found OpenSSL: /usr/lib/x86_64-linux-gnu/libcrypto.so (found version "3.0.13")  
[0.614s] -- Found TinyXML2 via Config file: /usr/lib/x86_64-linux-gnu/cmake/tinyxml2
[0.629s] -- Found FastRTPS: /opt/ros/jazzy/include (Required is at least version "2.13") 
[0.631s] -- Found TinyXML2 via Config file: /usr/lib/x86_64-linux-gnu/cmake/tinyxml2
[0.638s] -- Found TinyXML2 via Config file: /usr/lib/x86_64-linux-gnu/cmake/tinyxml2
[0.647s] -- Using RMW implementation 'rmw_fastrtps_cpp' as default
[0.837s] -- Checking for module 'libserial'
[0.845s] --   Found libserial, version 1.0.0
[0.880s] -- Found ZLIB: /usr/lib/x86_64-linux-gnu/libz.so (found version "1.3")  
[0.938s] -- Configuring done (0.9s)
[0.958s] -- Generating done (0.0s)
[0.962s] -- Build files have been written to: /home/lijiaolong/桌面/opencv-practice/alicia_ws/build/alicia_d_driver
[0.970s] Invoked command in '/home/lijiaolong/桌面/opencv-practice/alicia_ws/build/alicia_d_driver' returned '0': CMAKE_PREFIX_PATH=${CMAKE_PREFIX_PATH}:/opt/ros/jazzy DEBUGINFOD_URLS=https://debuginfod.ubuntu.com /usr/bin/cmake /home/lijiaolong/桌面/opencv-practice/alicia_ws/src/alicia_d_driver -DAMENT_CMAKE_SYMLINK_INSTALL=1 -DCMAKE_INSTALL_PREFIX=/home/lijiaolong/桌面/opencv-practice/alicia_ws/install/alicia_d_driver
[0.971s] Invoking command in '/home/lijiaolong/桌面/opencv-practice/alicia_ws/build/alicia_d_driver': CMAKE_PREFIX_PATH=${CMAKE_PREFIX_PATH}:/opt/ros/jazzy DEBUGINFOD_URLS=https://debuginfod.ubuntu.com /usr/bin/cmake --build /home/lijiaolong/桌面/opencv-practice/alicia_ws/build/alicia_d_driver -- -j24 -l24
[1.008s] [ 12%] [32mBuilding CXX object CMakeFiles/serial_communicator_lib.dir/src/serial_communicator.cpp.o[0m
[2.811s] [ 25%] [32m[1mLinking CXX shared library libserial_communicator_lib.so[0m
[2.892s] [ 25%] Built target serial_communicator_lib
[2.907s] [ 37%] [32mBuilding CXX object CMakeFiles/alicia_d_data_parser_control_lib.dir/src/alicia_d_data_parser_control.cpp.o[0m
[4.636s] [ 50%] [32m[1mLinking CXX shared library libalicia_d_data_parser_control_lib.so[0m
[4.692s] [ 50%] Built target alicia_d_data_parser_control_lib
[4.707s] [ 75%] [32mBuilding CXX object CMakeFiles/alicia_d_hardware_interface.dir/src/alicia_d_hardware_interface.cpp.o[0m
[4.707s] [ 75%] [32mBuilding CXX object CMakeFiles/alicia_d_driver_node.dir/src/alicia_d_driver_node.cpp.o[0m
[6.052s] In file included from [01m[K/home/lijiaolong/桌面/opencv-practice/alicia_ws/src/alicia_d_driver/src/alicia_d_hardware_interface.cpp:1[m[K:
[6.052s] [01m[K/home/lijiaolong/桌面/opencv-practice/alicia_ws/src/alicia_d_driver/include/alicia_d_driver/alicia_d_hardware_interface.hpp:26:58:[m[K [01;31m[Kerror: [m[Kexpected initializer before ‘[01m[K:[m[K’ token
[6.053s]    26 | class HARDWARE_INTERFACE_PUBLIC AliciaDHardwareInterface [01;31m[K:[m[K public hardware_interface::SystemInterface
[6.053s]       |                                                          [01;31m[K^[m[K
[6.053s] [01m[K/home/lijiaolong/桌面/opencv-practice/alicia_ws/src/alicia_d_driver/src/alicia_d_hardware_interface.cpp:12:16:[m[K [01;31m[Kerror: [m[K‘[01m[KAliciaDHardwareInterface[m[K’ has not been declared
[6.053s]    12 | CallbackReturn [01;31m[KAliciaDHardwareInterface[m[K::on_init(
[6.053s]       |                [01;31m[K^~~~~~~~~~~~~~~~~~~~~~~~[m[K
[6.053s] [01m[K/home/lijiaolong/桌面/opencv-practice/alicia_ws/src/alicia_d_driver/src/alicia_d_hardware_interface.cpp:[m[K In function ‘[01m[Kalicia_d_driver::CallbackReturn alicia_d_driver::[01;32m[Kon_init[m[K(const hardware_interface::HardwareInfo&)[m[K’:
[6.053s] [01m[K/home/lijiaolong/桌面/opencv-practice/alicia_ws/src/alicia_d_driver/src/alicia_d_hardware_interface.cpp:15:51:[m[K [01;31m[Kerror: [m[Kcannot call member function ‘[01m[Kvirtual rclcpp_lifecycle::node_interfaces::LifecycleNodeInterface::CallbackReturn hardware_interface::HardwareComponentInterface::[01;32m[Kon_init[m[K(const hardware_interface::HardwareInfo&)[m[K’ without object
[6.053s]    15 |   if ([01;31m[Khardware_interface::SystemInterface::on_init(info)[m[K != CallbackReturn::SUCCESS)
[6.053s]       |       [01;31m[K~~~~~~~~~~~~~~~~~~~~~~~~~~~~~~~~~~~~~~~~~~~~^~~~~~[m[K
[6.055s] [01m[K/home/lijiaolong/桌面/opencv-practice/alicia_ws/src/alicia_d_driver/src/alicia_d_hardware_interface.cpp:21:3:[m[K [01;31m[Kerror: [m[K‘[01m[Kport_[m[K’ was not declared in this scope
[6.055s]    21 |   [01;31m[Kport_[m[K = info_.hardware_parameters["port"];
[6.055s]       |   [01;31m[K^~~~~[m[K
[6.058s] [01m[K/home/lijiaolong/桌面/opencv-practice/alicia_ws/src/alicia_d_driver/src/alicia_d_hardware_interface.cpp:21:11:[m[K [01;31m[Kerror: [m[K‘[01m[Kinfo_[m[K’ was not declared in this scope; did you mean ‘[01m[Kinfo[m[K’?
[6.058s]    21 |   port_ = [01;31m[Kinfo_[m[K.hardware_parameters["port"];
[6.058s]       |           [01;31m[K^~~~~[m[K
[6.058s]       |           [32m[Kinfo[m[K
[6.061s] [01m[K/home/lijiaolong/桌面/opencv-practice/alicia_ws/src/alicia_d_driver/src/alicia_d_hardware_interface.cpp:22:3:[m[K [01;31m[Kerror: [m[K‘[01m[Kdebug_mode_[m[K’ was not declared in this scope
[6.061s]    22 |   [01;31m[Kdebug_mode_[m[K = info_.hardware_parameters.count("debug_mode") ?
[6.061s]       |   [01;31m[K^~~~~~~~~~~[m[K
[6.066s] [01m[K/home/lijiaolong/桌面/opencv-practice/alicia_ws/src/alicia_d_driver/src/alicia_d_hardware_interface.cpp:26:3:[m[K [01;31m[Kerror: [m[K‘[01m[Kgripper_type_param_[m[K’ was not declared in this scope
[6.066s]    26 |   [01;31m[Kgripper_type_param_[m[K = info_.hardware_parameters.count("gripper_type") ?
[6.066s]       |   [01;31m[K^~~~~~~~~~~~~~~~~~~[m[K
[6.070s] [01m[K/home/lijiaolong/桌面/opencv-practice/alicia_ws/src/alicia_d_driver/src/alicia_d_hardware_interface.cpp:30:3:[m[K [01;31m[Kerror: [m[K‘[01m[Kdefault_speed_deg_s_[m[K’ was not declared in this scope
[6.070s]    30 |   [01;31m[Kdefault_speed_deg_s_[m[K = info_.hardware_parameters.count("default_speed_deg_s") ?
[6.070s]       |   [01;31m[K^~~~~~~~~~~~~~~~~~~~[m[K
[6.075s] [01m[K/home/lijiaolong/桌面/opencv-practice/alicia_ws/src/alicia_d_driver/src/alicia_d_hardware_interface.cpp:36:3:[m[K [01;31m[Kerror: [m[K‘[01m[Khw_positions_state_[m[K’ was not declared in this scope
[6.075s]    36 |   [01;31m[Khw_positions_state_[m[K.resize(info_.joints.size(), 0.0);
[6.075s]       |   [01;31m[K^~~~~~~~~~~~~~~~~~~[m[K
[6.079s] [01m[K/home/lijiaolong/桌面/opencv-practice/alicia_ws/src/alicia_d_driver/src/alicia_d_hardware_interface.cpp:37:3:[m[K [01;31m[Kerror: [m[K‘[01m[Khw_positions_command_[m[K’ was not declared in this scope
[6.079s]    37 |   [01;31m[Khw_positions_command_[m[K.resize(info_.joints.size(), 0.0);
[6.079s]       |   [01;31m[K^~~~~~~~~~~~~~~~~~~~~[m[K
[6.084s] [01m[K/home/lijiaolong/桌面/opencv-practice/alicia_ws/src/alicia_d_driver/src/alicia_d_hardware_interface.cpp:38:3:[m[K [01;31m[Kerror: [m[K‘[01m[Khw_velocities_state_[m[K’ was not declared in this scope
[6.084s]    38 |   [01;31m[Khw_velocities_state_[m[K.resize(info_.joints.size(), 0.0);
[6.084s]       |   [01;31m[K^~~~~~~~~~~~~~~~~~~~[m[K
[6.089s] [01m[K/home/lijiaolong/桌面/opencv-practice/alicia_ws/src/alicia_d_driver/src/alicia_d_hardware_interface.cpp:39:3:[m[K [01;31m[Kerror: [m[K‘[01m[Khw_velocities_command_[m[K’ was not declared in this scope
[6.089s]    39 |   [01;31m[Khw_velocities_command_[m[K.resize(info_.joints.size(), 0.0);
[6.089s]       |   [01;31m[K^~~~~~~~~~~~~~~~~~~~~~[m[K
[6.092s] [01m[K/home/lijiaolong/桌面/opencv-practice/alicia_ws/src/alicia_d_driver/src/alicia_d_hardware_interface.cpp:41:3:[m[K [01;31m[Kerror: [m[K‘[01m[Klast_write_time_[m[K’ was not declared in this scope
[6.092s]    41 |   [01;31m[Klast_write_time_[m[K = rclcpp::Time(0, 0, RCL_STEADY_TIME);
[6.092s]       |   [01;31m[K^~~~~~~~~~~~~~~~[m[K
[6.096s] [01m[K/home/lijiaolong/桌面/opencv-practice/alicia_ws/src/alicia_d_driver/src/alicia_d_hardware_interface.cpp:42:3:[m[K [01;31m[Kerror: [m[K‘[01m[Kmin_write_period_[m[K’ was not declared in this scope
[6.096s]    42 |   [01;31m[Kmin_write_period_[m[K = 0.0;  // No rate limiting - send commands every cycle for real-time control
[6.096s]       |   [01;31m[K^~~~~~~~~~~~~~~~~[m[K
[6.100s] [01m[K/home/lijiaolong/桌面/opencv-practice/alicia_ws/src/alicia_d_driver/src/alicia_d_hardware_interface.cpp:45:3:[m[K [01;31m[Kerror: [m[K‘[01m[Khardware_connected_[m[K’ was not declared in this scope
[6.100s]    45 |   [01;31m[Khardware_connected_[m[K = false;
[6.100s]       |   [01;31m[K^~~~~~~~~~~~~~~~~~~[m[K
[6.101s] [01m[K/home/lijiaolong/桌面/opencv-practice/alicia_ws/src/alicia_d_driver/src/alicia_d_hardware_interface.cpp:[m[K At global scope:
[6.101s] [01m[K/home/lijiaolong/桌面/opencv-practice/alicia_ws/src/alicia_d_driver/src/alicia_d_hardware_interface.cpp:56:16:[m[K [01;31m[Kerror: [m[K‘[01m[KAliciaDHardwareInterface[m[K’ has not been declared
[6.101s]    56 | CallbackReturn [01;31m[KAliciaDHardwareInterface[m[K::on_configure(
[6.101s]       |                [01;31m[K^~~~~~~~~~~~~~~~~~~~~~~~[m[K
[6.104s] [01m[K/home/lijiaolong/桌面/opencv-practice/alicia_ws/src/alicia_d_driver/src/alicia_d_hardware_interface.cpp:[m[K In function ‘[01m[Kalicia_d_driver::CallbackReturn alicia_d_driver::[01;32m[Kon_configure[m[K(const rclcpp_lifecycle::State&)[m[K’:
[6.104s] [01m[K/home/lijiaolong/桌面/opencv-practice/alicia_ws/src/alicia_d_driver/src/alicia_d_hardware_interface.cpp:62:3:[m[K [01;31m[Kerror: [m[K‘[01m[Kcommunicator_[m[K’ was not declared in this scope
[6.104s]    62 |   [01;31m[Kcommunicator_[m[K = std::make_unique<SerialCommunicator>(port_, debug_mode_);
[6.104s]       |   [01;31m[K^~~~~~~~~~~~~[m[K
[6.106s] [01m[K/home/lijiaolong/桌面/opencv-practice/alicia_ws/src/alicia_d_driver/src/alicia_d_hardware_interface.cpp:62:56:[m[K [01;31m[Kerror: [m[K‘[01m[Kport_[m[K’ was not declared in this scope
[6.106s]    62 |   communicator_ = std::make_unique<SerialCommunicator>([01;31m[Kport_[m[K, debug_mode_);
[6.106s]       |                                                        [01;31m[K^~~~~[m[K
[6.108s] [01m[K/home/lijiaolong/桌面/opencv-practice/alicia_ws/src/alicia_d_driver/src/alicia_d_hardware_interface.cpp:62:63:[m[K [01;31m[Kerror: [m[K‘[01m[Kdebug_mode_[m[K’ was not declared in this scope
[6.109s]    62 | communicator_ = std::make_unique<SerialCommunicator>(port_, [01;31m[Kdebug_mode_[m[K);
[6.109s]       |                                                             [01;31m[K^~~~~~~~~~~[m[K
[6.109s] 
[6.113s] [01m[K/home/lijiaolong/桌面/opencv-practice/alicia_ws/src/alicia_d_driver/src/alicia_d_hardware_interface.cpp:63:3:[m[K [01;31m[Kerror: [m[K‘[01m[Kdata_parser_control_[m[K’ was not declared in this scope
[6.113s]    63 |   [01;31m[Kdata_parser_control_[m[K = std::make_unique<AliciaDDataParserControl>(
[6.113s]       |   [01;31m[K^~~~~~~~~~~~~~~~~~~~[m[K
[6.117s] [01m[K/home/lijiaolong/桌面/opencv-practice/alicia_ws/src/alicia_d_driver/src/alicia_d_hardware_interface.cpp:64:89:[m[K [01;31m[Kerror: [m[K‘[01m[Kgripper_type_param_[m[K’ was not declared in this scope
[6.117s]    64 | clcpp::get_logger("AliciaDHardwareInterface"), debug_mode_, [01;31m[Kgripper_type_param_[m[K);
[6.117s]       |                                                             [01;31m[K^~~~~~~~~~~~~~~~~~~[m[K
[6.117s] 
[6.117s] [01m[K/home/lijiaolong/桌面/opencv-practice/alicia_ws/src/alicia_d_driver/src/alicia_d_hardware_interface.cpp:[m[K At global scope:
[6.117s] [01m[K/home/lijiaolong/桌面/opencv-practice/alicia_ws/src/alicia_d_driver/src/alicia_d_hardware_interface.cpp:69:49:[m[K [01;31m[Kerror: [m[K‘[01m[KAliciaDHardwareInterface[m[K’ has not been declared
[6.117s]    69 | std::vector<hardware_interface::StateInterface> [01;31m[KAliciaDHardwareInterface[m[K::export_state_interfaces()
[6.118s]       |                                                 [01;31m[K^~~~~~~~~~~~~~~~~~~~~~~~[m[K
[6.121s] [01m[K/home/lijiaolong/桌面/opencv-practice/alicia_ws/src/alicia_d_driver/src/alicia_d_hardware_interface.cpp:[m[K In function ‘[01m[Kstd::vector<hardware_interface::StateInterface> alicia_d_driver::[01;32m[Kexport_state_interfaces[m[K()[m[K’:
[6.121s] [01m[K/home/lijiaolong/桌面/opencv-practice/alicia_ws/src/alicia_d_driver/src/alicia_d_hardware_interface.cpp:73:26:[m[K [01;31m[Kerror: [m[K‘[01m[Kinfo_[m[K’ was not declared in this scope
[6.121s]    73 |   for (size_t i = 0; i < [01;31m[Kinfo_[m[K.joints.size(); i++)
[6.121s]       |                          [01;31m[K^~~~~[m[K
[6.125s] [01m[K/home/lijiaolong/桌面/opencv-practice/alicia_ws/src/alicia_d_driver/src/alicia_d_hardware_interface.cpp:76:66:[m[K [01;31m[Kerror: [m[K‘[01m[Khw_positions_state_[m[K’ was not declared in this scope
[6.125s]    76 |  info_.joints[i].name, hardware_interface::HW_IF_POSITION, &[01;31m[Khw_positions_state_[m[K[i]));
[6.125s]       |                                                             [01;31m[K^~~~~~~~~~~~~~~~~~~[m[K
[6.125s] 
[6.129s] [01m[K/home/lijiaolong/桌面/opencv-practice/alicia_ws/src/alicia_d_driver/src/alicia_d_hardware_interface.cpp:78:66:[m[K [01;31m[Kerror: [m[K‘[01m[Khw_velocities_state_[m[K’ was not declared in this scope
[6.129s]    78 |  info_.joints[i].name, hardware_interface::HW_IF_VELOCITY, &[01;31m[Khw_velocities_state_[m[K[i]));
[6.129s]       |                                                             [01;31m[K^~~~~~~~~~~~~~~~~~~~[m[K
[6.129s] 
[6.130s] [01m[K/home/lijiaolong/桌面/opencv-practice/alicia_ws/src/alicia_d_driver/src/alicia_d_hardware_interface.cpp:[m[K At global scope:
[6.130s] [01m[K/home/lijiaolong/桌面/opencv-practice/alicia_ws/src/alicia_d_driver/src/alicia_d_hardware_interface.cpp:84:51:[m[K [01;31m[Kerror: [m[K‘[01m[KAliciaDHardwareInterface[m[K’ has not been declared
[6.130s]    84 | std::vector<hardware_interface::CommandInterface> [01;31m[KAliciaDHardwareInterface[m[K::export_command_interfaces()
[6.130s]       |                                                   [01;31m[K^~~~~~~~~~~~~~~~~~~~~~~~[m[K
[6.133s] [01m[K/home/lijiaolong/桌面/opencv-practice/alicia_ws/src/alicia_d_driver/src/alicia_d_hardware_interface.cpp:[m[K In function ‘[01m[Kstd::vector<hardware_interface::CommandInterface> alicia_d_driver::[01;32m[Kexport_command_interfaces[m[K()[m[K’:
[6.133s] [01m[K/home/lijiaolong/桌面/opencv-practice/alicia_ws/src/alicia_d_driver/src/alicia_d_hardware_interface.cpp:88:26:[m[K [01;31m[Kerror: [m[K‘[01m[Kinfo_[m[K’ was not declared in this scope
[6.133s]    88 |   for (size_t i = 0; i < [01;31m[Kinfo_[m[K.joints.size(); i++)
[6.133s]       |                          [01;31m[K^~~~~[m[K
[6.138s] [01m[K/home/lijiaolong/桌面/opencv-practice/alicia_ws/src/alicia_d_driver/src/alicia_d_hardware_interface.cpp:91:66:[m[K [01;31m[Kerror: [m[K‘[01m[Khw_positions_command_[m[K’ was not declared in this scope
[6.138s]    91 |  info_.joints[i].name, hardware_interface::HW_IF_POSITION, &[01;31m[Khw_positions_command_[m[K[i]));
[6.138s]       |                                                             [01;31m[K^~~~~~~~~~~~~~~~~~~~~[m[K
[6.138s] 
[6.143s] [01m[K/home/lijiaolong/桌面/opencv-practice/alicia_ws/src/alicia_d_driver/src/alicia_d_hardware_interface.cpp:93:66:[m[K [01;31m[Kerror: [m[K‘[01m[Khw_velocities_command_[m[K’ was not declared in this scope
[6.143s]    93 |  info_.joints[i].name, hardware_interface::HW_IF_VELOCITY, &[01;31m[Khw_velocities_command_[m[K[i]));
[6.143s]       |                                                             [01;31m[K^~~~~~~~~~~~~~~~~~~~~~[m[K
[6.143s] 
[6.143s] [01m[K/home/lijiaolong/桌面/opencv-practice/alicia_ws/src/alicia_d_driver/src/alicia_d_hardware_interface.cpp:[m[K At global scope:
[6.143s] [01m[K/home/lijiaolong/桌面/opencv-practice/alicia_ws/src/alicia_d_driver/src/alicia_d_hardware_interface.cpp:99:16:[m[K [01;31m[Kerror: [m[K‘[01m[KAliciaDHardwareInterface[m[K’ has not been declared
[6.143s]    99 | CallbackReturn [01;31m[KAliciaDHardwareInterface[m[K::on_activate(
[6.143s]       |                [01;31m[K^~~~~~~~~~~~~~~~~~~~~~~~[m[K
[6.147s] [01m[K/home/lijiaolong/桌面/opencv-practice/alicia_ws/src/alicia_d_driver/src/alicia_d_hardware_interface.cpp:[m[K In function ‘[01m[Kalicia_d_driver::CallbackReturn alicia_d_driver::[01;32m[Kon_activate[m[K(const rclcpp_lifecycle::State&)[m[K’:
[6.147s] [01m[K/home/lijiaolong/桌面/opencv-practice/alicia_ws/src/alicia_d_driver/src/alicia_d_hardware_interface.cpp:105:7:[m[K [01;31m[Kerror: [m[K‘[01m[Kcommunicator_[m[K’ was not declared in this scope
[6.147s]   105 |   if ([01;31m[Kcommunicator_[m[K->connect())
[6.147s]       |       [01;31m[K^~~~~~~~~~~~~[m[K
[6.151s] [01m[K/home/lijiaolong/桌面/opencv-practice/alicia_ws/src/alicia_d_driver/src/alicia_d_hardware_interface.cpp:107:5:[m[K [01;31m[Kerror: [m[K‘[01m[Khardware_connected_[m[K’ was not declared in this scope
[6.151s]   107 |     [01;31m[Khardware_connected_[m[K = true;
[6.151s]       |     [01;31m[K^~~~~~~~~~~~~~~~~~~[m[K
[6.155s] [01m[K/home/lijiaolong/桌面/opencv-practice/alicia_ws/src/alicia_d_driver/src/alicia_d_hardware_interface.cpp:112:5:[m[K [01;31m[Kerror: [m[K‘[01m[Kdata_parser_control_[m[K’ was not declared in this scope
[6.155s]   112 |     [01;31m[Kdata_parser_control_[m[K->start_parsing_thread();
[6.155s]       |     [01;31m[K^~~~~~~~~~~~~~~~~~~~[m[K
[6.159s] [01m[K/home/lijiaolong/桌面/opencv-practice/alicia_ws/src/alicia_d_driver/src/alicia_d_hardware_interface.cpp:128:5:[m[K [01;31m[Kerror: [m[K‘[01m[Khardware_connected_[m[K’ was not declared in this scope
[6.159s]   128 |     [01;31m[Khardware_connected_[m[K = false;
[6.159s]       |     [01;31m[K^~~~~~~~~~~~~~~~~~~[m[K
[6.164s] [01m[K/home/lijiaolong/桌面/opencv-practice/alicia_ws/src/alicia_d_driver/src/alicia_d_hardware_interface.cpp:135:3:[m[K [01;31m[Kerror: [m[K‘[01m[Khw_positions_command_[m[K’ was not declared in this scope
[6.164s]   135 |   [01;31m[Khw_positions_command_[m[K = hw_positions_state_;
[6.164s]       |   [01;31m[K^~~~~~~~~~~~~~~~~~~~~[m[K
[6.168s] [01m[K/home/lijiaolong/桌面/opencv-practice/alicia_ws/src/alicia_d_driver/src/alicia_d_hardware_interface.cpp:135:27:[m[K [01;31m[Kerror: [m[K‘[01m[Khw_positions_state_[m[K’ was not declared in this scope
[6.168s]   135 |   hw_positions_command_ = [01;31m[Khw_positions_state_[m[K;
[6.168s]       |                           [01;31m[K^~~~~~~~~~~~~~~~~~~[m[K
[6.168s] [01m[K/home/lijiaolong/桌面/opencv-practice/alicia_ws/src/alicia_d_driver/src/alicia_d_hardware_interface.cpp:[m[K At global scope:
[6.168s] [01m[K/home/lijiaolong/桌面/opencv-practice/alicia_ws/src/alicia_d_driver/src/alicia_d_hardware_interface.cpp:140:16:[m[K [01;31m[Kerror: [m[K‘[01m[KAliciaDHardwareInterface[m[K’ has not been declared
[6.168s]   140 | CallbackReturn [01;31m[KAliciaDHardwareInterface[m[K::on_deactivate(
[6.168s]       |                [01;31m[K^~~~~~~~~~~~~~~~~~~~~~~~[m[K
[6.172s] [01m[K/home/lijiaolong/桌面/opencv-practice/alicia_ws/src/alicia_d_driver/src/alicia_d_hardware_interface.cpp:[m[K In function ‘[01m[Kalicia_d_driver::CallbackReturn alicia_d_driver::[01;32m[Kon_deactivate[m[K(const rclcpp_lifecycle::State&)[m[K’:
[6.172s] [01m[K/home/lijiaolong/桌面/opencv-practice/alicia_ws/src/alicia_d_driver/src/alicia_d_hardware_interface.cpp:146:7:[m[K [01;31m[Kerror: [m[K‘[01m[Khardware_connected_[m[K’ was not declared in this scope
[6.172s]   146 |   if ([01;31m[Khardware_connected_[m[K && data_parser_control_)
[6.173s]       |       [01;31m[K^~~~~~~~~~~~~~~~~~~[m[K
[6.177s] [01m[K/home/lijiaolong/桌面/opencv-practice/alicia_ws/src/alicia_d_driver/src/alicia_d_hardware_interface.cpp:146:30:[m[K [01;31m[Kerror: [m[K‘[01m[Kdata_parser_control_[m[K’ was not declared in this scope
[6.177s]   146 |   if (hardware_connected_ && [01;31m[Kdata_parser_control_[m[K)
[6.177s]       |                              [01;31m[K^~~~~~~~~~~~~~~~~~~~[m[K
[6.181s] [01m[K/home/lijiaolong/桌面/opencv-practice/alicia_ws/src/alicia_d_driver/src/alicia_d_hardware_interface.cpp:152:7:[m[K [01;31m[Kerror: [m[K‘[01m[Khardware_connected_[m[K’ was not declared in this scope
[6.181s]   152 |   if ([01;31m[Khardware_connected_[m[K && communicator_)
[6.181s]       |       [01;31m[K^~~~~~~~~~~~~~~~~~~[m[K
[6.184s] [01m[K/home/lijiaolong/桌面/opencv-practice/alicia_ws/src/alicia_d_driver/src/alicia_d_hardware_interface.cpp:152:30:[m[K [01;31m[Kerror: [m[K‘[01m[Kcommunicator_[m[K’ was not declared in this scope
[6.184s]   152 |   if (hardware_connected_ && [01;31m[Kcommunicator_[m[K)
[6.184s]       |                              [01;31m[K^~~~~~~~~~~~~[m[K
[6.188s] [01m[K/home/lijiaolong/桌面/opencv-practice/alicia_ws/src/alicia_d_driver/src/alicia_d_hardware_interface.cpp:157:3:[m[K [01;31m[Kerror: [m[K‘[01m[Khardware_connected_[m[K’ was not declared in this scope
[6.188s]   157 |   [01;31m[Khardware_connected_[m[K = false;
[6.188s]       |   [01;31m[K^~~~~~~~~~~~~~~~~~~[m[K
[6.188s] [01m[K/home/lijiaolong/桌面/opencv-practice/alicia_ws/src/alicia_d_driver/src/alicia_d_hardware_interface.cpp:[m[K At global scope:
[6.188s] [01m[K/home/lijiaolong/桌面/opencv-practice/alicia_ws/src/alicia_d_driver/src/alicia_d_hardware_interface.cpp:162:13:[m[K [01;31m[Kerror: [m[K‘[01m[KAliciaDHardwareInterface[m[K’ has not been declared
[6.188s]   162 | return_type [01;31m[KAliciaDHardwareInterface[m[K::read(
[6.188s]       |             [01;31m[K^~~~~~~~~~~~~~~~~~~~~~~~[m[K
[6.191s] [01m[K/home/lijiaolong/桌面/opencv-practice/alicia_ws/src/alicia_d_driver/src/alicia_d_hardware_interface.cpp:[m[K In function ‘[01m[Khardware_interface::return_type alicia_d_driver::[01;32m[Kread[m[K(const rclcpp::Time&, const rclcpp::Duration&)[m[K’:
[6.191s] [01m[K/home/lijiaolong/桌面/opencv-practice/alicia_ws/src/alicia_d_driver/src/alicia_d_hardware_interface.cpp:166:8:[m[K [01;31m[Kerror: [m[K‘[01m[Khardware_connected_[m[K’ was not declared in this scope
[6.192s]   166 |   if (![01;31m[Khardware_connected_[m[K || !communicator_ || !communicator_->is_connected() || !data_parser_control_)
[6.192s]       |        [01;31m[K^~~~~~~~~~~~~~~~~~~[m[K
[6.194s] [01m[K/home/lijiaolong/桌面/opencv-practice/alicia_ws/src/alicia_d_driver/src/alicia_d_hardware_interface.cpp:166:32:[m[K [01;31m[Kerror: [m[K‘[01m[Kcommunicator_[m[K’ was not declared in this scope
[6.194s]   166 |   if (!hardware_connected_ || ![01;31m[Kcommunicator_[m[K || !communicator_->is_connected() || !data_parser_control_)
[6.194s]       |                                [01;31m[K^~~~~~~~~~~~~[m[K
[6.199s] [01m[K/home/lijiaolong/桌面/opencv-practice/alicia_ws/src/alicia_d_driver/src/alicia_d_hardware_interface.cpp:166:84:[m[K [01;31m[Kerror: [m[K‘[01m[Kdata_parser_control_[m[K’ was not declared in this scope
[6.199s]   166 | ed_ || !communicator_ || !communicator_->is_connected() || ![01;31m[Kdata_parser_control_[m[K)
[6.199s]       |                                                             [01;31m[K^~~~~~~~~~~~~~~~~~~~[m[K
[6.199s] 
[6.201s] [01m[K/home/lijiaolong/桌面/opencv-practice/alicia_ws/src/alicia_d_driver/src/alicia_d_hardware_interface.cpp:169:38:[m[K [01;31m[Kerror: [m[K‘[01m[Kdata_mutex_[m[K’ was not declared in this scope
[6.201s]   169 |     std::lock_guard<std::mutex> lock([01;31m[Kdata_mutex_[m[K);
[6.201s]       |                                      [01;31m[K^~~~~~~~~~~[m[K
[6.205s] [01m[K/home/lijiaolong/桌面/opencv-practice/alicia_ws/src/alicia_d_driver/src/alicia_d_hardware_interface.cpp:170:5:[m[K [01;31m[Kerror: [m[K‘[01m[Khw_positions_state_[m[K’ was not declared in this scope
[6.205s]   170 |     [01;31m[Khw_positions_state_[m[K = hw_positions_command_;
[6.205s]       |     [01;31m[K^~~~~~~~~~~~~~~~~~~[m[K
[6.210s] [01m[K/home/lijiaolong/桌面/opencv-practice/alicia_ws/src/alicia_d_driver/src/alicia_d_hardware_interface.cpp:170:27:[m[K [01;31m[Kerror: [m[K‘[01m[Khw_positions_command_[m[K’ was not declared in this scope
[6.210s]   170 |     hw_positions_state_ = [01;31m[Khw_positions_command_[m[K;
[6.210s]       |                           [01;31m[K^~~~~~~~~~~~~~~~~~~~~[m[K
[6.214s] [01m[K/home/lijiaolong/桌面/opencv-practice/alicia_ws/src/alicia_d_driver/src/alicia_d_hardware_interface.cpp:172:28:[m[K [01;31m[Kerror: [m[K‘[01m[Khw_velocities_state_[m[K’ was not declared in this scope
[6.214s]   172 |     for (size_t i = 0; i < [01;31m[Khw_velocities_state_[m[K.size(); ++i)
[6.214s]       |                            [01;31m[K^~~~~~~~~~~~~~~~~~~~[m[K
[6.219s] [01m[K/home/lijiaolong/桌面/opencv-practice/alicia_ws/src/alicia_d_driver/src/alicia_d_hardware_interface.cpp:174:15:[m[K [01;31m[Kerror: [m[K‘[01m[Khw_velocities_command_[m[K’ was not declared in this scope
[6.219s]   174 |       if (i < [01;31m[Khw_velocities_command_[m[K.size())
[6.219s]       |               [01;31m[K^~~~~~~~~~~~~~~~~~~~~~[m[K
[6.223s] [01m[K/home/lijiaolong/桌面/opencv-practice/alicia_ws/src/alicia_d_driver/src/alicia_d_hardware_interface.cpp:191:5:[m[K [01;31m[Kerror: [m[K‘[01m[Kdata_parser_control_[m[K’ was not declared in this scope
[6.223s]   191 |     [01;31m[Kdata_parser_control_[m[K->acquire_info("joint", false);
[6.223s]       |     [01;31m[K^~~~~~~~~~~~~~~~~~~~[m[K
[6.227s] [01m[K/home/lijiaolong/桌面/opencv-practice/alicia_ws/src/alicia_d_driver/src/alicia_d_hardware_interface.cpp:196:22:[m[K [01;31m[Kerror: [m[K‘[01m[Kdata_parser_control_[m[K’ was not declared in this scope
[6.227s]   196 |   auto joint_state = [01;31m[Kdata_parser_control_[m[K->get_joint_state();
[6.227s]       |                      [01;31m[K^~~~~~~~~~~~~~~~~~~~[m[K
[6.230s] [01m[K/home/lijiaolong/桌面/opencv-practice/alicia_ws/src/alicia_d_driver/src/alicia_d_hardware_interface.cpp:201:38:[m[K [01;31m[Kerror: [m[K‘[01m[Kdata_mutex_[m[K’ was not declared in this scope
[6.230s]   201 |     std::lock_guard<std::mutex> lock([01;31m[Kdata_mutex_[m[K);
[6.230s]       |                                      [01;31m[K^~~~~~~~~~~[m[K
[6.234s] [01m[K/home/lijiaolong/桌面/opencv-practice/alicia_ws/src/alicia_d_driver/src/alicia_d_hardware_interface.cpp:204:71:[m[K [01;31m[Kerror: [m[K‘[01m[Khw_positions_state_[m[K’ was not declared in this scope
[6.234s]   204 | ize_t i = 0; i < 6 && i < joint_state->angles.size() && i < [01;31m[Khw_positions_state_[m[K.size(); ++i)
[6.234s]       |                                                             [01;31m[K^~~~~~~~~~~~~~~~~~~[m[K
[6.234s] 
[6.238s] [01m[K/home/lijiaolong/桌面/opencv-practice/alicia_ws/src/alicia_d_driver/src/alicia_d_hardware_interface.cpp:210:9:[m[K [01;31m[Kerror: [m[K‘[01m[Khw_positions_state_[m[K’ was not declared in this scope
[6.238s]   210 |     if ([01;31m[Khw_positions_state_[m[K.size() > 6)
[6.238s]       |         [01;31m[K^~~~~~~~~~~~~~~~~~~[m[K
[6.242s] [01m[K/home/lijiaolong/桌面/opencv-practice/alicia_ws/src/alicia_d_driver/src/alicia_d_hardware_interface.cpp:219:79:[m[K [01;31m[Kerror: [m[K‘[01m[Khw_velocities_state_[m[K’ was not declared in this scope
[6.242s]   219 | i = 0; i < 6 && i < velocity_data->velocities.size() && i < [01;31m[Khw_velocities_state_[m[K.size(); ++i)
[6.242s]       |                                                             [01;31m[K^~~~~~~~~~~~~~~~~~~~[m[K
[6.242s] 
[6.246s] [01m[K/home/lijiaolong/桌面/opencv-practice/alicia_ws/src/alicia_d_driver/src/alicia_d_hardware_interface.cpp:224:11:[m[K [01;31m[Kerror: [m[K‘[01m[Khw_velocities_state_[m[K’ was not declared in this scope
[6.246s]   224 |       if ([01;31m[Khw_velocities_state_[m[K.size() > 6)
[6.246s]       |           [01;31m[K^~~~~~~~~~~~~~~~~~~~[m[K
[6.246s] [01m[K/home/lijiaolong/桌面/opencv-practice/alicia_ws/src/alicia_d_driver/src/alicia_d_hardware_interface.cpp:[m[K At global scope:
[6.246s] [01m[K/home/lijiaolong/桌面/opencv-practice/alicia_ws/src/alicia_d_driver/src/alicia_d_hardware_interface.cpp:234:13:[m[K [01;31m[Kerror: [m[K‘[01m[KAliciaDHardwareInterface[m[K’ has not been declared
[6.246s]   234 | return_type [01;31m[KAliciaDHardwareInterface[m[K::write(
[6.247s]       |             [01;31m[K^~~~~~~~~~~~~~~~~~~~~~~~[m[K
[6.250s] [01m[K/home/lijiaolong/桌面/opencv-practice/alicia_ws/src/alicia_d_driver/src/alicia_d_hardware_interface.cpp:[m[K In function ‘[01m[Khardware_interface::return_type alicia_d_driver::[01;32m[Kwrite[m[K(const rclcpp::Time&, const rclcpp::Duration&)[m[K’:
[6.250s] [01m[K/home/lijiaolong/桌面/opencv-practice/alicia_ws/src/alicia_d_driver/src/alicia_d_hardware_interface.cpp:238:8:[m[K [01;31m[Kerror: [m[K‘[01m[Khardware_connected_[m[K’ was not declared in this scope
[6.250s]   238 |   if (![01;31m[Khardware_connected_[m[K || !communicator_ || !communicator_->is_connected() || !data_parser_control_)
[6.250s]       |        [01;31m[K^~~~~~~~~~~~~~~~~~~[m[K
[6.253s] [01m[K/home/lijiaolong/桌面/opencv-practice/alicia_ws/src/alicia_d_driver/src/alicia_d_hardware_interface.cpp:238:32:[m[K [01;31m[Kerror: [m[K‘[01m[Kcommunicator_[m[K’ was not declared in this scope
[6.253s]   238 |   if (!hardware_connected_ || ![01;31m[Kcommunicator_[m[K || !communicator_->is_connected() || !data_parser_control_)
[6.253s]       |                                [01;31m[K^~~~~~~~~~~~~[m[K
[6.257s] [01m[K/home/lijiaolong/桌面/opencv-practice/alicia_ws/src/alicia_d_driver/src/alicia_d_hardware_interface.cpp:238:84:[m[K [01;31m[Kerror: [m[K‘[01m[Kdata_parser_control_[m[K’ was not declared in this scope
[6.257s]   238 | ed_ || !communicator_ || !communicator_->is_connected() || ![01;31m[Kdata_parser_control_[m[K)
[6.257s]       |                                                             [01;31m[K^~~~~~~~~~~~~~~~~~~~[m[K
[6.257s] 
[6.260s] [01m[K/home/lijiaolong/桌面/opencv-practice/alicia_ws/src/alicia_d_driver/src/alicia_d_hardware_interface.cpp:248:36:[m[K [01;31m[Kerror: [m[K‘[01m[Kdata_mutex_[m[K’ was not declared in this scope
[6.260s]   248 |   std::lock_guard<std::mutex> lock([01;31m[Kdata_mutex_[m[K);
[6.260s]       |                                    [01;31m[K^~~~~~~~~~~[m[K
[6.265s] In file included from [01m[K/opt/ros/jazzy/include/rclcpp/rclcpp/logging.hpp:24[m[K,
[6.265s]                  from [01m[K/opt/ros/jazzy/include/rclcpp/rclcpp/copy_all_parameter_values.hpp:27[m[K,
[6.265s]                  from [01m[K/opt/ros/jazzy/include/rclcpp/rclcpp/rclcpp.hpp:171[m[K,
[6.265s]                  from [01m[K/opt/ros/jazzy/include/pal_statistics/pal_statistics/pal_statistics_utils.hpp:45[m[K,
[6.265s]                  from [01m[K/opt/ros/jazzy/include/pal_statistics/pal_statistics/pal_statistics.hpp:38[m[K,
[6.265s]                  from [01m[K/opt/ros/jazzy/include/pal_statistics/pal_statistics/pal_statistics_macros.hpp:36[m[K,
[6.265s]                  from [01m[K/opt/ros/jazzy/include/hardware_interface/hardware_interface/introspection.hpp:23[m[K,
[6.265s]                  from [01m[K/opt/ros/jazzy/include/hardware_interface/hardware_interface/handle.hpp:32[m[K,
[6.265s]                  from [01m[K/home/lijiaolong/桌面/opencv-practice/alicia_ws/src/alicia_d_driver/include/alicia_d_driver/alicia_d_hardware_interface.hpp:9[m[K:
[6.265s] [01m[K/home/lijiaolong/桌面/opencv-practice/alicia_ws/src/alicia_d_driver/src/alicia_d_hardware_interface.cpp:255:75:[m[K [01;31m[Kerror: [m[K‘[01m[Kdefault_speed_deg_s_[m[K’ was not declared in this scope
[6.265s]   255 |   "Starting to send joint commands with speed: %.1f deg/s", [01;31m[Kdefault_speed_deg_s_[m[K);
[6.265s]       |                                                             [01;31m[K^~~~~~~~~~~~~~~~~~~~[m[K
[6.265s] 
[6.269s] [01m[K/home/lijiaolong/桌面/opencv-practice/alicia_ws/src/alicia_d_driver/src/alicia_d_hardware_interface.cpp:261:35:[m[K [01;31m[Kerror: [m[K‘[01m[Khw_positions_command_[m[K’ was not declared in this scope
[6.269s]   261 |   for (size_t i = 0; i < 6 && i < [01;31m[Khw_positions_command_[m[K.size(); ++i)
[6.269s]       |                                   [01;31m[K^~~~~~~~~~~~~~~~~~~~~[m[K
[6.274s] [01m[K/home/lijiaolong/桌面/opencv-practice/alicia_ws/src/alicia_d_driver/src/alicia_d_hardware_interface.cpp:268:7:[m[K [01;31m[Kerror: [m[K‘[01m[Khw_positions_command_[m[K’ was not declared in this scope
[6.274s]   268 |   if ([01;31m[Khw_positions_command_[m[K.size() > 6)
[6.274s]       |       [01;31m[K^~~~~~~~~~~~~~~~~~~~~[m[K
[6.278s] [01m[K/home/lijiaolong/桌面/opencv-practice/alicia_ws/src/alicia_d_driver/src/alicia_d_hardware_interface.cpp:270:21:[m[K [01;31m[Kerror: [m[K‘[01m[Kdata_parser_control_[m[K’ was not declared in this scope
[6.278s]   270 |     gripper_value = [01;31m[Kdata_parser_control_[m[K->gripper_position_to_value(hw_positions_command_[6]);
[6.278s]       |                     [01;31m[K^~~~~~~~~~~~~~~~~~~~[m[K
[6.282s] [01m[K/home/lijiaolong/桌面/opencv-practice/alicia_ws/src/alicia_d_driver/src/alicia_d_hardware_interface.cpp:273:24:[m[K [01;31m[Kerror: [m[K‘[01m[Kdefault_speed_deg_s_[m[K’ was not declared in this scope
[6.282s]   273 |   double speed_deg_s = [01;31m[Kdefault_speed_deg_s_[m[K;
[6.282s]       |                        [01;31m[K^~~~~~~~~~~~~~~~~~~~[m[K
[6.286s] [01m[K/home/lijiaolong/桌面/opencv-practice/alicia_ws/src/alicia_d_driver/src/alicia_d_hardware_interface.cpp:287:3:[m[K [01;31m[Kerror: [m[K‘[01m[Kdata_parser_control_[m[K’ was not declared in this scope
[6.286s]   287 |   [01;31m[Kdata_parser_control_[m[K->set_joint_and_gripper(joint_angles, gripper_value, speed_deg_s);
[6.286s]       |   [01;31m[K^~~~~~~~~~~~~~~~~~~~[m[K
[6.299s] In file included from [01m[K/opt/ros/jazzy/include/class_loader/class_loader/class_loader.hpp:56[m[K,
[6.299s]                  from [01m[K/opt/ros/jazzy/include/pluginlib/pluginlib/class_list_macros.hpp:40[m[K,
[6.299s]                  from [01m[K/home/lijiaolong/桌面/opencv-practice/alicia_ws/src/alicia_d_driver/src/alicia_d_hardware_interface.cpp:295[m[K:
[6.299s] [01m[K/home/lijiaolong/桌面/opencv-practice/alicia_ws/src/alicia_d_driver/src/alicia_d_hardware_interface.cpp:[m[K At global scope:
[6.299s] [01m[K/home/lijiaolong/桌面/opencv-practice/alicia_ws/src/alicia_d_driver/src/alicia_d_hardware_interface.cpp:296:41:[m[K [01;31m[Kerror: [m[K‘[01m[KAliciaDHardwareInterface[m[K’ in namespace ‘[01m[Kalicia_d_driver[m[K’ does not name a type
[6.299s]   296 | PLUGINLIB_EXPORT_CLASS(alicia_d_driver::[01;31m[KAliciaDHardwareInterface[m[K, hardware_interface::SystemInterface)
[6.299s]       |                                         [01;31m[K^~~~~~~~~~~~~~~~~~~~~~~~[m[K
[6.312s] [01m[K/home/lijiaolong/桌面/opencv-practice/alicia_ws/src/alicia_d_driver/src/alicia_d_hardware_interface.cpp:[m[K In constructor ‘[01m[K{anonymous}::ProxyExec0::[01;32m[KProxyExec0[m[K()[m[K’:
[6.312s] [01m[K/home/lijiaolong/桌面/opencv-practice/alicia_ws/src/alicia_d_driver/src/alicia_d_hardware_interface.cpp:296:1:[m[K [01;31m[Kerror: [m[K‘[01m[K_derived[m[K’ was not declared in this scope
[6.312s]   296 | [01;31m[KPLUGINLIB_EXPORT_CLASS[m[K(alicia_d_driver::AliciaDHardwareInterface, hardware_interface::SystemInterface)
[6.312s]       | [01;31m[K^~~~~~~~~~~~~~~~~~~~~~[m[K
[6.312s] [01m[K/home/lijiaolong/桌面/opencv-practice/alicia_ws/src/alicia_d_driver/src/alicia_d_hardware_interface.cpp:296:1:[m[K [01;31m[Kerror: [m[Kno matching function for call to ‘[01m[KregisterPlugin<<expression error>, {anonymous}::ProxyExec0::_base>(const char [42], const char [36])[m[K’
[6.312s]   296 | [01;31m[KPLUGINLIB_EXPORT_CLASS[m[K(alicia_d_driver::AliciaDHardwareInterface, hardware_interface::SystemInterface)
[6.312s]       | [01;31m[K^~~~~~~~~~~~~~~~~~~~~~[m[K
[6.313s] In file included from [01m[K/opt/ros/jazzy/include/class_loader/class_loader/class_loader.hpp:55[m[K:
[6.313s] [01m[K/opt/ros/jazzy/include/class_loader/class_loader/class_loader_core.hpp:241:1:[m[K [01;36m[Knote: [m[Kcandidate: ‘[01m[Ktemplate<class Derived, class Base> class_loader::impl::UniquePtr<class_loader::impl::AbstractMetaObjectBase> class_loader::impl::[01;32m[KregisterPlugin[m[K(const std::string&, const std::string&)[m[K’
[6.313s]   241 | [01;36m[KregisterPlugin[m[K(const std::string & class_name, const std::string & base_class_name)
[6.313s]       | [01;36m[K^~~~~~~~~~~~~~[m[K
[6.313s] [01m[K/opt/ros/jazzy/include/class_loader/class_loader/class_loader_core.hpp:241:1:[m[K [01;36m[Knote: [m[K  template argument deduction/substitution failed:
[6.313s] [01m[K/home/lijiaolong/桌面/opencv-practice/alicia_ws/src/alicia_d_driver/src/alicia_d_hardware_interface.cpp:296:1:[m[K [01;31m[Kerror: [m[Ktemplate argument 1 is invalid
[6.313s]   296 | [01;31m[KPLUGINLIB_EXPORT_CLASS[m[K(alicia_d_driver::AliciaDHardwareInterface, hardware_interface::SystemInterface)
[6.313s]       | [01;31m[K^~~~~~~~~~~~~~~~~~~~~~[m[K
[7.076s] gmake[2]: *** [CMakeFiles/alicia_d_hardware_interface.dir/build.make:76：CMakeFiles/alicia_d_hardware_interface.dir/src/alicia_d_hardware_interface.cpp.o] 错误 1
[7.077s] gmake[1]: *** [CMakeFiles/Makefile2:170：CMakeFiles/alicia_d_hardware_interface.dir/all] 错误 2
[7.077s] gmake[1]: *** 正在等待未完成的任务....
[9.773s] [ 87%] [32m[1mLinking CXX executable alicia_d_driver_node[0m
[9.988s] [ 87%] Built target alicia_d_driver_node
[9.988s] gmake: *** [Makefile:146：all] 错误 2
[9.990s] Invoked command in '/home/lijiaolong/桌面/opencv-practice/alicia_ws/build/alicia_d_driver' returned '2': CMAKE_PREFIX_PATH=${CMAKE_PREFIX_PATH}:/opt/ros/jazzy DEBUGINFOD_URLS=https://debuginfod.ubuntu.com /usr/bin/cmake --build /home/lijiaolong/桌面/opencv-practice/alicia_ws/build/alicia_d_driver -- -j24 -l24
