[0.007s] Invoking command in '/home/lijiaolong/桌面/opencv-practice/alicia_ws/build/alicia_d_driver': CMAKE_PREFIX_PATH=${CMAKE_PREFIX_PATH}:/opt/ros/jazzy DEBUGINFOD_URLS=https://debuginfod.ubuntu.com /usr/bin/cmake --build /home/lijiaolong/桌面/opencv-practice/alicia_ws/build/alicia_d_driver -- -j24 -l24
[0.050s] [ 25%] Built target serial_communicator_lib
[0.067s] [ 50%] Built target alicia_d_data_parser_control_lib
[0.086s] [ 75%] Built target alicia_d_driver_node
[0.090s] [ 87%] [32mBuilding CXX object CMakeFiles/alicia_d_hardware_interface.dir/src/alicia_d_hardware_interface.cpp.o[0m
[1.371s] [01m[K/home/lijiaolong/桌面/opencv-practice/alicia_ws/src/alicia_d_driver/src/alicia_d_hardware_interface.cpp:[m[K In member function ‘[01m[Kvirtual alicia_d_driver::CallbackReturn alicia_d_driver::AliciaDHardwareInterface::[01;32m[Kon_init[m[K(const hardware_interface::HardwareInfo&)[m[K’:
[1.371s] [01m[K/home/lijiaolong/桌面/opencv-practice/alicia_ws/src/alicia_d_driver/src/alicia_d_hardware_interface.cpp:15:51:[m[K [01;35m[Kwarning: [m[K‘[01m[Kvirtual rclcpp_lifecycle::node_interfaces::LifecycleNodeInterface::CallbackReturn hardware_interface::HardwareComponentInterface::[01;32m[Kon_init[m[K(const hardware_interface::HardwareInfo&)[m[K’ is deprecated: Use on_init(const HardwareComponentInterfaceParams & params) instead. [[01;35m[K]8;;https://gcc.gnu.org/onlinedocs/gcc/Warning-Options.html#index-Wdeprecated-declarations-Wdeprecated-declarations]8;;[m[K]
[1.371s]    15 |   if ([01;35m[Khardware_interface::SystemInterface::on_init(info)[m[K != CallbackReturn::SUCCESS)
[1.371s]       |       [01;35m[K~~~~~~~~~~~~~~~~~~~~~~~~~~~~~~~~~~~~~~~~~~~~^~~~~~[m[K
[1.372s] In file included from [01m[K/opt/ros/jazzy/include/hardware_interface/hardware_interface/system_interface.hpp:18[m[K,
[1.372s]                  from [01m[K/home/lijiaolong/桌面/opencv-practice/alicia_ws/src/alicia_d_driver/include/alicia_d_driver/alicia_d_hardware_interface.hpp:11[m[K,
[1.372s]                  from [01m[K/home/lijiaolong/桌面/opencv-practice/alicia_ws/src/alicia_d_driver/src/alicia_d_hardware_interface.cpp:1[m[K:
[1.372s] [01m[K/opt/ros/jazzy/include/hardware_interface/hardware_interface/hardware_component_interface.hpp:140:26:[m[K [01;36m[Knote: [m[Kdeclared here
[1.372s]   140 |   virtual CallbackReturn [01;36m[Kon_init[m[K(const HardwareInfo & hardware_info);
[1.372s]       |                          [01;36m[K^~~~~~~[m[K
[2.514s] [100%] [32m[1mLinking CXX shared library libalicia_d_hardware_interface.so[0m
[2.628s] [100%] Built target alicia_d_hardware_interface
[2.637s] Invoked command in '/home/lijiaolong/桌面/opencv-practice/alicia_ws/build/alicia_d_driver' returned '0': CMAKE_PREFIX_PATH=${CMAKE_PREFIX_PATH}:/opt/ros/jazzy DEBUGINFOD_URLS=https://debuginfod.ubuntu.com /usr/bin/cmake --build /home/lijiaolong/桌面/opencv-practice/alicia_ws/build/alicia_d_driver -- -j24 -l24
[2.644s] Invoking command in '/home/lijiaolong/桌面/opencv-practice/alicia_ws/build/alicia_d_driver': CMAKE_PREFIX_PATH=${CMAKE_PREFIX_PATH}:/opt/ros/jazzy DEBUGINFOD_URLS=https://debuginfod.ubuntu.com /usr/bin/cmake --install /home/lijiaolong/桌面/opencv-practice/alicia_ws/build/alicia_d_driver
[2.650s] -- Install configuration: ""
[2.650s] -- Execute custom install script
[2.651s] -- Symlinking: /home/lijiaolong/桌面/opencv-practice/alicia_ws/install/alicia_d_driver/share/alicia_d_driver//alicia_d_driver.xml
[2.656s] -- Symlinking: /home/lijiaolong/桌面/opencv-practice/alicia_ws/install/alicia_d_driver/include/alicia_d_driver/alicia_d_driver/alicia_d_data_parser_control.hpp
[2.662s] -- Symlinking: /home/lijiaolong/桌面/opencv-practice/alicia_ws/install/alicia_d_driver/include/alicia_d_driver/alicia_d_driver/alicia_d_driver_node.hpp
[2.668s] -- Symlinking: /home/lijiaolong/桌面/opencv-practice/alicia_ws/install/alicia_d_driver/include/alicia_d_driver/alicia_d_driver/alicia_d_hardware_interface.hpp
[2.673s] -- Symlinking: /home/lijiaolong/桌面/opencv-practice/alicia_ws/install/alicia_d_driver/include/alicia_d_driver/alicia_d_driver/serial_communicator.hpp
[2.678s] -- Symlinking: /home/lijiaolong/桌面/opencv-practice/alicia_ws/install/alicia_d_driver/share/alicia_d_driver/alicia_d_driver.launch.py
[2.684s] -- Up-to-date symlink: /home/lijiaolong/桌面/opencv-practice/alicia_ws/install/alicia_d_driver/share/alicia_d_driver/alicia_d_driver.xml
[2.684s] -- Symlinking: /home/lijiaolong/桌面/opencv-practice/alicia_ws/install/alicia_d_driver/lib/alicia_d_driver/alicia_d_driver_node
[2.690s] -- Symlinking: /home/lijiaolong/桌面/opencv-practice/alicia_ws/install/alicia_d_driver/share/alicia_d_driver/environment/library_path.sh
[2.695s] -- Symlinking: /home/lijiaolong/桌面/opencv-practice/alicia_ws/install/alicia_d_driver/share/alicia_d_driver/environment/library_path.dsv
[2.701s] -- Symlinking: /home/lijiaolong/桌面/opencv-practice/alicia_ws/install/alicia_d_driver/share/ament_index/resource_index/package_run_dependencies/alicia_d_driver
[2.707s] -- Symlinking: /home/lijiaolong/桌面/opencv-practice/alicia_ws/install/alicia_d_driver/share/ament_index/resource_index/parent_prefix_path/alicia_d_driver
[2.713s] -- Symlinking: /home/lijiaolong/桌面/opencv-practice/alicia_ws/install/alicia_d_driver/share/alicia_d_driver/environment/ament_prefix_path.sh
[2.718s] -- Symlinking: /home/lijiaolong/桌面/opencv-practice/alicia_ws/install/alicia_d_driver/share/alicia_d_driver/environment/ament_prefix_path.dsv
[2.724s] -- Symlinking: /home/lijiaolong/桌面/opencv-practice/alicia_ws/install/alicia_d_driver/share/alicia_d_driver/environment/path.sh
[2.730s] -- Symlinking: /home/lijiaolong/桌面/opencv-practice/alicia_ws/install/alicia_d_driver/share/alicia_d_driver/environment/path.dsv
[2.735s] -- Symlinking: /home/lijiaolong/桌面/opencv-practice/alicia_ws/install/alicia_d_driver/share/alicia_d_driver/local_setup.bash
[2.741s] -- Symlinking: /home/lijiaolong/桌面/opencv-practice/alicia_ws/install/alicia_d_driver/share/alicia_d_driver/local_setup.sh
[2.745s] -- Symlinking: /home/lijiaolong/桌面/opencv-practice/alicia_ws/install/alicia_d_driver/share/alicia_d_driver/local_setup.zsh
[2.749s] -- Symlinking: /home/lijiaolong/桌面/opencv-practice/alicia_ws/install/alicia_d_driver/share/alicia_d_driver/local_setup.dsv
[2.755s] -- Symlinking: /home/lijiaolong/桌面/opencv-practice/alicia_ws/install/alicia_d_driver/share/alicia_d_driver/package.dsv
[2.760s] -- Symlinking: /home/lijiaolong/桌面/opencv-practice/alicia_ws/install/alicia_d_driver/share/ament_index/resource_index/packages/alicia_d_driver
[2.766s] -- Symlinking: /home/lijiaolong/桌面/opencv-practice/alicia_ws/install/alicia_d_driver/share/ament_index/resource_index/hardware_interface__pluginlib__plugin/alicia_d_driver
[2.772s] -- Symlinking: /home/lijiaolong/桌面/opencv-practice/alicia_ws/install/alicia_d_driver/share/alicia_d_driver/cmake/ament_cmake_export_targets-extras.cmake
[2.777s] -- Symlinking: /home/lijiaolong/桌面/opencv-practice/alicia_ws/install/alicia_d_driver/share/alicia_d_driver/cmake/ament_cmake_export_dependencies-extras.cmake
[2.782s] -- Symlinking: /home/lijiaolong/桌面/opencv-practice/alicia_ws/install/alicia_d_driver/share/alicia_d_driver/cmake/alicia_d_driverConfig.cmake
[2.788s] -- Symlinking: /home/lijiaolong/桌面/opencv-practice/alicia_ws/install/alicia_d_driver/share/alicia_d_driver/cmake/alicia_d_driverConfig-version.cmake
[2.794s] -- Symlinking: /home/lijiaolong/桌面/opencv-practice/alicia_ws/install/alicia_d_driver/share/alicia_d_driver/package.xml
[2.799s] -- Installing: /home/lijiaolong/桌面/opencv-practice/alicia_ws/install/alicia_d_driver/lib/libalicia_d_hardware_interface.so
[2.800s] -- Set non-toolchain portion of runtime path of "/home/lijiaolong/桌面/opencv-practice/alicia_ws/install/alicia_d_driver/lib/libalicia_d_hardware_interface.so" to ""
[2.800s] -- Installing: /home/lijiaolong/桌面/opencv-practice/alicia_ws/install/alicia_d_driver/lib/libserial_communicator_lib.so
[2.800s] -- Set non-toolchain portion of runtime path of "/home/lijiaolong/桌面/opencv-practice/alicia_ws/install/alicia_d_driver/lib/libserial_communicator_lib.so" to ""
[2.800s] -- Installing: /home/lijiaolong/桌面/opencv-practice/alicia_ws/install/alicia_d_driver/lib/libalicia_d_data_parser_control_lib.so
[2.800s] -- Set non-toolchain portion of runtime path of "/home/lijiaolong/桌面/opencv-practice/alicia_ws/install/alicia_d_driver/lib/libalicia_d_data_parser_control_lib.so" to ""
[2.800s] -- Installing: /home/lijiaolong/桌面/opencv-practice/alicia_ws/install/alicia_d_driver/share/alicia_d_driver/cmake/export_alicia_d_driverExport.cmake
[2.800s] -- Installing: /home/lijiaolong/桌面/opencv-practice/alicia_ws/install/alicia_d_driver/share/alicia_d_driver/cmake/export_alicia_d_driverExport-noconfig.cmake
[2.802s] Invoked command in '/home/lijiaolong/桌面/opencv-practice/alicia_ws/build/alicia_d_driver' returned '0': CMAKE_PREFIX_PATH=${CMAKE_PREFIX_PATH}:/opt/ros/jazzy DEBUGINFOD_URLS=https://debuginfod.ubuntu.com /usr/bin/cmake --install /home/lijiaolong/桌面/opencv-practice/alicia_ws/build/alicia_d_driver
